Using pre-set license
Built from '2022.3/staging' branch; Version is '2022.3.7f1 (b16b3b16c7a0) revision 11627323'; Using compiler version '192829333'; Build Type 'Release'
OS: 'Windows 11  (10.0.26100) 64bit CoreSingleLanguage' Language: 'en' Physical Memory: 15612 MB
BatchMode: 1, IsHumanControllingUs: 0, StartBugReporterOnCrash: 0, Is64bit: 1, IsPro: 1

COMMAND LINE ARGUMENTS:
C:\Program Files\Unity\Hub\Editor\2022.3.7f1\Editor\Unity.exe
-adb2
-batchMode
-noUpm
-name
AssetImportWorker8
-projectPath
E:/Unity/3DProject
-logFile
Logs/AssetImportWorker8.log
-srvPort
64021
Successfully changed project path to: E:/Unity/3DProject
E:/Unity/3DProject
[UnityMemory] Configuration Parameters - Can be set up in boot.config
    "memorysetup-bucket-allocator-granularity=16"
    "memorysetup-bucket-allocator-bucket-count=8"
    "memorysetup-bucket-allocator-block-size=33554432"
    "memorysetup-bucket-allocator-block-count=8"
    "memorysetup-main-allocator-block-size=16777216"
    "memorysetup-thread-allocator-block-size=16777216"
    "memorysetup-gfx-main-allocator-block-size=16777216"
    "memorysetup-gfx-thread-allocator-block-size=16777216"
    "memorysetup-cache-allocator-block-size=4194304"
    "memorysetup-typetree-allocator-block-size=2097152"
    "memorysetup-profiler-bucket-allocator-granularity=16"
    "memorysetup-profiler-bucket-allocator-bucket-count=8"
    "memorysetup-profiler-bucket-allocator-block-size=33554432"
    "memorysetup-profiler-bucket-allocator-block-count=8"
    "memorysetup-profiler-allocator-block-size=16777216"
    "memorysetup-profiler-editor-allocator-block-size=1048576"
    "memorysetup-temp-allocator-size-main=16777216"
    "memorysetup-job-temp-allocator-block-size=2097152"
    "memorysetup-job-temp-allocator-block-size-background=1048576"
    "memorysetup-job-temp-allocator-reduction-small-platforms=262144"
    "memorysetup-allocator-temp-initial-block-size-main=262144"
    "memorysetup-allocator-temp-initial-block-size-worker=262144"
    "memorysetup-temp-allocator-size-background-worker=32768"
    "memorysetup-temp-allocator-size-job-worker=262144"
    "memorysetup-temp-allocator-size-preload-manager=33554432"
    "memorysetup-temp-allocator-size-nav-mesh-worker=65536"
    "memorysetup-temp-allocator-size-audio-worker=65536"
    "memorysetup-temp-allocator-size-cloud-worker=32768"
    "memorysetup-temp-allocator-size-gi-baking-worker=262144"
    "memorysetup-temp-allocator-size-gfx=262144"
Player connection [11740] Host "[IP] 172.31.99.246 [Port] 0 [Flags] 2 [Guid] 1695923470 [EditorId] 1695923470 [Version] 1048832 [Id] WindowsEditor(7,NgiaDiep) [Debug] 1 [PackageName] WindowsEditor [ProjectName] Editor" joined multi-casting on [225.0.0.222:54997]...

Player connection [11740] Host "[IP] 172.31.99.246 [Port] 0 [Flags] 2 [Guid] 1695923470 [EditorId] 1695923470 [Version] 1048832 [Id] WindowsEditor(7,NgiaDiep) [Debug] 1 [PackageName] WindowsEditor [ProjectName] Editor" joined alternative multi-casting on [225.0.0.222:34997]...

Refreshing native plugins compatible for Editor in 8.78 ms, found 3 plugins.
Preloading 0 native plugins for Editor in 0.00 ms.
Initialize engine version: 2022.3.7f1 (b16b3b16c7a0)
[Subsystems] Discovering subsystems at path C:/Program Files/Unity/Hub/Editor/2022.3.7f1/Editor/Data/Resources/UnitySubsystems
[Subsystems] Discovering subsystems at path E:/Unity/3DProject/Assets
GfxDevice: creating device client; threaded=0; jobified=0
Direct3D:
    Version:  Direct3D 11.0 [level 11.1]
    Renderer: NVIDIA GeForce RTX 3050 Laptop GPU (ID=0x25a2)
    Vendor:   NVIDIA
    VRAM:     3964 MB
    Driver:   32.0.15.6590
Initialize mono
Mono path[0] = 'C:/Program Files/Unity/Hub/Editor/2022.3.7f1/Editor/Data/Managed'
Mono path[1] = 'C:/Program Files/Unity/Hub/Editor/2022.3.7f1/Editor/Data/MonoBleedingEdge/lib/mono/unityjit-win32'
Mono config path = 'C:/Program Files/Unity/Hub/Editor/2022.3.7f1/Editor/Data/MonoBleedingEdge/etc'
Using monoOptions --debugger-agent=transport=dt_socket,embedding=1,server=y,suspend=n,address=127.0.0.1:56040
Begin MonoManager ReloadAssembly
Registering precompiled unity dll's ...
Register platform support module: C:/Program Files/Unity/Hub/Editor/2022.3.7f1/Editor/Data/PlaybackEngines/WebGLSupport/UnityEditor.WebGL.Extensions.dll
Register platform support module: C:/Program Files/Unity/Hub/Editor/2022.3.7f1/Editor/Data/PlaybackEngines/WindowsStandaloneSupport/UnityEditor.WindowsStandalone.Extensions.dll
Registered in 0.011902 seconds.
- Loaded All Assemblies, in  0.577 seconds
Native extension for WindowsStandalone target not found
Native extension for WebGL target not found
Mono: successfully reloaded assembly
- Finished resetting the current domain, in  0.440 seconds
Domain Reload Profiling: 1015ms
	BeginReloadAssembly (183ms)
		ExecutionOrderSort (0ms)
		DisableScriptedObjects (0ms)
		BackupInstance (0ms)
		ReleaseScriptingObjects (0ms)
		CreateAndSetChildDomain (1ms)
	RebuildCommonClasses (56ms)
	RebuildNativeTypeToScriptingClass (15ms)
	initialDomainReloadingComplete (87ms)
	LoadAllAssembliesAndSetupDomain (234ms)
		LoadAssemblies (178ms)
		RebuildTransferFunctionScriptingTraits (0ms)
		AnalyzeDomain (231ms)
			TypeCache.Refresh (228ms)
				TypeCache.ScanAssembly (208ms)
			ScanForSourceGeneratedMonoScriptInfo (1ms)
			ResolveRequiredComponents (1ms)
	FinalizeReload (441ms)
		ReleaseScriptCaches (0ms)
		RebuildScriptCaches (0ms)
		SetupLoadedEditorAssemblies (334ms)
			LogAssemblyErrors (0ms)
			InitializePlatformSupportModulesInManaged (27ms)
			SetLoadedEditorAssemblies (11ms)
			RefreshPlugins (0ms)
			BeforeProcessingInitializeOnLoad (5ms)
			ProcessInitializeOnLoadAttributes (211ms)
			ProcessInitializeOnLoadMethodAttributes (81ms)
			AfterProcessingInitializeOnLoad (0ms)
			EditorAssembliesLoaded (0ms)
		ExecutionOrderSort2 (0ms)
		AwakeInstancesAfterBackupRestoration (0ms)
========================================================================
Worker process is ready to serve import requests
Begin MonoManager ReloadAssembly
Symbol file LoadedFromMemory doesn't match image E:\Unity\3DProject\Library\PackageCache\com.unity.visualscripting@1.8.0\Editor\VisualScripting.Core\Dependencies\YamlDotNet\Unity.VisualScripting.YamlDotNet.dll
Symbol file LoadedFromMemory doesn't match image E:\Unity\3DProject\Library\PackageCache\com.unity.visualscripting@1.8.0\Editor\VisualScripting.Core\Dependencies\DotNetZip\Unity.VisualScripting.IonicZip.dll
- Loaded All Assemblies, in  0.933 seconds
Refreshing native plugins compatible for Editor in 3.67 ms, found 3 plugins.
Native extension for WindowsStandalone target not found
Native extension for WebGL target not found
Mono: successfully reloaded assembly
- Finished resetting the current domain, in  0.897 seconds
Domain Reload Profiling: 1829ms
	BeginReloadAssembly (226ms)
		ExecutionOrderSort (0ms)
		DisableScriptedObjects (8ms)
		BackupInstance (0ms)
		ReleaseScriptingObjects (0ms)
		CreateAndSetChildDomain (39ms)
	RebuildCommonClasses (48ms)
	RebuildNativeTypeToScriptingClass (16ms)
	initialDomainReloadingComplete (63ms)
	LoadAllAssembliesAndSetupDomain (578ms)
		LoadAssemblies (423ms)
		RebuildTransferFunctionScriptingTraits (0ms)
		AnalyzeDomain (278ms)
			TypeCache.Refresh (241ms)
				TypeCache.ScanAssembly (220ms)
			ScanForSourceGeneratedMonoScriptInfo (24ms)
			ResolveRequiredComponents (8ms)
	FinalizeReload (898ms)
		ReleaseScriptCaches (0ms)
		RebuildScriptCaches (0ms)
		SetupLoadedEditorAssemblies (657ms)
			LogAssemblyErrors (0ms)
			InitializePlatformSupportModulesInManaged (11ms)
			SetLoadedEditorAssemblies (4ms)
			RefreshPlugins (0ms)
			BeforeProcessingInitializeOnLoad (88ms)
			ProcessInitializeOnLoadAttributes (511ms)
			ProcessInitializeOnLoadMethodAttributes (33ms)
			AfterProcessingInitializeOnLoad (9ms)
			EditorAssembliesLoaded (0ms)
		ExecutionOrderSort2 (0ms)
		AwakeInstancesAfterBackupRestoration (13ms)
Launched and connected shader compiler UnityShaderCompiler.exe after 0.07 seconds
Refreshing native plugins compatible for Editor in 4.31 ms, found 3 plugins.
Preloading 0 native plugins for Editor in 0.00 ms.
Unloading 3136 Unused Serialized files (Serialized files now loaded: 0)
Unloading 29 unused Assets / (56.7 KB). Loaded Objects now: 3604.
Memory consumption went from 129.0 MB to 128.9 MB.
Total: 5.748400 ms (FindLiveObjects: 0.479600 ms CreateObjectMapping: 0.213100 ms MarkObjects: 4.833000 ms  DeleteObjects: 0.220800 ms)

AssetImportParameters requested are different than current active one (requested -> active):
  custom:container-demuxer-ogg: 62fdf1f143b41e24485cea50d1cbac27 -> 
  custom:video-codec-MediaFoundation-h265: 746d11721c4dcdbdad8f713fa42b33f4 -> 
  custom:video-decoder-ogg-theora: a1e56fd34408186e4bbccfd4996cb3dc -> 
  custom:framework-win-MediaFoundation: 216162199b28c13a410421893ffa2e32 -> 
  custom:CustomObjectIndexerAttribute: 756ad292c208cfabdd7b50bc23989ffe -> 
  custom:container-demuxer-webm: 4f35f7cbe854078d1ac9338744f61a02 -> 
  custom:container-muxer-webm: aa71ff27fc2769a1b78a27578f13a17b -> 
  custom:video-decoder-webm-vp8: 9c59270c3fd7afecdb556c50c9e8de78 -> 
  custom:SearchIndexIgnoredProperties: e643bd26f0fe6173181afceb89e7c659 -> 
  custom:AudioImporter_EditorPlatform: d09bf68614088b80899f8185d706f6e7 -> 
  custom:video-encoder-webm-vp8: eb34c28f22e8b96e1ab97ce403110664 -> 
  custom:audio-decoder-ogg-vorbis: bf7c407c2cedff20999df2af8eb42d56 -> 
  custom:audio-encoder-webm-vorbis: bf7c407c2cedff20999df2af8eb42d56 -> 
========================================================================
Received Import Request.
  Time since last request: 1391307.117239 seconds.
  path: Assets/Package/UI/PNG/Extra/Double
  artifactKey: Guid(3fe85cee6336ad6409dcf30b7a0d6453) Importer(815301076,1909f56bfc062723c751e8b465ee728b)
Start importing Assets/Package/UI/PNG/Extra/Double using Guid(3fe85cee6336ad6409dcf30b7a0d6453) Importer(815301076,1909f56bfc062723c751e8b465ee728b)  -> (artifact id: '8ddc41a3778a82fadeb32ef26b4e6404') in 0.006146 seconds
Number of updated asset objects reloaded before import = 0
Number of asset objects unloaded after import = 0
========================================================================
Received Import Request.
  Time since last request: 0.050980 seconds.
  path: Assets/Package/UI/PNG/Extra/Double/button_rectangle_depth_line.png
  artifactKey: Guid(4f2e69b7ea626b34b8dfc11f5723facb) Importer(815301076,1909f56bfc062723c751e8b465ee728b)
Start importing Assets/Package/UI/PNG/Extra/Double/button_rectangle_depth_line.png using Guid(4f2e69b7ea626b34b8dfc11f5723facb) Importer(815301076,1909f56bfc062723c751e8b465ee728b)  -> (artifact id: 'bea422dadbd3d7390de63c8bc537bec0') in 0.110910 seconds
Number of updated asset objects reloaded before import = 0
Number of asset objects unloaded after import = 2
========================================================================
Received Import Request.
  Time since last request: 0.003856 seconds.
  path: Assets/Package/UI/PNG/Extra/Double/divider_edges.png
  artifactKey: Guid(2f9924b1677459a418ff381fa9f78144) Importer(815301076,1909f56bfc062723c751e8b465ee728b)
Start importing Assets/Package/UI/PNG/Extra/Double/divider_edges.png using Guid(2f9924b1677459a418ff381fa9f78144) Importer(815301076,1909f56bfc062723c751e8b465ee728b)  -> (artifact id: 'bb4d4e977b9239220db9bfedfcd002ec') in 0.034985 seconds
Number of updated asset objects reloaded before import = 0
Number of asset objects unloaded after import = 2
========================================================================
Received Import Request.
  Time since last request: 0.000032 seconds.
  path: Assets/Package/UI/PNG/Extra/Double/icon_arrow_down_dark.png
  artifactKey: Guid(899fb09efb5f9394c8d3ce349ae4669f) Importer(815301076,1909f56bfc062723c751e8b465ee728b)
Start importing Assets/Package/UI/PNG/Extra/Double/icon_arrow_down_dark.png using Guid(899fb09efb5f9394c8d3ce349ae4669f) Importer(815301076,1909f56bfc062723c751e8b465ee728b)  -> (artifact id: 'c7e9e1710646a2e6b653a17ad9c346f3') in 0.026973 seconds
Number of updated asset objects reloaded before import = 0
Number of asset objects unloaded after import = 2
========================================================================
Received Import Request.
  Time since last request: 0.000028 seconds.
  path: Assets/Package/UI/PNG/Extra/Double/icon_arrow_up_dark.png
  artifactKey: Guid(6e0a189a5cd9b6b45b2a8adace7e807f) Importer(815301076,1909f56bfc062723c751e8b465ee728b)
Start importing Assets/Package/UI/PNG/Extra/Double/icon_arrow_up_dark.png using Guid(6e0a189a5cd9b6b45b2a8adace7e807f) Importer(815301076,1909f56bfc062723c751e8b465ee728b)  -> (artifact id: '53b671d1c391a490875d74b62b19391d') in 0.015009 seconds
Number of updated asset objects reloaded before import = 0
Number of asset objects unloaded after import = 2
========================================================================
Received Import Request.
  Time since last request: 0.000022 seconds.
  path: Assets/Package/UI/PNG/Extra/Double/icon_arrow_down_light.png
  artifactKey: Guid(cc511940a22c53147bc300cc4f8ce1c4) Importer(815301076,1909f56bfc062723c751e8b465ee728b)
Start importing Assets/Package/UI/PNG/Extra/Double/icon_arrow_down_light.png using Guid(cc511940a22c53147bc300cc4f8ce1c4) Importer(815301076,1909f56bfc062723c751e8b465ee728b)  -> (artifact id: '25e6c1d21965b09afe94b167e23b3421') in 0.022257 seconds
Number of updated asset objects reloaded before import = 0
Number of asset objects unloaded after import = 2
========================================================================
Received Import Request.
  Time since last request: 0.000023 seconds.
  path: Assets/Package/UI/PNG/Extra/Double/icon_arrow_up_outline.png
  artifactKey: Guid(42c448aea1d829a47820df31fa4c6f2e) Importer(815301076,1909f56bfc062723c751e8b465ee728b)
Start importing Assets/Package/UI/PNG/Extra/Double/icon_arrow_up_outline.png using Guid(42c448aea1d829a47820df31fa4c6f2e) Importer(815301076,1909f56bfc062723c751e8b465ee728b)  -> (artifact id: '9b1b0659f065e7917f5981c13a926ed5') in 0.024085 seconds
Number of updated asset objects reloaded before import = 0
Number of asset objects unloaded after import = 2
========================================================================
Received Import Request.
  Time since last request: 0.000027 seconds.
  path: Assets/Package/UI/PNG/Extra/Double/divider.png
  artifactKey: Guid(d95406d5cdcb09d45b3b83c86623f2d6) Importer(815301076,1909f56bfc062723c751e8b465ee728b)
Start importing Assets/Package/UI/PNG/Extra/Double/divider.png using Guid(d95406d5cdcb09d45b3b83c86623f2d6) Importer(815301076,1909f56bfc062723c751e8b465ee728b)  -> (artifact id: 'f48e07ef5d4f93efcb109c90e634a2d9') in 0.023725 seconds
Number of updated asset objects reloaded before import = 0
Number of asset objects unloaded after import = 2
========================================================================
Received Import Request.
  Time since last request: 0.000024 seconds.
  path: Assets/Package/UI/PNG/Extra/Double/button_round_depth_line.png
  artifactKey: Guid(1c64c21564ee3a947aeb3a03fe45d2f8) Importer(815301076,1909f56bfc062723c751e8b465ee728b)
Start importing Assets/Package/UI/PNG/Extra/Double/button_round_depth_line.png using Guid(1c64c21564ee3a947aeb3a03fe45d2f8) Importer(815301076,1909f56bfc062723c751e8b465ee728b)  -> (artifact id: '7d25a63076b2e609500f6edddb943d2e') in 0.026301 seconds
Number of updated asset objects reloaded before import = 0
Number of asset objects unloaded after import = 2
========================================================================
Received Import Request.
  Time since last request: 0.000103 seconds.
  path: Assets/Package/UI/PNG/Extra/Double/input_outline_rectangle.png
  artifactKey: Guid(b05ea395c25f2694196b3328dfecdfe2) Importer(815301076,1909f56bfc062723c751e8b465ee728b)
Start importing Assets/Package/UI/PNG/Extra/Double/input_outline_rectangle.png using Guid(b05ea395c25f2694196b3328dfecdfe2) Importer(815301076,1909f56bfc062723c751e8b465ee728b)  -> (artifact id: 'b85f2e64ff1d7fe3cb1fc3fa68f8a753') in 0.033695 seconds
Number of updated asset objects reloaded before import = 0
Number of asset objects unloaded after import = 2
========================================================================
Received Import Request.
  Time since last request: 0.000921 seconds.
  path: Assets/Package/UI/PNG/Extra/Double/input_square.png
  artifactKey: Guid(776d2f847841200449af01448440000b) Importer(815301076,1909f56bfc062723c751e8b465ee728b)
Start importing Assets/Package/UI/PNG/Extra/Double/input_square.png using Guid(776d2f847841200449af01448440000b) Importer(815301076,1909f56bfc062723c751e8b465ee728b)  -> (artifact id: '7cab75e78b3d9cb829f5aab084533179') in 0.034345 seconds
Number of updated asset objects reloaded before import = 0
Number of asset objects unloaded after import = 2
========================================================================
Received Import Request.
  Time since last request: 0.000030 seconds.
  path: Assets/Package/UI/PNG/Extra/Double/icon_play_outline.png
  artifactKey: Guid(a94ac8161a77d2641984d660a41bc555) Importer(815301076,1909f56bfc062723c751e8b465ee728b)
Start importing Assets/Package/UI/PNG/Extra/Double/icon_play_outline.png using Guid(a94ac8161a77d2641984d660a41bc555) Importer(815301076,1909f56bfc062723c751e8b465ee728b)  -> (artifact id: '1bc2f7483f9a4f233a82c19f5fe2cf35') in 0.031010 seconds
Number of updated asset objects reloaded before import = 0
Number of asset objects unloaded after import = 2
========================================================================
Received Import Request.
  Time since last request: 0.000026 seconds.
  path: Assets/Package/UI/PNG/Extra/Double/icon_repeat_outline.png
  artifactKey: Guid(bad73c474a07b0946adae685c2ba4ae1) Importer(815301076,1909f56bfc062723c751e8b465ee728b)
Start importing Assets/Package/UI/PNG/Extra/Double/icon_repeat_outline.png using Guid(bad73c474a07b0946adae685c2ba4ae1) Importer(815301076,1909f56bfc062723c751e8b465ee728b)  -> (artifact id: 'd1eb8da8521d8a765bed1bc882b90885') in 0.031365 seconds
Number of updated asset objects reloaded before import = 0
Number of asset objects unloaded after import = 2
========================================================================
Received Import Request.
  Time since last request: 0.000025 seconds.
  path: Assets/Package/UI/PNG/Extra/Double/input_rectangle.png
  artifactKey: Guid(41818fcb262434649b12eafe17b376be) Importer(815301076,1909f56bfc062723c751e8b465ee728b)
Start importing Assets/Package/UI/PNG/Extra/Double/input_rectangle.png using Guid(41818fcb262434649b12eafe17b376be) Importer(815301076,1909f56bfc062723c751e8b465ee728b)  -> (artifact id: 'bfe02183b6f2ded045aec43aaf26d88b') in 0.025373 seconds
Number of updated asset objects reloaded before import = 0
Number of asset objects unloaded after import = 2
========================================================================
Received Import Request.
  Time since last request: 3.448899 seconds.
  path: Assets/Package/UI/PNG/Green/Default/arrow_basic_w_small.png
  artifactKey: Guid(d48fdbafd7dbcbd4280891c92463898b) Importer(815301076,1909f56bfc062723c751e8b465ee728b)
Start importing Assets/Package/UI/PNG/Green/Default/arrow_basic_w_small.png using Guid(d48fdbafd7dbcbd4280891c92463898b) Importer(815301076,1909f56bfc062723c751e8b465ee728b)  -> (artifact id: '30dcfc123fab9d91d2e88c89779524d5') in 0.029232 seconds
Number of updated asset objects reloaded before import = 0
Number of asset objects unloaded after import = 2
========================================================================
Received Import Request.
  Time since last request: 0.000196 seconds.
  path: Assets/Package/UI/PNG/Green/Default/arrow_decorative_e_small.png
  artifactKey: Guid(940cba9f5f38e464cafdfd848f6b0d21) Importer(815301076,1909f56bfc062723c751e8b465ee728b)
Start importing Assets/Package/UI/PNG/Green/Default/arrow_decorative_e_small.png using Guid(940cba9f5f38e464cafdfd848f6b0d21) Importer(815301076,1909f56bfc062723c751e8b465ee728b)  -> (artifact id: '8adedb11ac2d2b5ded279cbe08a97e8a') in 0.028834 seconds
Number of updated asset objects reloaded before import = 0
Number of asset objects unloaded after import = 2
========================================================================
Received Import Request.
  Time since last request: 0.000037 seconds.
  path: Assets/Package/UI/PNG/Green/Default/arrow_decorative_n_small.png
  artifactKey: Guid(c42aa89d809c4614eb2766d5141109e6) Importer(815301076,1909f56bfc062723c751e8b465ee728b)
Start importing Assets/Package/UI/PNG/Green/Default/arrow_decorative_n_small.png using Guid(c42aa89d809c4614eb2766d5141109e6) Importer(815301076,1909f56bfc062723c751e8b465ee728b)  -> (artifact id: '78b9f25f70f4072536a3fdc7ef597608') in 0.035800 seconds
Number of updated asset objects reloaded before import = 0
Number of asset objects unloaded after import = 2
========================================================================
Received Import Request.
  Time since last request: 0.000033 seconds.
  path: Assets/Package/UI/PNG/Green/Default/arrow_decorative_s.png
  artifactKey: Guid(c4323982a6558094a93a6245199a118d) Importer(815301076,1909f56bfc062723c751e8b465ee728b)
Start importing Assets/Package/UI/PNG/Green/Default/arrow_decorative_s.png using Guid(c4323982a6558094a93a6245199a118d) Importer(815301076,1909f56bfc062723c751e8b465ee728b)  -> (artifact id: '9256db7c707ec106c4e6499e7c0a1363') in 0.032741 seconds
Number of updated asset objects reloaded before import = 0
Number of asset objects unloaded after import = 2
========================================================================
Received Import Request.
  Time since last request: 0.000073 seconds.
  path: Assets/Package/UI/PNG/Green/Default/button_rectangle_depth_border.png
  artifactKey: Guid(0b7e45a7858352d4baad11e0edfa705a) Importer(815301076,1909f56bfc062723c751e8b465ee728b)
Start importing Assets/Package/UI/PNG/Green/Default/button_rectangle_depth_border.png using Guid(0b7e45a7858352d4baad11e0edfa705a) Importer(815301076,1909f56bfc062723c751e8b465ee728b)  -> (artifact id: 'f86c9018946dbd2538e79bd88566e076') in 0.030780 seconds
Number of updated asset objects reloaded before import = 0
Number of asset objects unloaded after import = 2
========================================================================
Received Import Request.
  Time since last request: 0.000031 seconds.
  path: Assets/Package/UI/PNG/Green/Default/button_rectangle_depth_gloss.png
  artifactKey: Guid(7efb008df3dfe8f4581f077572c7132a) Importer(815301076,1909f56bfc062723c751e8b465ee728b)
Start importing Assets/Package/UI/PNG/Green/Default/button_rectangle_depth_gloss.png using Guid(7efb008df3dfe8f4581f077572c7132a) Importer(815301076,1909f56bfc062723c751e8b465ee728b)  -> (artifact id: '509715d1b1837c51f09043b2741f67a7') in 0.026213 seconds
Number of updated asset objects reloaded before import = 0
Number of asset objects unloaded after import = 2
========================================================================
Received Import Request.
  Time since last request: 0.000028 seconds.
  path: Assets/Package/UI/PNG/Green/Default/button_rectangle_depth_line.png
  artifactKey: Guid(921d57d5a97158148bef89dbdadddba4) Importer(815301076,1909f56bfc062723c751e8b465ee728b)
Start importing Assets/Package/UI/PNG/Green/Default/button_rectangle_depth_line.png using Guid(921d57d5a97158148bef89dbdadddba4) Importer(815301076,1909f56bfc062723c751e8b465ee728b)  -> (artifact id: '83f57156ba57bcc03fbc16c5a9eb5b3a') in 0.029650 seconds
Number of updated asset objects reloaded before import = 0
Number of asset objects unloaded after import = 2
========================================================================
Received Import Request.
  Time since last request: 0.000029 seconds.
  path: Assets/Package/UI/PNG/Green/Default/button_rectangle_gloss.png
  artifactKey: Guid(81b9c7c65e59e3b4baf9c244c57d890a) Importer(815301076,1909f56bfc062723c751e8b465ee728b)
Start importing Assets/Package/UI/PNG/Green/Default/button_rectangle_gloss.png using Guid(81b9c7c65e59e3b4baf9c244c57d890a) Importer(815301076,1909f56bfc062723c751e8b465ee728b)  -> (artifact id: '932ff2ea0f1c3c83e1e7cfe8f5610a05') in 0.030648 seconds
Number of updated asset objects reloaded before import = 0
Number of asset objects unloaded after import = 2
========================================================================
Received Import Request.
  Time since last request: 0.000030 seconds.
  path: Assets/Package/UI/PNG/Green/Default/button_round_depth_border.png
  artifactKey: Guid(183fd6e0228bb534ab12dbec50f56bc7) Importer(815301076,1909f56bfc062723c751e8b465ee728b)
Start importing Assets/Package/UI/PNG/Green/Default/button_round_depth_border.png using Guid(183fd6e0228bb534ab12dbec50f56bc7) Importer(815301076,1909f56bfc062723c751e8b465ee728b)  -> (artifact id: 'aeae85b2322713ee7a65010b60574b30') in 0.033858 seconds
Number of updated asset objects reloaded before import = 0
Number of asset objects unloaded after import = 2
========================================================================
Received Import Request.
  Time since last request: 0.000023 seconds.
  path: Assets/Package/UI/PNG/Green/Default/button_round_depth_gloss.png
  artifactKey: Guid(4f2c8beb8ea6aa24999fab2638084f4e) Importer(815301076,1909f56bfc062723c751e8b465ee728b)
Start importing Assets/Package/UI/PNG/Green/Default/button_round_depth_gloss.png using Guid(4f2c8beb8ea6aa24999fab2638084f4e) Importer(815301076,1909f56bfc062723c751e8b465ee728b)  -> (artifact id: '53107605cd09c253eae50c2677c2a53a') in 0.029303 seconds
Number of updated asset objects reloaded before import = 0
Number of asset objects unloaded after import = 2
========================================================================
Received Import Request.
  Time since last request: 0.000027 seconds.
  path: Assets/Package/UI/PNG/Green/Default/button_round_depth_line.png
  artifactKey: Guid(d3630576bb51ec54685a8398e5a96e89) Importer(815301076,1909f56bfc062723c751e8b465ee728b)
Start importing Assets/Package/UI/PNG/Green/Default/button_round_depth_line.png using Guid(d3630576bb51ec54685a8398e5a96e89) Importer(815301076,1909f56bfc062723c751e8b465ee728b)  -> (artifact id: '729bf74728cac9e58ba8d96a62805a14') in 0.028992 seconds
Number of updated asset objects reloaded before import = 0
Number of asset objects unloaded after import = 2
========================================================================
Received Import Request.
  Time since last request: 0.000035 seconds.
  path: Assets/Package/UI/PNG/Green/Default/button_round_line.png
  artifactKey: Guid(f0b6a0fbce2aee447a197e207b8b48cb) Importer(815301076,1909f56bfc062723c751e8b465ee728b)
Start importing Assets/Package/UI/PNG/Green/Default/button_round_line.png using Guid(f0b6a0fbce2aee447a197e207b8b48cb) Importer(815301076,1909f56bfc062723c751e8b465ee728b)  -> (artifact id: '46926958379b8857f4f76b08e9ab4bb9') in 0.037525 seconds
Number of updated asset objects reloaded before import = 0
Number of asset objects unloaded after import = 2
========================================================================
Received Import Request.
  Time since last request: 0.000189 seconds.
  path: Assets/Package/UI/PNG/Green/Default/arrow_decorative_w.png
  artifactKey: Guid(3bb1224f553aae342a5375c147e44fa4) Importer(815301076,1909f56bfc062723c751e8b465ee728b)
Start importing Assets/Package/UI/PNG/Green/Default/arrow_decorative_w.png using Guid(3bb1224f553aae342a5375c147e44fa4) Importer(815301076,1909f56bfc062723c751e8b465ee728b)  -> (artifact id: '64cec494e3b864ad07913eeea99b43eb') in 0.038903 seconds
Number of updated asset objects reloaded before import = 0
Number of asset objects unloaded after import = 2
========================================================================
Received Import Request.
  Time since last request: 0.000032 seconds.
  path: Assets/Package/UI/PNG/Green/Default/button_round_gradient.png
  artifactKey: Guid(79a06b0a3daae5141b36b8f31b68cb48) Importer(815301076,1909f56bfc062723c751e8b465ee728b)
Start importing Assets/Package/UI/PNG/Green/Default/button_round_gradient.png using Guid(79a06b0a3daae5141b36b8f31b68cb48) Importer(815301076,1909f56bfc062723c751e8b465ee728b)  -> (artifact id: '0d2a9755456f7a040bf399039f5bf694') in 0.030402 seconds
Number of updated asset objects reloaded before import = 0
Number of asset objects unloaded after import = 2
========================================================================
Received Import Request.
  Time since last request: 0.638931 seconds.
  path: Assets/Package/UI/PNG/Green/Default/button_square_border.png
  artifactKey: Guid(38214bf44514e1847bd264528bfa4186) Importer(815301076,1909f56bfc062723c751e8b465ee728b)
Start importing Assets/Package/UI/PNG/Green/Default/button_square_border.png using Guid(38214bf44514e1847bd264528bfa4186) Importer(815301076,1909f56bfc062723c751e8b465ee728b)  -> (artifact id: '476dae59e589c1a6e359970acaaed6fa') in 0.029048 seconds
Number of updated asset objects reloaded before import = 0
Number of asset objects unloaded after import = 2
========================================================================
Received Import Request.
  Time since last request: 0.000030 seconds.
  path: Assets/Package/UI/PNG/Green/Default/button_square_depth_flat.png
  artifactKey: Guid(e541a80eb6899f64e8be84771cbf099d) Importer(815301076,1909f56bfc062723c751e8b465ee728b)
Start importing Assets/Package/UI/PNG/Green/Default/button_square_depth_flat.png using Guid(e541a80eb6899f64e8be84771cbf099d) Importer(815301076,1909f56bfc062723c751e8b465ee728b)  -> (artifact id: '53b2ba9687bff9d63a5238661e5d5e59') in 0.027453 seconds
Number of updated asset objects reloaded before import = 0
Number of asset objects unloaded after import = 2
========================================================================
Received Import Request.
  Time since last request: 0.000052 seconds.
  path: Assets/Package/UI/PNG/Green/Default/button_square_depth_gradient.png
  artifactKey: Guid(6e59414cad3cbaa4cb2fec86956245f6) Importer(815301076,1909f56bfc062723c751e8b465ee728b)
Start importing Assets/Package/UI/PNG/Green/Default/button_square_depth_gradient.png using Guid(6e59414cad3cbaa4cb2fec86956245f6) Importer(815301076,1909f56bfc062723c751e8b465ee728b)  -> (artifact id: 'db8586dfa3e76d985c196c270eeac009') in 0.030353 seconds
Number of updated asset objects reloaded before import = 0
Number of asset objects unloaded after import = 2
========================================================================
Received Import Request.
  Time since last request: 0.000029 seconds.
  path: Assets/Package/UI/PNG/Green/Default/button_square_depth_line.png
  artifactKey: Guid(486900aa70bbafd47bbb630e58f56e8a) Importer(815301076,1909f56bfc062723c751e8b465ee728b)
Start importing Assets/Package/UI/PNG/Green/Default/button_square_depth_line.png using Guid(486900aa70bbafd47bbb630e58f56e8a) Importer(815301076,1909f56bfc062723c751e8b465ee728b)  -> (artifact id: 'c1390733fbe2e9a1bf341917e2edba4f') in 0.032979 seconds
Number of updated asset objects reloaded before import = 0
Number of asset objects unloaded after import = 2
========================================================================
Received Import Request.
  Time since last request: 0.005491 seconds.
  path: Assets/Package/UI/PNG/Green/Default/button_square_gloss.png
  artifactKey: Guid(4a54af150ad0d0849bece445eb65b1db) Importer(815301076,1909f56bfc062723c751e8b465ee728b)
Start importing Assets/Package/UI/PNG/Green/Default/button_square_gloss.png using Guid(4a54af150ad0d0849bece445eb65b1db) Importer(815301076,1909f56bfc062723c751e8b465ee728b)  -> (artifact id: '85a64fe36d5100f7d4a01569f410957f') in 0.024797 seconds
Number of updated asset objects reloaded before import = 0
Number of asset objects unloaded after import = 2
========================================================================
Received Import Request.
  Time since last request: 0.000030 seconds.
  path: Assets/Package/UI/PNG/Green/Default/button_square_line.png
  artifactKey: Guid(ccb48fe4c9df8494d92c35d862c3aa43) Importer(815301076,1909f56bfc062723c751e8b465ee728b)
Start importing Assets/Package/UI/PNG/Green/Default/button_square_line.png using Guid(ccb48fe4c9df8494d92c35d862c3aa43) Importer(815301076,1909f56bfc062723c751e8b465ee728b)  -> (artifact id: 'd4ec4d89bf292f57dc0228896e59467a') in 0.026835 seconds
Number of updated asset objects reloaded before import = 0
Number of asset objects unloaded after import = 2
========================================================================
Received Import Request.
  Time since last request: 0.000029 seconds.
  path: Assets/Package/UI/PNG/Green/Default/check_round_color.png
  artifactKey: Guid(89785a9ccf563824692082d0ab4029a0) Importer(815301076,1909f56bfc062723c751e8b465ee728b)
Start importing Assets/Package/UI/PNG/Green/Default/check_round_color.png using Guid(89785a9ccf563824692082d0ab4029a0) Importer(815301076,1909f56bfc062723c751e8b465ee728b)  -> (artifact id: '7b2eb4c6e3268b113838aa1f3449fa4a') in 0.024927 seconds
Number of updated asset objects reloaded before import = 0
Number of asset objects unloaded after import = 2
========================================================================
Received Import Request.
  Time since last request: 0.000029 seconds.
  path: Assets/Package/UI/PNG/Green/Default/check_square_color.png
  artifactKey: Guid(0fbc3374f88e8d049a9edb881cb4b075) Importer(815301076,1909f56bfc062723c751e8b465ee728b)
Start importing Assets/Package/UI/PNG/Green/Default/check_square_color.png using Guid(0fbc3374f88e8d049a9edb881cb4b075) Importer(815301076,1909f56bfc062723c751e8b465ee728b)  -> (artifact id: 'f76dc108a27e5c0260f095b507377723') in 0.026261 seconds
Number of updated asset objects reloaded before import = 0
Number of asset objects unloaded after import = 2
========================================================================
Received Import Request.
  Time since last request: 0.000048 seconds.
  path: Assets/Package/UI/PNG/Green/Default/check_square_color_cross.png
  artifactKey: Guid(5d60f0abe2b8bab4897f6e2513c83681) Importer(815301076,1909f56bfc062723c751e8b465ee728b)
Start importing Assets/Package/UI/PNG/Green/Default/check_square_color_cross.png using Guid(5d60f0abe2b8bab4897f6e2513c83681) Importer(815301076,1909f56bfc062723c751e8b465ee728b)  -> (artifact id: '9b0548ee01a10bd4ff2d85514c51b6a5') in 0.027686 seconds
Number of updated asset objects reloaded before import = 0
Number of asset objects unloaded after import = 2
========================================================================
Received Import Request.
  Time since last request: 0.000052 seconds.
  path: Assets/Package/UI/PNG/Green/Default/check_square_grey_checkmark.png
  artifactKey: Guid(9e336d8fba45e8a4ebd2910a719b3da1) Importer(815301076,1909f56bfc062723c751e8b465ee728b)
Start importing Assets/Package/UI/PNG/Green/Default/check_square_grey_checkmark.png using Guid(9e336d8fba45e8a4ebd2910a719b3da1) Importer(815301076,1909f56bfc062723c751e8b465ee728b)  -> (artifact id: 'a912160a28f9b761d75449e7286ed942') in 0.025121 seconds
Number of updated asset objects reloaded before import = 0
Number of asset objects unloaded after import = 2
========================================================================
Received Import Request.
  Time since last request: 0.000027 seconds.
  path: Assets/Package/UI/PNG/Green/Default/check_round_round_circle.png
  artifactKey: Guid(82c88085e4080e2468258ad5fce870a3) Importer(815301076,1909f56bfc062723c751e8b465ee728b)
Start importing Assets/Package/UI/PNG/Green/Default/check_round_round_circle.png using Guid(82c88085e4080e2468258ad5fce870a3) Importer(815301076,1909f56bfc062723c751e8b465ee728b)  -> (artifact id: '82a77dca2f3fb044c80176b7e3af477e') in 0.033403 seconds
Number of updated asset objects reloaded before import = 0
Number of asset objects unloaded after import = 2
========================================================================
Received Import Request.
  Time since last request: 1.741845 seconds.
  path: Assets/Package/UI/PNG/Green/Default/icon_checkmark.png
  artifactKey: Guid(695dcb9430f0e2647a6ef23dbc7db3f1) Importer(815301076,1909f56bfc062723c751e8b465ee728b)
Start importing Assets/Package/UI/PNG/Green/Default/icon_checkmark.png using Guid(695dcb9430f0e2647a6ef23dbc7db3f1) Importer(815301076,1909f56bfc062723c751e8b465ee728b)  -> (artifact id: 'de98478ca19151f9423cae4fc548b922') in 0.033734 seconds
Number of updated asset objects reloaded before import = 0
Number of asset objects unloaded after import = 2
========================================================================
Received Import Request.
  Time since last request: 0.002450 seconds.
  path: Assets/Package/UI/PNG/Green/Default/icon_outline_checkmark.png
  artifactKey: Guid(90e4429ef2aefca45b6f5e090763c720) Importer(815301076,1909f56bfc062723c751e8b465ee728b)
Start importing Assets/Package/UI/PNG/Green/Default/icon_outline_checkmark.png using Guid(90e4429ef2aefca45b6f5e090763c720) Importer(815301076,1909f56bfc062723c751e8b465ee728b)  -> (artifact id: 'f686bb3b7ad43f845418f7a28793bc3c') in 0.041040 seconds
Number of updated asset objects reloaded before import = 0
Number of asset objects unloaded after import = 2
========================================================================
Received Import Request.
  Time since last request: 0.000029 seconds.
  path: Assets/Package/UI/PNG/Green/Default/icon_outline_cross.png
  artifactKey: Guid(fc2aa07c28fb1264fb363497e7fdc5a4) Importer(815301076,1909f56bfc062723c751e8b465ee728b)
Start importing Assets/Package/UI/PNG/Green/Default/icon_outline_cross.png using Guid(fc2aa07c28fb1264fb363497e7fdc5a4) Importer(815301076,1909f56bfc062723c751e8b465ee728b)  -> (artifact id: 'e72557d64049522e8f248f21affbe9f8') in 0.032255 seconds
Number of updated asset objects reloaded before import = 0
Number of asset objects unloaded after import = 2
========================================================================
Received Import Request.
  Time since last request: 0.022648 seconds.
  path: Assets/Package/UI/PNG/Green/Default/icon_square.png
  artifactKey: Guid(539cce88275f3c7459c529afdd2531ac) Importer(815301076,1909f56bfc062723c751e8b465ee728b)
Start importing Assets/Package/UI/PNG/Green/Default/icon_square.png using Guid(539cce88275f3c7459c529afdd2531ac) Importer(815301076,1909f56bfc062723c751e8b465ee728b)  -> (artifact id: '196fb26adf824d95f35f21d2d18a0e55') in 0.024438 seconds
Number of updated asset objects reloaded before import = 0
Number of asset objects unloaded after import = 2
========================================================================
Received Import Request.
  Time since last request: 0.010087 seconds.
  path: Assets/Package/UI/PNG/Green/Default/slide_horizontal_color_section.png
  artifactKey: Guid(e69a171766dbc8845a5baa823d1395a3) Importer(815301076,1909f56bfc062723c751e8b465ee728b)
Start importing Assets/Package/UI/PNG/Green/Default/slide_horizontal_color_section.png using Guid(e69a171766dbc8845a5baa823d1395a3) Importer(815301076,1909f56bfc062723c751e8b465ee728b)  -> (artifact id: '2b2b7d8c151238fb631669e9909b7c40') in 0.027918 seconds
Number of updated asset objects reloaded before import = 0
Number of asset objects unloaded after import = 2
========================================================================
Received Import Request.
  Time since last request: 0.718852 seconds.
  path: Assets/Package/UI/PNG/Green/Default/arrow_basic_e_small.png
  artifactKey: Guid(822d19280dc6d1444ac2a62fe1e7372d) Importer(815301076,1909f56bfc062723c751e8b465ee728b)
Start importing Assets/Package/UI/PNG/Green/Default/arrow_basic_e_small.png using Guid(822d19280dc6d1444ac2a62fe1e7372d) Importer(815301076,1909f56bfc062723c751e8b465ee728b)  -> (artifact id: 'bc660bd39074b11124141af8a616da3f') in 0.026499 seconds
Number of updated asset objects reloaded before import = 0
Number of asset objects unloaded after import = 2
========================================================================
Received Import Request.
  Time since last request: 0.006980 seconds.
  path: Assets/Package/UI/PNG/Green/Default/arrow_basic_s.png
  artifactKey: Guid(11216480f555aa648af50f2a7253e92d) Importer(815301076,1909f56bfc062723c751e8b465ee728b)
Start importing Assets/Package/UI/PNG/Green/Default/arrow_basic_s.png using Guid(11216480f555aa648af50f2a7253e92d) Importer(815301076,1909f56bfc062723c751e8b465ee728b)  -> (artifact id: '57e1150dcaf26581091001ebf77dc558') in 0.024939 seconds
Number of updated asset objects reloaded before import = 0
Number of asset objects unloaded after import = 2
========================================================================
Received Import Request.
  Time since last request: 29.152339 seconds.
  path: Assets/Package/UI/PNG/Blue/Double/button_square_border.png
  artifactKey: Guid(8e633602b4b266941b0efdcaa5c4df4e) Importer(815301076,1909f56bfc062723c751e8b465ee728b)
Start importing Assets/Package/UI/PNG/Blue/Double/button_square_border.png using Guid(8e633602b4b266941b0efdcaa5c4df4e) Importer(815301076,1909f56bfc062723c751e8b465ee728b)  -> (artifact id: 'dab622667a5d06424b000a4f22b63c86') in 0.169932 seconds
Number of updated asset objects reloaded before import = 0
Number of asset objects unloaded after import = 3
========================================================================
Received Import Request.
  Time since last request: 0.000031 seconds.
  path: Assets/Package/UI/PNG/Blue/Double/check_round_round_circle.png
  artifactKey: Guid(cf9232b6e69cf864e9a4451b314eae7c) Importer(815301076,1909f56bfc062723c751e8b465ee728b)
Start importing Assets/Package/UI/PNG/Blue/Double/check_round_round_circle.png using Guid(cf9232b6e69cf864e9a4451b314eae7c) Importer(815301076,1909f56bfc062723c751e8b465ee728b)  -> (artifact id: '2904183550d7d37654dadc3a5af848c4') in 0.038139 seconds
Number of updated asset objects reloaded before import = 0
Number of asset objects unloaded after import = 3
========================================================================
Received Import Request.
  Time since last request: 0.000043 seconds.
  path: Assets/Package/UI/PNG/Blue/Double/button_square_depth_gloss.png
  artifactKey: Guid(d4405db54074f3a4988f2656bbd32444) Importer(815301076,1909f56bfc062723c751e8b465ee728b)
Start importing Assets/Package/UI/PNG/Blue/Double/button_square_depth_gloss.png using Guid(d4405db54074f3a4988f2656bbd32444) Importer(815301076,1909f56bfc062723c751e8b465ee728b)  -> (artifact id: '8b6a669c131705d839a38c3143c395c0') in 0.035968 seconds
Number of updated asset objects reloaded before import = 0
Number of asset objects unloaded after import = 3
========================================================================
Received Import Request.
  Time since last request: 0.000029 seconds.
  path: Assets/Package/UI/PNG/Blue/Double/icon_cross.png
  artifactKey: Guid(146c27a37358d9e429dbb5eb486de650) Importer(815301076,1909f56bfc062723c751e8b465ee728b)
Start importing Assets/Package/UI/PNG/Blue/Double/icon_cross.png using Guid(146c27a37358d9e429dbb5eb486de650) Importer(815301076,1909f56bfc062723c751e8b465ee728b)  -> (artifact id: '12edb32a08313a31a0b6fb830c75dda2') in 0.036963 seconds
Number of updated asset objects reloaded before import = 0
Number of asset objects unloaded after import = 3
========================================================================
Received Import Request.
  Time since last request: 0.000031 seconds.
  path: Assets/Package/UI/PNG/Blue/Double/check_square_grey_square.png
  artifactKey: Guid(6af63c2c143b0f5408fb82bf3d9335e6) Importer(815301076,1909f56bfc062723c751e8b465ee728b)
Start importing Assets/Package/UI/PNG/Blue/Double/check_square_grey_square.png using Guid(6af63c2c143b0f5408fb82bf3d9335e6) Importer(815301076,1909f56bfc062723c751e8b465ee728b)  -> (artifact id: '120e5e02e218092cc253af7a64d02da1') in 0.034363 seconds
Number of updated asset objects reloaded before import = 0
Number of asset objects unloaded after import = 3
========================================================================
Received Import Request.
  Time since last request: 0.000025 seconds.
  path: Assets/Package/UI/PNG/Blue/Double/check_square_color_checkmark.png
  artifactKey: Guid(481c7b1205e87494cbdaf7f7646fceb1) Importer(815301076,1909f56bfc062723c751e8b465ee728b)
Start importing Assets/Package/UI/PNG/Blue/Double/check_square_color_checkmark.png using Guid(481c7b1205e87494cbdaf7f7646fceb1) Importer(815301076,1909f56bfc062723c751e8b465ee728b)  -> (artifact id: 'faa5aa65e4c6df774524e16fe30504a9') in 0.037672 seconds
Number of updated asset objects reloaded before import = 0
Number of asset objects unloaded after import = 3
========================================================================
Received Import Request.
  Time since last request: 0.000022 seconds.
  path: Assets/Package/UI/PNG/Blue/Double/check_round_grey_circle.png
  artifactKey: Guid(48302e35d032e4149a485c6817c7ad65) Importer(815301076,1909f56bfc062723c751e8b465ee728b)
Start importing Assets/Package/UI/PNG/Blue/Double/check_round_grey_circle.png using Guid(48302e35d032e4149a485c6817c7ad65) Importer(815301076,1909f56bfc062723c751e8b465ee728b)  -> (artifact id: '4da0d36b38e6d2624b3c2b600b71ed06') in 0.033269 seconds
Number of updated asset objects reloaded before import = 0
Number of asset objects unloaded after import = 3
========================================================================
Received Import Request.
  Time since last request: 0.110015 seconds.
  path: Assets/Package/UI/PNG/Blue/Double/icon_outline_square.png
  artifactKey: Guid(8670a8fc5b2f5fc48a9c4930046d1dcf) Importer(815301076,1909f56bfc062723c751e8b465ee728b)
Start importing Assets/Package/UI/PNG/Blue/Double/icon_outline_square.png using Guid(8670a8fc5b2f5fc48a9c4930046d1dcf) Importer(815301076,1909f56bfc062723c751e8b465ee728b)  -> (artifact id: 'ac45ee0c8e2cd66985ea04ae3ce92ef4') in 0.058711 seconds
Number of updated asset objects reloaded before import = 0
Number of asset objects unloaded after import = 3
========================================================================
Received Import Request.
  Time since last request: 0.000031 seconds.
  path: Assets/Package/UI/PNG/Blue/Double/slide_horizontal_color.png
  artifactKey: Guid(b14f211bd3dabd648b5b454b6f684e6d) Importer(815301076,1909f56bfc062723c751e8b465ee728b)
Start importing Assets/Package/UI/PNG/Blue/Double/slide_horizontal_color.png using Guid(b14f211bd3dabd648b5b454b6f684e6d) Importer(815301076,1909f56bfc062723c751e8b465ee728b)  -> (artifact id: 'f65c59ecd369dc62f72bec88f01bb7eb') in 0.054280 seconds
Number of updated asset objects reloaded before import = 0
Number of asset objects unloaded after import = 3
========================================================================
Received Import Request.
  Time since last request: 0.000076 seconds.
  path: Assets/Package/UI/PNG/Blue/Double/slide_vertical_grey_section.png
  artifactKey: Guid(c4bddef9d7037414eba4780b6a4ba24c) Importer(815301076,1909f56bfc062723c751e8b465ee728b)
Start importing Assets/Package/UI/PNG/Blue/Double/slide_vertical_grey_section.png using Guid(c4bddef9d7037414eba4780b6a4ba24c) Importer(815301076,1909f56bfc062723c751e8b465ee728b)  -> (artifact id: '50b38e2be64a0eb90b4c3e5df1c09f22') in 0.038107 seconds
Number of updated asset objects reloaded before import = 0
Number of asset objects unloaded after import = 3
========================================================================
Received Import Request.
  Time since last request: 0.000025 seconds.
  path: Assets/Package/UI/PNG/Blue/Double/slide_vertical_grey.png
  artifactKey: Guid(9dde9d728ba80f74c9361c43887553a2) Importer(815301076,1909f56bfc062723c751e8b465ee728b)
Start importing Assets/Package/UI/PNG/Blue/Double/slide_vertical_grey.png using Guid(9dde9d728ba80f74c9361c43887553a2) Importer(815301076,1909f56bfc062723c751e8b465ee728b)  -> (artifact id: '08e6ff591dcf600ee932c60ab3966b09') in 0.043652 seconds
Number of updated asset objects reloaded before import = 0
Number of asset objects unloaded after import = 3
========================================================================
Received Import Request.
  Time since last request: 0.000031 seconds.
  path: Assets/Package/UI/PNG/Blue/Double/star.png
  artifactKey: Guid(069329a137b722f44b7d854185d8e3ab) Importer(815301076,1909f56bfc062723c751e8b465ee728b)
Start importing Assets/Package/UI/PNG/Blue/Double/star.png using Guid(069329a137b722f44b7d854185d8e3ab) Importer(815301076,1909f56bfc062723c751e8b465ee728b)  -> (artifact id: '245989dbd933956b7053efa62fd4d7fd') in 0.046686 seconds
Number of updated asset objects reloaded before import = 0
Number of asset objects unloaded after import = 3
