Using pre-set license
Built from '2022.3/staging' branch; Version is '2022.3.7f1 (b16b3b16c7a0) revision 11627323'; Using compiler version '192829333'; Build Type 'Release'
OS: 'Windows 11  (10.0.26100) 64bit CoreSingleLanguage' Language: 'en' Physical Memory: 15612 MB
BatchMode: 1, IsHumanControllingUs: 0, StartBugReporterOnCrash: 0, Is64bit: 1, IsPro: 1

COMMAND LINE ARGUMENTS:
C:\Program Files\Unity\Hub\Editor\2022.3.7f1\Editor\Unity.exe
-adb2
-batchMode
-noUpm
-name
AssetImportWorker10
-projectPath
E:/Unity/3DProject
-logFile
Logs/AssetImportWorker10.log
-srvPort
64021
Successfully changed project path to: E:/Unity/3DProject
E:/Unity/3DProject
[UnityMemory] Configuration Parameters - Can be set up in boot.config
    "memorysetup-bucket-allocator-granularity=16"
    "memorysetup-bucket-allocator-bucket-count=8"
    "memorysetup-bucket-allocator-block-size=33554432"
    "memorysetup-bucket-allocator-block-count=8"
    "memorysetup-main-allocator-block-size=16777216"
    "memorysetup-thread-allocator-block-size=16777216"
    "memorysetup-gfx-main-allocator-block-size=16777216"
    "memorysetup-gfx-thread-allocator-block-size=16777216"
    "memorysetup-cache-allocator-block-size=4194304"
    "memorysetup-typetree-allocator-block-size=2097152"
    "memorysetup-profiler-bucket-allocator-granularity=16"
    "memorysetup-profiler-bucket-allocator-bucket-count=8"
    "memorysetup-profiler-bucket-allocator-block-size=33554432"
    "memorysetup-profiler-bucket-allocator-block-count=8"
    "memorysetup-profiler-allocator-block-size=16777216"
    "memorysetup-profiler-editor-allocator-block-size=1048576"
    "memorysetup-temp-allocator-size-main=16777216"
    "memorysetup-job-temp-allocator-block-size=2097152"
    "memorysetup-job-temp-allocator-block-size-background=1048576"
    "memorysetup-job-temp-allocator-reduction-small-platforms=262144"
    "memorysetup-allocator-temp-initial-block-size-main=262144"
    "memorysetup-allocator-temp-initial-block-size-worker=262144"
    "memorysetup-temp-allocator-size-background-worker=32768"
    "memorysetup-temp-allocator-size-job-worker=262144"
    "memorysetup-temp-allocator-size-preload-manager=33554432"
    "memorysetup-temp-allocator-size-nav-mesh-worker=65536"
    "memorysetup-temp-allocator-size-audio-worker=65536"
    "memorysetup-temp-allocator-size-cloud-worker=32768"
    "memorysetup-temp-allocator-size-gi-baking-worker=262144"
    "memorysetup-temp-allocator-size-gfx=262144"
Player connection [30832] Host "[IP] 172.31.99.246 [Port] 0 [Flags] 2 [Guid] 4090297500 [EditorId] 4090297500 [Version] 1048832 [Id] WindowsEditor(7,NgiaDiep) [Debug] 1 [PackageName] WindowsEditor [ProjectName] Editor" joined multi-casting on [225.0.0.222:54997]...

Player connection [30832] Host "[IP] 172.31.99.246 [Port] 0 [Flags] 2 [Guid] 4090297500 [EditorId] 4090297500 [Version] 1048832 [Id] WindowsEditor(7,NgiaDiep) [Debug] 1 [PackageName] WindowsEditor [ProjectName] Editor" joined alternative multi-casting on [225.0.0.222:34997]...

Refreshing native plugins compatible for Editor in 8.84 ms, found 3 plugins.
Preloading 0 native plugins for Editor in 0.00 ms.
Initialize engine version: 2022.3.7f1 (b16b3b16c7a0)
[Subsystems] Discovering subsystems at path C:/Program Files/Unity/Hub/Editor/2022.3.7f1/Editor/Data/Resources/UnitySubsystems
[Subsystems] Discovering subsystems at path E:/Unity/3DProject/Assets
GfxDevice: creating device client; threaded=0; jobified=0
Direct3D:
    Version:  Direct3D 11.0 [level 11.1]
    Renderer: NVIDIA GeForce RTX 3050 Laptop GPU (ID=0x25a2)
    Vendor:   NVIDIA
    VRAM:     3964 MB
    Driver:   32.0.15.6590
Initialize mono
Mono path[0] = 'C:/Program Files/Unity/Hub/Editor/2022.3.7f1/Editor/Data/Managed'
Mono path[1] = 'C:/Program Files/Unity/Hub/Editor/2022.3.7f1/Editor/Data/MonoBleedingEdge/lib/mono/unityjit-win32'
Mono config path = 'C:/Program Files/Unity/Hub/Editor/2022.3.7f1/Editor/Data/MonoBleedingEdge/etc'
Using monoOptions --debugger-agent=transport=dt_socket,embedding=1,server=y,suspend=n,address=127.0.0.1:56628
Begin MonoManager ReloadAssembly
Registering precompiled unity dll's ...
Register platform support module: C:/Program Files/Unity/Hub/Editor/2022.3.7f1/Editor/Data/PlaybackEngines/WebGLSupport/UnityEditor.WebGL.Extensions.dll
Register platform support module: C:/Program Files/Unity/Hub/Editor/2022.3.7f1/Editor/Data/PlaybackEngines/WindowsStandaloneSupport/UnityEditor.WindowsStandalone.Extensions.dll
Registered in 0.016949 seconds.
- Loaded All Assemblies, in  0.561 seconds
Native extension for WindowsStandalone target not found
Native extension for WebGL target not found
Mono: successfully reloaded assembly
- Finished resetting the current domain, in  0.445 seconds
Domain Reload Profiling: 1004ms
	BeginReloadAssembly (168ms)
		ExecutionOrderSort (0ms)
		DisableScriptedObjects (0ms)
		BackupInstance (0ms)
		ReleaseScriptingObjects (0ms)
		CreateAndSetChildDomain (1ms)
	RebuildCommonClasses (61ms)
	RebuildNativeTypeToScriptingClass (17ms)
	initialDomainReloadingComplete (103ms)
	LoadAllAssembliesAndSetupDomain (210ms)
		LoadAssemblies (163ms)
		RebuildTransferFunctionScriptingTraits (0ms)
		AnalyzeDomain (206ms)
			TypeCache.Refresh (203ms)
				TypeCache.ScanAssembly (182ms)
			ScanForSourceGeneratedMonoScriptInfo (1ms)
			ResolveRequiredComponents (1ms)
	FinalizeReload (446ms)
		ReleaseScriptCaches (0ms)
		RebuildScriptCaches (0ms)
		SetupLoadedEditorAssemblies (337ms)
			LogAssemblyErrors (0ms)
			InitializePlatformSupportModulesInManaged (19ms)
			SetLoadedEditorAssemblies (12ms)
			RefreshPlugins (0ms)
			BeforeProcessingInitializeOnLoad (13ms)
			ProcessInitializeOnLoadAttributes (204ms)
			ProcessInitializeOnLoadMethodAttributes (88ms)
			AfterProcessingInitializeOnLoad (0ms)
			EditorAssembliesLoaded (0ms)
		ExecutionOrderSort2 (0ms)
		AwakeInstancesAfterBackupRestoration (0ms)
========================================================================
Worker process is ready to serve import requests
Begin MonoManager ReloadAssembly
Symbol file LoadedFromMemory doesn't match image E:\Unity\3DProject\Library\PackageCache\com.unity.visualscripting@1.8.0\Editor\VisualScripting.Core\Dependencies\YamlDotNet\Unity.VisualScripting.YamlDotNet.dll
Symbol file LoadedFromMemory doesn't match image E:\Unity\3DProject\Library\PackageCache\com.unity.visualscripting@1.8.0\Editor\VisualScripting.Core\Dependencies\DotNetZip\Unity.VisualScripting.IonicZip.dll
- Loaded All Assemblies, in  0.979 seconds
Refreshing native plugins compatible for Editor in 4.53 ms, found 3 plugins.
Native extension for WindowsStandalone target not found
Native extension for WebGL target not found
Mono: successfully reloaded assembly
- Finished resetting the current domain, in  0.928 seconds
Domain Reload Profiling: 1904ms
	BeginReloadAssembly (249ms)
		ExecutionOrderSort (0ms)
		DisableScriptedObjects (20ms)
		BackupInstance (0ms)
		ReleaseScriptingObjects (0ms)
		CreateAndSetChildDomain (37ms)
	RebuildCommonClasses (49ms)
	RebuildNativeTypeToScriptingClass (15ms)
	initialDomainReloadingComplete (63ms)
	LoadAllAssembliesAndSetupDomain (600ms)
		LoadAssemblies (406ms)
		RebuildTransferFunctionScriptingTraits (0ms)
		AnalyzeDomain (312ms)
			TypeCache.Refresh (271ms)
				TypeCache.ScanAssembly (249ms)
			ScanForSourceGeneratedMonoScriptInfo (27ms)
			ResolveRequiredComponents (11ms)
	FinalizeReload (929ms)
		ReleaseScriptCaches (0ms)
		RebuildScriptCaches (0ms)
		SetupLoadedEditorAssemblies (683ms)
			LogAssemblyErrors (0ms)
			InitializePlatformSupportModulesInManaged (10ms)
			SetLoadedEditorAssemblies (6ms)
			RefreshPlugins (0ms)
			BeforeProcessingInitializeOnLoad (97ms)
			ProcessInitializeOnLoadAttributes (530ms)
			ProcessInitializeOnLoadMethodAttributes (30ms)
			AfterProcessingInitializeOnLoad (11ms)
			EditorAssembliesLoaded (0ms)
		ExecutionOrderSort2 (0ms)
		AwakeInstancesAfterBackupRestoration (11ms)
Launched and connected shader compiler UnityShaderCompiler.exe after 0.10 seconds
Refreshing native plugins compatible for Editor in 2.65 ms, found 3 plugins.
Preloading 0 native plugins for Editor in 0.00 ms.
Unloading 3136 Unused Serialized files (Serialized files now loaded: 0)
Unloading 29 unused Assets / (56.8 KB). Loaded Objects now: 3604.
Memory consumption went from 128.9 MB to 128.9 MB.
Total: 5.097800 ms (FindLiveObjects: 0.451000 ms CreateObjectMapping: 0.239200 ms MarkObjects: 4.225900 ms  DeleteObjects: 0.180100 ms)

AssetImportParameters requested are different than current active one (requested -> active):
  custom:container-demuxer-ogg: 62fdf1f143b41e24485cea50d1cbac27 -> 
  custom:video-codec-MediaFoundation-h265: 746d11721c4dcdbdad8f713fa42b33f4 -> 
  custom:video-decoder-ogg-theora: a1e56fd34408186e4bbccfd4996cb3dc -> 
  custom:framework-win-MediaFoundation: 216162199b28c13a410421893ffa2e32 -> 
  custom:CustomObjectIndexerAttribute: 756ad292c208cfabdd7b50bc23989ffe -> 
  custom:container-demuxer-webm: 4f35f7cbe854078d1ac9338744f61a02 -> 
  custom:container-muxer-webm: aa71ff27fc2769a1b78a27578f13a17b -> 
  custom:video-decoder-webm-vp8: 9c59270c3fd7afecdb556c50c9e8de78 -> 
  custom:SearchIndexIgnoredProperties: e643bd26f0fe6173181afceb89e7c659 -> 
  custom:AudioImporter_EditorPlatform: d09bf68614088b80899f8185d706f6e7 -> 
  custom:video-encoder-webm-vp8: eb34c28f22e8b96e1ab97ce403110664 -> 
  custom:audio-decoder-ogg-vorbis: bf7c407c2cedff20999df2af8eb42d56 -> 
  custom:audio-encoder-webm-vorbis: bf7c407c2cedff20999df2af8eb42d56 -> 
========================================================================
Received Import Request.
  Time since last request: 1391314.275898 seconds.
  path: Assets/Package/UI/PNG/Green/Default/icon_circle.png
  artifactKey: Guid(514e4e992261bb74b8ebe7ac376bc3bd) Importer(815301076,1909f56bfc062723c751e8b465ee728b)
Start importing Assets/Package/UI/PNG/Green/Default/icon_circle.png using Guid(514e4e992261bb74b8ebe7ac376bc3bd) Importer(815301076,1909f56bfc062723c751e8b465ee728b)  -> (artifact id: '50cc62a6a3d6354cdd59a05ce231019e') in 0.122192 seconds
Number of updated asset objects reloaded before import = 0
Number of asset objects unloaded after import = 2
========================================================================
Received Import Request.
  Time since last request: 0.012625 seconds.
  path: Assets/Package/UI/PNG/Green/Default/slide_hangle.png
  artifactKey: Guid(7bbb815cccb8d0647ad894eb6f27138b) Importer(815301076,1909f56bfc062723c751e8b465ee728b)
Start importing Assets/Package/UI/PNG/Green/Default/slide_hangle.png using Guid(7bbb815cccb8d0647ad894eb6f27138b) Importer(815301076,1909f56bfc062723c751e8b465ee728b)  -> (artifact id: '860a9a285395b723c2f4f1e5f6d6eaef') in 0.024182 seconds
Number of updated asset objects reloaded before import = 0
Number of asset objects unloaded after import = 2
========================================================================
Received Import Request.
  Time since last request: 0.006417 seconds.
  path: Assets/Package/UI/PNG/Green/Default/slide_horizontal_color_section_wide.png
  artifactKey: Guid(a95740b1c5f4b3540839ac0880026211) Importer(815301076,1909f56bfc062723c751e8b465ee728b)
Start importing Assets/Package/UI/PNG/Green/Default/slide_horizontal_color_section_wide.png using Guid(a95740b1c5f4b3540839ac0880026211) Importer(815301076,1909f56bfc062723c751e8b465ee728b)  -> (artifact id: '4a0e67127a6d70b4b8dcdad3e3e9deb5') in 0.030011 seconds
Number of updated asset objects reloaded before import = 0
Number of asset objects unloaded after import = 2
========================================================================
Received Import Request.
  Time since last request: 0.716586 seconds.
  path: Assets/Package/UI/PNG/Green/Default/arrow_basic_n.png
  artifactKey: Guid(e0131e0e25316764baad88b0bebc4b84) Importer(815301076,1909f56bfc062723c751e8b465ee728b)
Start importing Assets/Package/UI/PNG/Green/Default/arrow_basic_n.png using Guid(e0131e0e25316764baad88b0bebc4b84) Importer(815301076,1909f56bfc062723c751e8b465ee728b)  -> (artifact id: 'fea15dd8cab6ffd4595688c4edf5b7c3') in 0.029635 seconds
Number of updated asset objects reloaded before import = 0
Number of asset objects unloaded after import = 2
========================================================================
Received Import Request.
  Time since last request: 0.005816 seconds.
  path: Assets/Package/UI/PNG/Green/Default/arrow_basic_s_small.png
  artifactKey: Guid(2e7a8d9524e56044ebbda60ffa2b8997) Importer(815301076,1909f56bfc062723c751e8b465ee728b)
Start importing Assets/Package/UI/PNG/Green/Default/arrow_basic_s_small.png using Guid(2e7a8d9524e56044ebbda60ffa2b8997) Importer(815301076,1909f56bfc062723c751e8b465ee728b)  -> (artifact id: '5c3325c8373fad70777f504ecc1523c9') in 0.025731 seconds
Number of updated asset objects reloaded before import = 0
Number of asset objects unloaded after import = 2
========================================================================
Received Import Request.
  Time since last request: 29.147885 seconds.
  path: Assets/Package/UI/PNG/Blue/Double/button_square_depth_border.png
  artifactKey: Guid(1108d11d882658e4aa2b3379911219e5) Importer(815301076,1909f56bfc062723c751e8b465ee728b)
Start importing Assets/Package/UI/PNG/Blue/Double/button_square_depth_border.png using Guid(1108d11d882658e4aa2b3379911219e5) Importer(815301076,1909f56bfc062723c751e8b465ee728b)  -> (artifact id: 'fa6d9432696eac8ef024fbf2a2ba3e95') in 0.161832 seconds
Number of updated asset objects reloaded before import = 0
Number of asset objects unloaded after import = 3
========================================================================
Received Import Request.
  Time since last request: 0.000032 seconds.
  path: Assets/Package/UI/PNG/Blue/Double/check_square_color.png
  artifactKey: Guid(cd58adce3b29b0d4cbb59a6bf91cd331) Importer(815301076,1909f56bfc062723c751e8b465ee728b)
Start importing Assets/Package/UI/PNG/Blue/Double/check_square_color.png using Guid(cd58adce3b29b0d4cbb59a6bf91cd331) Importer(815301076,1909f56bfc062723c751e8b465ee728b)  -> (artifact id: '4a48a78348645d7d4d50040e7e174e4a') in 0.043035 seconds
Number of updated asset objects reloaded before import = 0
Number of asset objects unloaded after import = 3
========================================================================
Received Import Request.
  Time since last request: 0.000032 seconds.
  path: Assets/Package/UI/PNG/Blue/Double/button_square_line.png
  artifactKey: Guid(72fe2605fd65f0347a9137cac1062e2d) Importer(815301076,1909f56bfc062723c751e8b465ee728b)
Start importing Assets/Package/UI/PNG/Blue/Double/button_square_line.png using Guid(72fe2605fd65f0347a9137cac1062e2d) Importer(815301076,1909f56bfc062723c751e8b465ee728b)  -> (artifact id: 'fe4613484c188f5f67ffb12f91675403') in 0.032992 seconds
Number of updated asset objects reloaded before import = 0
Number of asset objects unloaded after import = 3
========================================================================
Received Import Request.
  Time since last request: 0.000038 seconds.
  path: Assets/Package/UI/PNG/Blue/Double/check_square_grey.png
  artifactKey: Guid(2ffb6f4e44eba4b41a02c010701e0ce0) Importer(815301076,1909f56bfc062723c751e8b465ee728b)
Start importing Assets/Package/UI/PNG/Blue/Double/check_square_grey.png using Guid(2ffb6f4e44eba4b41a02c010701e0ce0) Importer(815301076,1909f56bfc062723c751e8b465ee728b)  -> (artifact id: '668eccc8ac1f0925530cf672405f155d') in 0.036971 seconds
Number of updated asset objects reloaded before import = 0
Number of asset objects unloaded after import = 3
========================================================================
Received Import Request.
  Time since last request: 0.000025 seconds.
  path: Assets/Package/UI/PNG/Blue/Double/check_square_color_cross.png
  artifactKey: Guid(7954eba3579bd344f97cac4b42f3eb54) Importer(815301076,1909f56bfc062723c751e8b465ee728b)
Start importing Assets/Package/UI/PNG/Blue/Double/check_square_color_cross.png using Guid(7954eba3579bd344f97cac4b42f3eb54) Importer(815301076,1909f56bfc062723c751e8b465ee728b)  -> (artifact id: 'd6ddabccf0517960c5ee73ad240090a3') in 0.035620 seconds
Number of updated asset objects reloaded before import = 0
Number of asset objects unloaded after import = 3
========================================================================
Received Import Request.
  Time since last request: 0.000027 seconds.
  path: Assets/Package/UI/PNG/Blue/Double/button_square_gloss.png
  artifactKey: Guid(514de1d426273cb43bc9a8b30e3f2ee8) Importer(815301076,1909f56bfc062723c751e8b465ee728b)
Start importing Assets/Package/UI/PNG/Blue/Double/button_square_gloss.png using Guid(514de1d426273cb43bc9a8b30e3f2ee8) Importer(815301076,1909f56bfc062723c751e8b465ee728b)  -> (artifact id: 'd06e4c3db1fe4c8a86811b0e0a57635e') in 0.035303 seconds
Number of updated asset objects reloaded before import = 0
Number of asset objects unloaded after import = 3
========================================================================
Received Import Request.
  Time since last request: 0.000024 seconds.
  path: Assets/Package/UI/PNG/Blue/Double/button_square_flat.png
  artifactKey: Guid(669ada8c24456fe4290539108f9e1067) Importer(815301076,1909f56bfc062723c751e8b465ee728b)
Start importing Assets/Package/UI/PNG/Blue/Double/button_square_flat.png using Guid(669ada8c24456fe4290539108f9e1067) Importer(815301076,1909f56bfc062723c751e8b465ee728b)  -> (artifact id: 'f7761d9cef3e04c6f7878fdc5a6b86aa') in 0.031976 seconds
Number of updated asset objects reloaded before import = 0
Number of asset objects unloaded after import = 3
========================================================================
Received Import Request.
  Time since last request: 0.110922 seconds.
  path: Assets/Package/UI/PNG/Blue/Double/icon_square.png
  artifactKey: Guid(f2e44ff960b05404bbe8bd4fbfc0b67b) Importer(815301076,1909f56bfc062723c751e8b465ee728b)
Start importing Assets/Package/UI/PNG/Blue/Double/icon_square.png using Guid(f2e44ff960b05404bbe8bd4fbfc0b67b) Importer(815301076,1909f56bfc062723c751e8b465ee728b)  -> (artifact id: '2ef9d9b11ed8b289dd26a97f31fb0166') in 0.046385 seconds
Number of updated asset objects reloaded before import = 0
Number of asset objects unloaded after import = 3
========================================================================
Received Import Request.
  Time since last request: 0.000028 seconds.
  path: Assets/Package/UI/PNG/Blue/Double/slide_vertical_color.png
  artifactKey: Guid(08e4121d049b97c4d89deeaf8ceb8b42) Importer(815301076,1909f56bfc062723c751e8b465ee728b)
Start importing Assets/Package/UI/PNG/Blue/Double/slide_vertical_color.png using Guid(08e4121d049b97c4d89deeaf8ceb8b42) Importer(815301076,1909f56bfc062723c751e8b465ee728b)  -> (artifact id: '63f13b029f0366eac130a52676d3eca8') in 0.052656 seconds
Number of updated asset objects reloaded before import = 0
Number of asset objects unloaded after import = 3
========================================================================
Received Import Request.
  Time since last request: 0.000527 seconds.
  path: Assets/Package/UI/PNG/Blue/Double/slide_horizontal_grey.png
  artifactKey: Guid(7d57c80b1e581aa4684e473224f1e3ea) Importer(815301076,1909f56bfc062723c751e8b465ee728b)
Start importing Assets/Package/UI/PNG/Blue/Double/slide_horizontal_grey.png using Guid(7d57c80b1e581aa4684e473224f1e3ea) Importer(815301076,1909f56bfc062723c751e8b465ee728b)  -> (artifact id: '5b4da8213433de92d3a05000fa04b356') in 0.041285 seconds
Number of updated asset objects reloaded before import = 0
Number of asset objects unloaded after import = 3
========================================================================
Received Import Request.
  Time since last request: 0.000030 seconds.
  path: Assets/Package/UI/PNG/Blue/Double/slide_vertical_color_section.png
  artifactKey: Guid(a65d628d334fea9489ae69944776d196) Importer(815301076,1909f56bfc062723c751e8b465ee728b)
Start importing Assets/Package/UI/PNG/Blue/Double/slide_vertical_color_section.png using Guid(a65d628d334fea9489ae69944776d196) Importer(815301076,1909f56bfc062723c751e8b465ee728b)  -> (artifact id: 'a951ae7b82b838d2447cc1a80a6f22da') in 0.038218 seconds
Number of updated asset objects reloaded before import = 0
Number of asset objects unloaded after import = 3
========================================================================
Received Import Request.
  Time since last request: 0.000033 seconds.
  path: Assets/Package/UI/PNG/Blue/Double/slide_horizontal_color_section.png
  artifactKey: Guid(351f5f37a8eb90c43ac170df198514cf) Importer(815301076,1909f56bfc062723c751e8b465ee728b)
Start importing Assets/Package/UI/PNG/Blue/Double/slide_horizontal_color_section.png using Guid(351f5f37a8eb90c43ac170df198514cf) Importer(815301076,1909f56bfc062723c751e8b465ee728b)  -> (artifact id: '4baa47ec8d80f14892c4a107ea71ba4f') in 0.039686 seconds
Number of updated asset objects reloaded before import = 0
Number of asset objects unloaded after import = 3
Editor requested this worker to shutdown with reason: Scaling down because of idle timeout
TcpMessagingSession - receive error: operation aborted. errorcode: 995, details: The I/O operation has been aborted because of either a thread exit or an application request.
AssetImportWorker is now disconnected from the server
Process exiting
Exiting without the bug reporter. Application will terminate with return code 0