Using pre-set license
Built from '2022.3/staging' branch; Version is '2022.3.7f1 (b16b3b16c7a0) revision 11627323'; Using compiler version '192829333'; Build Type 'Release'
OS: 'Windows 11  (10.0.26100) 64bit CoreSingleLanguage' Language: 'en' Physical Memory: 15612 MB
BatchMode: 1, IsHumanControllingUs: 0, StartBugReporterOnCrash: 0, Is64bit: 1, IsPro: 1

COMMAND LINE ARGUMENTS:
C:\Program Files\Unity\Hub\Editor\2022.3.7f1\Editor\Unity.exe
-adb2
-batchMode
-noUpm
-name
AssetImportWorker2
-projectPath
E:/Unity/3DProject
-logFile
Logs/AssetImportWorker2.log
-srvPort
64021
Successfully changed project path to: E:/Unity/3DProject
E:/Unity/3DProject
[UnityMemory] Configuration Parameters - Can be set up in boot.config
    "memorysetup-bucket-allocator-granularity=16"
    "memorysetup-bucket-allocator-bucket-count=8"
    "memorysetup-bucket-allocator-block-size=33554432"
    "memorysetup-bucket-allocator-block-count=8"
    "memorysetup-main-allocator-block-size=16777216"
    "memorysetup-thread-allocator-block-size=16777216"
    "memorysetup-gfx-main-allocator-block-size=16777216"
    "memorysetup-gfx-thread-allocator-block-size=16777216"
    "memorysetup-cache-allocator-block-size=4194304"
    "memorysetup-typetree-allocator-block-size=2097152"
    "memorysetup-profiler-bucket-allocator-granularity=16"
    "memorysetup-profiler-bucket-allocator-bucket-count=8"
    "memorysetup-profiler-bucket-allocator-block-size=33554432"
    "memorysetup-profiler-bucket-allocator-block-count=8"
    "memorysetup-profiler-allocator-block-size=16777216"
    "memorysetup-profiler-editor-allocator-block-size=1048576"
    "memorysetup-temp-allocator-size-main=16777216"
    "memorysetup-job-temp-allocator-block-size=2097152"
    "memorysetup-job-temp-allocator-block-size-background=1048576"
    "memorysetup-job-temp-allocator-reduction-small-platforms=262144"
    "memorysetup-allocator-temp-initial-block-size-main=262144"
    "memorysetup-allocator-temp-initial-block-size-worker=262144"
    "memorysetup-temp-allocator-size-background-worker=32768"
    "memorysetup-temp-allocator-size-job-worker=262144"
    "memorysetup-temp-allocator-size-preload-manager=33554432"
    "memorysetup-temp-allocator-size-nav-mesh-worker=65536"
    "memorysetup-temp-allocator-size-audio-worker=65536"
    "memorysetup-temp-allocator-size-cloud-worker=32768"
    "memorysetup-temp-allocator-size-gi-baking-worker=262144"
    "memorysetup-temp-allocator-size-gfx=262144"
Player connection [32596] Host "[IP] 172.31.99.246 [Port] 0 [Flags] 2 [Guid] 510810213 [EditorId] 510810213 [Version] 1048832 [Id] WindowsEditor(7,NgiaDiep) [Debug] 1 [PackageName] WindowsEditor [ProjectName] Editor" joined multi-casting on [225.0.0.222:54997]...

Player connection [32596] Host "[IP] 172.31.99.246 [Port] 0 [Flags] 2 [Guid] 510810213 [EditorId] 510810213 [Version] 1048832 [Id] WindowsEditor(7,NgiaDiep) [Debug] 1 [PackageName] WindowsEditor [ProjectName] Editor" joined alternative multi-casting on [225.0.0.222:34997]...

Refreshing native plugins compatible for Editor in 1336.59 ms, found 3 plugins.
Preloading 0 native plugins for Editor in 0.00 ms.
Initialize engine version: 2022.3.7f1 (b16b3b16c7a0)
[Subsystems] Discovering subsystems at path C:/Program Files/Unity/Hub/Editor/2022.3.7f1/Editor/Data/Resources/UnitySubsystems
[Subsystems] Discovering subsystems at path E:/Unity/3DProject/Assets
GfxDevice: creating device client; threaded=0; jobified=0
Direct3D:
    Version:  Direct3D 11.0 [level 11.1]
    Renderer: NVIDIA GeForce RTX 3050 Laptop GPU (ID=0x25a2)
    Vendor:   NVIDIA
    VRAM:     3964 MB
    Driver:   32.0.15.6590
Initialize mono
Mono path[0] = 'C:/Program Files/Unity/Hub/Editor/2022.3.7f1/Editor/Data/Managed'
Mono path[1] = 'C:/Program Files/Unity/Hub/Editor/2022.3.7f1/Editor/Data/MonoBleedingEdge/lib/mono/unityjit-win32'
Mono config path = 'C:/Program Files/Unity/Hub/Editor/2022.3.7f1/Editor/Data/MonoBleedingEdge/etc'
Using monoOptions --debugger-agent=transport=dt_socket,embedding=1,server=y,suspend=n,address=127.0.0.1:56508
Begin MonoManager ReloadAssembly
Registering precompiled unity dll's ...
Register platform support module: C:/Program Files/Unity/Hub/Editor/2022.3.7f1/Editor/Data/PlaybackEngines/WebGLSupport/UnityEditor.WebGL.Extensions.dll
Register platform support module: C:/Program Files/Unity/Hub/Editor/2022.3.7f1/Editor/Data/PlaybackEngines/WindowsStandaloneSupport/UnityEditor.WindowsStandalone.Extensions.dll
Registered in 0.600947 seconds.
- Loaded All Assemblies, in 13.907 seconds
Native extension for WindowsStandalone target not found
Native extension for WebGL target not found
Mono: successfully reloaded assembly
- Finished resetting the current domain, in  0.502 seconds
Domain Reload Profiling: 14405ms
	BeginReloadAssembly (12330ms)
		ExecutionOrderSort (0ms)
		DisableScriptedObjects (0ms)
		BackupInstance (0ms)
		ReleaseScriptingObjects (0ms)
		CreateAndSetChildDomain (1ms)
	RebuildCommonClasses (408ms)
	RebuildNativeTypeToScriptingClass (20ms)
	initialDomainReloadingComplete (700ms)
	LoadAllAssembliesAndSetupDomain (444ms)
		LoadAssemblies (12328ms)
		RebuildTransferFunctionScriptingTraits (0ms)
		AnalyzeDomain (440ms)
			TypeCache.Refresh (437ms)
				TypeCache.ScanAssembly (412ms)
			ScanForSourceGeneratedMonoScriptInfo (1ms)
			ResolveRequiredComponents (1ms)
	FinalizeReload (503ms)
		ReleaseScriptCaches (0ms)
		RebuildScriptCaches (0ms)
		SetupLoadedEditorAssemblies (389ms)
			LogAssemblyErrors (0ms)
			InitializePlatformSupportModulesInManaged (21ms)
			SetLoadedEditorAssemblies (11ms)
			RefreshPlugins (0ms)
			BeforeProcessingInitializeOnLoad (5ms)
			ProcessInitializeOnLoadAttributes (273ms)
			ProcessInitializeOnLoadMethodAttributes (79ms)
			AfterProcessingInitializeOnLoad (0ms)
			EditorAssembliesLoaded (0ms)
		ExecutionOrderSort2 (0ms)
		AwakeInstancesAfterBackupRestoration (0ms)
========================================================================
Worker process is ready to serve import requests
Begin MonoManager ReloadAssembly
Symbol file LoadedFromMemory doesn't match image E:\Unity\3DProject\Library\PackageCache\com.unity.visualscripting@1.8.0\Editor\VisualScripting.Core\Dependencies\YamlDotNet\Unity.VisualScripting.YamlDotNet.dll
Symbol file LoadedFromMemory doesn't match image E:\Unity\3DProject\Library\PackageCache\com.unity.visualscripting@1.8.0\Editor\VisualScripting.Core\Dependencies\DotNetZip\Unity.VisualScripting.IonicZip.dll
- Loaded All Assemblies, in 11.161 seconds
Refreshing native plugins compatible for Editor in 3.55 ms, found 3 plugins.
Native extension for WindowsStandalone target not found
Native extension for WebGL target not found
Mono: successfully reloaded assembly
- Finished resetting the current domain, in  1.036 seconds
Domain Reload Profiling: 12193ms
	BeginReloadAssembly (293ms)
		ExecutionOrderSort (0ms)
		DisableScriptedObjects (9ms)
		BackupInstance (0ms)
		ReleaseScriptingObjects (0ms)
		CreateAndSetChildDomain (41ms)
	RebuildCommonClasses (64ms)
	RebuildNativeTypeToScriptingClass (23ms)
	initialDomainReloadingComplete (78ms)
	LoadAllAssembliesAndSetupDomain (10698ms)
		LoadAssemblies (10564ms)
		RebuildTransferFunctionScriptingTraits (0ms)
		AnalyzeDomain (310ms)
			TypeCache.Refresh (274ms)
				TypeCache.ScanAssembly (249ms)
			ScanForSourceGeneratedMonoScriptInfo (26ms)
			ResolveRequiredComponents (8ms)
	FinalizeReload (1037ms)
		ReleaseScriptCaches (0ms)
		RebuildScriptCaches (0ms)
		SetupLoadedEditorAssemblies (764ms)
			LogAssemblyErrors (0ms)
			InitializePlatformSupportModulesInManaged (11ms)
			SetLoadedEditorAssemblies (5ms)
			RefreshPlugins (0ms)
			BeforeProcessingInitializeOnLoad (97ms)
			ProcessInitializeOnLoadAttributes (603ms)
			ProcessInitializeOnLoadMethodAttributes (38ms)
			AfterProcessingInitializeOnLoad (9ms)
			EditorAssembliesLoaded (0ms)
		ExecutionOrderSort2 (0ms)
		AwakeInstancesAfterBackupRestoration (10ms)
Launched and connected shader compiler UnityShaderCompiler.exe after 0.11 seconds
Refreshing native plugins compatible for Editor in 4.78 ms, found 3 plugins.
Preloading 0 native plugins for Editor in 0.00 ms.
Unloading 3123 Unused Serialized files (Serialized files now loaded: 0)
Unloading 29 unused Assets / (56.6 KB). Loaded Objects now: 3591.
Memory consumption went from 124.9 MB to 124.9 MB.
Total: 6.496900 ms (FindLiveObjects: 0.628500 ms CreateObjectMapping: 0.172700 ms MarkObjects: 5.492900 ms  DeleteObjects: 0.201100 ms)

AssetImportParameters requested are different than current active one (requested -> active):
  custom:container-demuxer-ogg: 62fdf1f143b41e24485cea50d1cbac27 -> 
  custom:video-codec-MediaFoundation-h265: 746d11721c4dcdbdad8f713fa42b33f4 -> 
  custom:video-decoder-ogg-theora: a1e56fd34408186e4bbccfd4996cb3dc -> 
  custom:framework-win-MediaFoundation: 216162199b28c13a410421893ffa2e32 -> 
  custom:CustomObjectIndexerAttribute: 756ad292c208cfabdd7b50bc23989ffe -> 
  custom:container-demuxer-webm: 4f35f7cbe854078d1ac9338744f61a02 -> 
  custom:container-muxer-webm: aa71ff27fc2769a1b78a27578f13a17b -> 
  custom:video-decoder-webm-vp8: 9c59270c3fd7afecdb556c50c9e8de78 -> 
  custom:SearchIndexIgnoredProperties: e643bd26f0fe6173181afceb89e7c659 -> 
  custom:AudioImporter_EditorPlatform: d09bf68614088b80899f8185d706f6e7 -> 
  custom:video-encoder-webm-vp8: eb34c28f22e8b96e1ab97ce403110664 -> 
  custom:audio-decoder-ogg-vorbis: bf7c407c2cedff20999df2af8eb42d56 -> 
  custom:audio-encoder-webm-vorbis: bf7c407c2cedff20999df2af8eb42d56 -> 
========================================================================
Received Import Request.
  Time since last request: 1387980.614946 seconds.
  path: Assets/Package/Asset/KayKit_Restaurant_Bits_1.0_FREE/KayKit_Restaurant_Bits_1.0_FREE/Assets/fbx/food_ingredient_lettuce_chopped.fbx
  artifactKey: Guid(db0b3ff8e40a1db4fb04ed96a119324e) Importer(815301076,1909f56bfc062723c751e8b465ee728b)
Start importing Assets/Package/Asset/KayKit_Restaurant_Bits_1.0_FREE/KayKit_Restaurant_Bits_1.0_FREE/Assets/fbx/food_ingredient_lettuce_chopped.fbx using Guid(db0b3ff8e40a1db4fb04ed96a119324e) Importer(815301076,1909f56bfc062723c751e8b465ee728b)  -> (artifact id: '8eb13a5151fe63ff724c53d6e26461e4') in 0.297714 seconds
Number of updated asset objects reloaded before import = 0
Number of asset objects unloaded after import = 9
========================================================================
Received Import Request.
  Time since last request: 0.000050 seconds.
  path: Assets/Package/Asset/KayKit_Restaurant_Bits_1.0_FREE/KayKit_Restaurant_Bits_1.0_FREE/Assets/fbx/food_ingredient_steak.fbx
  artifactKey: Guid(1b32126ad308c934a80534b11db3d0ed) Importer(815301076,1909f56bfc062723c751e8b465ee728b)
Start importing Assets/Package/Asset/KayKit_Restaurant_Bits_1.0_FREE/KayKit_Restaurant_Bits_1.0_FREE/Assets/fbx/food_ingredient_steak.fbx using Guid(1b32126ad308c934a80534b11db3d0ed) Importer(815301076,1909f56bfc062723c751e8b465ee728b)  -> (artifact id: 'd9aebe0af594da015b7d0af9dc2ba2df') in 0.057109 seconds
Number of updated asset objects reloaded before import = 0
Number of asset objects unloaded after import = 9
========================================================================
Received Import Request.
  Time since last request: 0.000036 seconds.
  path: Assets/Package/Asset/KayKit_Restaurant_Bits_1.0_FREE/KayKit_Restaurant_Bits_1.0_FREE/Assets/fbx/food_ingredient_cheese.fbx
  artifactKey: Guid(d787d826a23327843891ff6071dfcc34) Importer(815301076,1909f56bfc062723c751e8b465ee728b)
Start importing Assets/Package/Asset/KayKit_Restaurant_Bits_1.0_FREE/KayKit_Restaurant_Bits_1.0_FREE/Assets/fbx/food_ingredient_cheese.fbx using Guid(d787d826a23327843891ff6071dfcc34) Importer(815301076,1909f56bfc062723c751e8b465ee728b)  -> (artifact id: 'e2cd1c78b37242d8da0f40bc40e0db5b') in 0.040820 seconds
Number of updated asset objects reloaded before import = 0
Number of asset objects unloaded after import = 9
========================================================================
Received Import Request.
  Time since last request: 0.000031 seconds.
  path: Assets/Package/Asset/KayKit_Restaurant_Bits_1.0_FREE/KayKit_Restaurant_Bits_1.0_FREE/Assets/fbx (unity)/chair_A.fbx
  artifactKey: Guid(da76fbdd390d4d64d9aa6770814b506c) Importer(815301076,1909f56bfc062723c751e8b465ee728b)
Start importing Assets/Package/Asset/KayKit_Restaurant_Bits_1.0_FREE/KayKit_Restaurant_Bits_1.0_FREE/Assets/fbx (unity)/chair_A.fbx using Guid(da76fbdd390d4d64d9aa6770814b506c) Importer(815301076,1909f56bfc062723c751e8b465ee728b)  -> (artifact id: 'b3ee8827689b68d9ae198cbcfd795d59') in 0.041558 seconds
Number of updated asset objects reloaded before import = 0
Number of asset objects unloaded after import = 9
========================================================================
Received Import Request.
  Time since last request: 0.000025 seconds.
  path: Assets/Package/Asset/KayKit_Restaurant_Bits_1.0_FREE/KayKit_Restaurant_Bits_1.0_FREE/Assets/fbx (unity)/fridge_A.fbx
  artifactKey: Guid(93083fd87037cca4299e4c8520c74726) Importer(815301076,1909f56bfc062723c751e8b465ee728b)
Start importing Assets/Package/Asset/KayKit_Restaurant_Bits_1.0_FREE/KayKit_Restaurant_Bits_1.0_FREE/Assets/fbx (unity)/fridge_A.fbx using Guid(93083fd87037cca4299e4c8520c74726) Importer(815301076,1909f56bfc062723c751e8b465ee728b)  -> (artifact id: '5bb073c96738a8639f6fe9582e2cc4b7') in 0.071809 seconds
Number of updated asset objects reloaded before import = 0
Number of asset objects unloaded after import = 19
========================================================================
Received Import Request.
  Time since last request: 0.000029 seconds.
  path: Assets/Package/Asset/KayKit_Restaurant_Bits_1.0_FREE/KayKit_Restaurant_Bits_1.0_FREE/Assets/fbx
  artifactKey: Guid(a8ef13b21743cc94c8f834499063b515) Importer(815301076,1909f56bfc062723c751e8b465ee728b)
Start importing Assets/Package/Asset/KayKit_Restaurant_Bits_1.0_FREE/KayKit_Restaurant_Bits_1.0_FREE/Assets/fbx using Guid(a8ef13b21743cc94c8f834499063b515) Importer(815301076,1909f56bfc062723c751e8b465ee728b)  -> (artifact id: 'f5fe7ad2f3b16ca5f821a113f4023fff') in 0.001123 seconds
Number of updated asset objects reloaded before import = 0
Number of asset objects unloaded after import = 0
========================================================================
Received Import Request.
  Time since last request: 0.000146 seconds.
  path: Assets/Package/Asset/KayKit_Restaurant_Bits_1.0_FREE/KayKit_Restaurant_Bits_1.0_FREE/Assets/fbx/crate_lid.fbx
  artifactKey: Guid(cde94e644450de44684145c96177aac7) Importer(815301076,1909f56bfc062723c751e8b465ee728b)
Start importing Assets/Package/Asset/KayKit_Restaurant_Bits_1.0_FREE/KayKit_Restaurant_Bits_1.0_FREE/Assets/fbx/crate_lid.fbx using Guid(cde94e644450de44684145c96177aac7) Importer(815301076,1909f56bfc062723c751e8b465ee728b)  -> (artifact id: 'e4b49451817da141ceeca67c16d09838') in 0.045316 seconds
Number of updated asset objects reloaded before import = 0
Number of asset objects unloaded after import = 9
========================================================================
Received Import Request.
  Time since last request: 0.000033 seconds.
  path: Assets/Package/Asset/KayKit_Restaurant_Bits_1.0_FREE/KayKit_Restaurant_Bits_1.0_FREE/Assets/fbx (unity)/crate_tomatoes.fbx
  artifactKey: Guid(dd08393c8b776ce4bb74c72c48723052) Importer(815301076,1909f56bfc062723c751e8b465ee728b)
Start importing Assets/Package/Asset/KayKit_Restaurant_Bits_1.0_FREE/KayKit_Restaurant_Bits_1.0_FREE/Assets/fbx (unity)/crate_tomatoes.fbx using Guid(dd08393c8b776ce4bb74c72c48723052) Importer(815301076,1909f56bfc062723c751e8b465ee728b)  -> (artifact id: 'f7d9044d79c45bb818a24abc4a70d338') in 0.042210 seconds
Number of updated asset objects reloaded before import = 0
Number of asset objects unloaded after import = 9
========================================================================
Received Import Request.
  Time since last request: 0.000035 seconds.
  path: Assets/Package/Asset/KayKit_Restaurant_Bits_1.0_FREE/KayKit_Restaurant_Bits_1.0_FREE/Assets/fbx (unity)/food_ingredient_steak_pieces.fbx
  artifactKey: Guid(c6761bc1a8ffc124184c1e36f933a14b) Importer(815301076,1909f56bfc062723c751e8b465ee728b)
Start importing Assets/Package/Asset/KayKit_Restaurant_Bits_1.0_FREE/KayKit_Restaurant_Bits_1.0_FREE/Assets/fbx (unity)/food_ingredient_steak_pieces.fbx using Guid(c6761bc1a8ffc124184c1e36f933a14b) Importer(815301076,1909f56bfc062723c751e8b465ee728b)  -> (artifact id: 'c8d645b3a08224c0f7691572ff80e5c7') in 0.044366 seconds
Number of updated asset objects reloaded before import = 0
Number of asset objects unloaded after import = 9
========================================================================
Received Import Request.
  Time since last request: 0.000025 seconds.
  path: Assets/Package/Asset/KayKit_Restaurant_Bits_1.0_FREE/KayKit_Restaurant_Bits_1.0_FREE/Assets/fbx (unity)/food_ingredient_cheese_chopped.fbx
  artifactKey: Guid(f260d7c380523c14387666a6fd1df2b5) Importer(815301076,1909f56bfc062723c751e8b465ee728b)
Start importing Assets/Package/Asset/KayKit_Restaurant_Bits_1.0_FREE/KayKit_Restaurant_Bits_1.0_FREE/Assets/fbx (unity)/food_ingredient_cheese_chopped.fbx using Guid(f260d7c380523c14387666a6fd1df2b5) Importer(815301076,1909f56bfc062723c751e8b465ee728b)  -> (artifact id: 'b47342db49bbf9ac6d5a4b2e3f80f449') in 0.034584 seconds
Number of updated asset objects reloaded before import = 0
Number of asset objects unloaded after import = 9
========================================================================
Received Import Request.
  Time since last request: 0.000025 seconds.
  path: Assets/Package/Asset/KayKit_Restaurant_Bits_1.0_FREE/KayKit_Restaurant_Bits_1.0_FREE/Assets/fbx (unity)/food_ingredient_ham_cooked.fbx
  artifactKey: Guid(d3f32ce01c89f9f49a76aed2b1a00148) Importer(815301076,1909f56bfc062723c751e8b465ee728b)
Start importing Assets/Package/Asset/KayKit_Restaurant_Bits_1.0_FREE/KayKit_Restaurant_Bits_1.0_FREE/Assets/fbx (unity)/food_ingredient_ham_cooked.fbx using Guid(d3f32ce01c89f9f49a76aed2b1a00148) Importer(815301076,1909f56bfc062723c751e8b465ee728b)  -> (artifact id: 'b56189a38aba9ee15fcee3408930bd80') in 0.044093 seconds
Number of updated asset objects reloaded before import = 0
Number of asset objects unloaded after import = 9
========================================================================
Received Import Request.
  Time since last request: 0.000033 seconds.
  path: Assets/Package/Asset/KayKit_Restaurant_Bits_1.0_FREE/KayKit_Restaurant_Bits_1.0_FREE/Assets/fbx/food_dinner.fbx
  artifactKey: Guid(e9525127bf8ad2f4492fae9d7cdf2824) Importer(815301076,1909f56bfc062723c751e8b465ee728b)
Start importing Assets/Package/Asset/KayKit_Restaurant_Bits_1.0_FREE/KayKit_Restaurant_Bits_1.0_FREE/Assets/fbx/food_dinner.fbx using Guid(e9525127bf8ad2f4492fae9d7cdf2824) Importer(815301076,1909f56bfc062723c751e8b465ee728b)  -> (artifact id: 'e15b06f66f736a327935aa5f5be30855') in 0.041322 seconds
Number of updated asset objects reloaded before import = 0
Number of asset objects unloaded after import = 9
========================================================================
Received Import Request.
  Time since last request: 0.000046 seconds.
  path: Assets/Package/Asset/KayKit_Restaurant_Bits_1.0_FREE/KayKit_Restaurant_Bits_1.0_FREE/Assets/fbx/food_ingredient_cheese_slice.fbx
  artifactKey: Guid(6d7be6e6d10fa8d4a82e7b897032d2ed) Importer(815301076,1909f56bfc062723c751e8b465ee728b)
Start importing Assets/Package/Asset/KayKit_Restaurant_Bits_1.0_FREE/KayKit_Restaurant_Bits_1.0_FREE/Assets/fbx/food_ingredient_cheese_slice.fbx using Guid(6d7be6e6d10fa8d4a82e7b897032d2ed) Importer(815301076,1909f56bfc062723c751e8b465ee728b)  -> (artifact id: 'e33675283dda7782d6f8b1346e76c222') in 0.038920 seconds
Number of updated asset objects reloaded before import = 0
Number of asset objects unloaded after import = 9
========================================================================
Received Import Request.
  Time since last request: 0.000023 seconds.
  path: Assets/Package/Asset/KayKit_Restaurant_Bits_1.0_FREE/KayKit_Restaurant_Bits_1.0_FREE/Assets/fbx (unity)/crate_buns.fbx
  artifactKey: Guid(a49136349332a6141abc1779173ad06c) Importer(815301076,1909f56bfc062723c751e8b465ee728b)
Start importing Assets/Package/Asset/KayKit_Restaurant_Bits_1.0_FREE/KayKit_Restaurant_Bits_1.0_FREE/Assets/fbx (unity)/crate_buns.fbx using Guid(a49136349332a6141abc1779173ad06c) Importer(815301076,1909f56bfc062723c751e8b465ee728b)  -> (artifact id: '0d81a63c44a5b453a0a0cff2680a8afb') in 0.039010 seconds
Number of updated asset objects reloaded before import = 0
Number of asset objects unloaded after import = 9
========================================================================
Received Import Request.
  Time since last request: 0.000024 seconds.
  path: Assets/Package/Asset/KayKit_Restaurant_Bits_1.0_FREE/KayKit_Restaurant_Bits_1.0_FREE/Assets/fbx/crate_carrots.fbx
  artifactKey: Guid(16f2ca5eeae512f40a55e15ce24a19da) Importer(815301076,1909f56bfc062723c751e8b465ee728b)
Start importing Assets/Package/Asset/KayKit_Restaurant_Bits_1.0_FREE/KayKit_Restaurant_Bits_1.0_FREE/Assets/fbx/crate_carrots.fbx using Guid(16f2ca5eeae512f40a55e15ce24a19da) Importer(815301076,1909f56bfc062723c751e8b465ee728b)  -> (artifact id: '672293c551a72781195d9e872615a0db') in 0.036976 seconds
Number of updated asset objects reloaded before import = 0
Number of asset objects unloaded after import = 9
========================================================================
Received Import Request.
  Time since last request: 0.000041 seconds.
  path: Assets/Package/Asset/KayKit_Restaurant_Bits_1.0_FREE/KayKit_Restaurant_Bits_1.0_FREE/Assets/fbx (unity)/crate_onions.fbx
  artifactKey: Guid(584c262aaa538e34c95bff02381c2715) Importer(815301076,1909f56bfc062723c751e8b465ee728b)
Start importing Assets/Package/Asset/KayKit_Restaurant_Bits_1.0_FREE/KayKit_Restaurant_Bits_1.0_FREE/Assets/fbx (unity)/crate_onions.fbx using Guid(584c262aaa538e34c95bff02381c2715) Importer(815301076,1909f56bfc062723c751e8b465ee728b)  -> (artifact id: 'b11caabcd80c4a8c520754018a7cb07a') in 0.038651 seconds
Number of updated asset objects reloaded before import = 0
Number of asset objects unloaded after import = 9
========================================================================
Received Import Request.
  Time since last request: 0.000023 seconds.
  path: Assets/Package/Asset/KayKit_Restaurant_Bits_1.0_FREE/KayKit_Restaurant_Bits_1.0_FREE/Assets/fbx (unity)/food_burger.fbx
  artifactKey: Guid(e2ce3a6fb83d8504d9e16e8009933004) Importer(815301076,1909f56bfc062723c751e8b465ee728b)
Start importing Assets/Package/Asset/KayKit_Restaurant_Bits_1.0_FREE/KayKit_Restaurant_Bits_1.0_FREE/Assets/fbx (unity)/food_burger.fbx using Guid(e2ce3a6fb83d8504d9e16e8009933004) Importer(815301076,1909f56bfc062723c751e8b465ee728b)  -> (artifact id: '05290c50150342a3b4944d0b38e7ff83') in 0.038634 seconds
Number of updated asset objects reloaded before import = 0
Number of asset objects unloaded after import = 9
========================================================================
Received Import Request.
  Time since last request: 0.000098 seconds.
  path: Assets/Package/Asset/KayKit_Restaurant_Bits_1.0_FREE/KayKit_Restaurant_Bits_1.0_FREE/Assets/fbx (unity)/crate_carrots.fbx
  artifactKey: Guid(741abf1e50071cf4588b48aa1f36c877) Importer(815301076,1909f56bfc062723c751e8b465ee728b)
Start importing Assets/Package/Asset/KayKit_Restaurant_Bits_1.0_FREE/KayKit_Restaurant_Bits_1.0_FREE/Assets/fbx (unity)/crate_carrots.fbx using Guid(741abf1e50071cf4588b48aa1f36c877) Importer(815301076,1909f56bfc062723c751e8b465ee728b)  -> (artifact id: '65542a96aa977dcf311df1a8f327c61e') in 0.039785 seconds
Number of updated asset objects reloaded before import = 0
Number of asset objects unloaded after import = 9
========================================================================
Received Import Request.
  Time since last request: 0.000027 seconds.
  path: Assets/Package/Asset/KayKit_Restaurant_Bits_1.0_FREE/KayKit_Restaurant_Bits_1.0_FREE/Assets/fbx/crate_buns.fbx
  artifactKey: Guid(c5ef5cddced305e46b1cb7688742d1bf) Importer(815301076,1909f56bfc062723c751e8b465ee728b)
Start importing Assets/Package/Asset/KayKit_Restaurant_Bits_1.0_FREE/KayKit_Restaurant_Bits_1.0_FREE/Assets/fbx/crate_buns.fbx using Guid(c5ef5cddced305e46b1cb7688742d1bf) Importer(815301076,1909f56bfc062723c751e8b465ee728b)  -> (artifact id: '4c1fa885cd5b079b1e02fb6e22824813') in 0.037912 seconds
Number of updated asset objects reloaded before import = 0
Number of asset objects unloaded after import = 9
========================================================================
Received Import Request.
  Time since last request: 0.000039 seconds.
  path: Assets/Package/Asset/KayKit_Restaurant_Bits_1.0_FREE/KayKit_Restaurant_Bits_1.0_FREE/Assets/fbx (unity)/crate_lettuce.fbx
  artifactKey: Guid(8f95fd28fd7aa6145a0ab97894217f08) Importer(815301076,1909f56bfc062723c751e8b465ee728b)
Start importing Assets/Package/Asset/KayKit_Restaurant_Bits_1.0_FREE/KayKit_Restaurant_Bits_1.0_FREE/Assets/fbx (unity)/crate_lettuce.fbx using Guid(8f95fd28fd7aa6145a0ab97894217f08) Importer(815301076,1909f56bfc062723c751e8b465ee728b)  -> (artifact id: '632f448be2e920cb3e124517d5ab0e7e') in 0.039542 seconds
Number of updated asset objects reloaded before import = 0
Number of asset objects unloaded after import = 9
========================================================================
Received Import Request.
  Time since last request: 0.000032 seconds.
  path: Assets/Package/Asset/KayKit_Restaurant_Bits_1.0_FREE/KayKit_Restaurant_Bits_1.0_FREE/Assets/fbx/crate_lettuce.fbx
  artifactKey: Guid(e89827f949560f6409f8aa44b930d4fa) Importer(815301076,1909f56bfc062723c751e8b465ee728b)
Start importing Assets/Package/Asset/KayKit_Restaurant_Bits_1.0_FREE/KayKit_Restaurant_Bits_1.0_FREE/Assets/fbx/crate_lettuce.fbx using Guid(e89827f949560f6409f8aa44b930d4fa) Importer(815301076,1909f56bfc062723c751e8b465ee728b)  -> (artifact id: 'c28d06ef1e49cc4179852281c84c25ca') in 0.045113 seconds
Number of updated asset objects reloaded before import = 0
Number of asset objects unloaded after import = 9
========================================================================
Received Import Request.
  Time since last request: 0.000029 seconds.
  path: Assets/Package/Asset/KayKit_Restaurant_Bits_1.0_FREE/KayKit_Restaurant_Bits_1.0_FREE/Assets/fbx (unity)/food_ingredient_tomato_slices.fbx
  artifactKey: Guid(c14ac1f69bbcbc54ea5f11ab22a1995e) Importer(815301076,1909f56bfc062723c751e8b465ee728b)
Start importing Assets/Package/Asset/KayKit_Restaurant_Bits_1.0_FREE/KayKit_Restaurant_Bits_1.0_FREE/Assets/fbx (unity)/food_ingredient_tomato_slices.fbx using Guid(c14ac1f69bbcbc54ea5f11ab22a1995e) Importer(815301076,1909f56bfc062723c751e8b465ee728b)  -> (artifact id: '80ffb81f78af77c381826b6d1cae54a3') in 0.040876 seconds
Number of updated asset objects reloaded before import = 0
Number of asset objects unloaded after import = 9
========================================================================
Received Import Request.
  Time since last request: 0.000027 seconds.
  path: Assets/Package/Asset/KayKit_Restaurant_Bits_1.0_FREE/KayKit_Restaurant_Bits_1.0_FREE/Assets/fbx/food_ingredient_tomato.fbx
  artifactKey: Guid(b1f5dc93de62d8f45ac1018f2c2f5eb5) Importer(815301076,1909f56bfc062723c751e8b465ee728b)
Start importing Assets/Package/Asset/KayKit_Restaurant_Bits_1.0_FREE/KayKit_Restaurant_Bits_1.0_FREE/Assets/fbx/food_ingredient_tomato.fbx using Guid(b1f5dc93de62d8f45ac1018f2c2f5eb5) Importer(815301076,1909f56bfc062723c751e8b465ee728b)  -> (artifact id: 'a3ae21830c95766c1cac21a0723b98db') in 0.036728 seconds
Number of updated asset objects reloaded before import = 0
Number of asset objects unloaded after import = 9
========================================================================
Received Import Request.
  Time since last request: 0.000030 seconds.
  path: Assets/Package/Asset/KayKit_Restaurant_Bits_1.0_FREE/KayKit_Restaurant_Bits_1.0_FREE/Assets/fbx/crate_onions.fbx
  artifactKey: Guid(5664ead7faea5bf4b9201ed4d129734d) Importer(815301076,1909f56bfc062723c751e8b465ee728b)
Start importing Assets/Package/Asset/KayKit_Restaurant_Bits_1.0_FREE/KayKit_Restaurant_Bits_1.0_FREE/Assets/fbx/crate_onions.fbx using Guid(5664ead7faea5bf4b9201ed4d129734d) Importer(815301076,1909f56bfc062723c751e8b465ee728b)  -> (artifact id: '96ba83a00b9547535e9f6b3fa9661923') in 0.041978 seconds
Number of updated asset objects reloaded before import = 0
Number of asset objects unloaded after import = 9
========================================================================
Received Import Request.
  Time since last request: 0.000030 seconds.
  path: Assets/Package/Asset/KayKit_Restaurant_Bits_1.0_FREE/KayKit_Restaurant_Bits_1.0_FREE/Assets/fbx/food_ingredient_bun_bottom.fbx
  artifactKey: Guid(5f8e1bf258452f4428ecd224a1239b14) Importer(815301076,1909f56bfc062723c751e8b465ee728b)
Start importing Assets/Package/Asset/KayKit_Restaurant_Bits_1.0_FREE/KayKit_Restaurant_Bits_1.0_FREE/Assets/fbx/food_ingredient_bun_bottom.fbx using Guid(5f8e1bf258452f4428ecd224a1239b14) Importer(815301076,1909f56bfc062723c751e8b465ee728b)  -> (artifact id: '415233b7211f3663a2f451a38ed78893') in 0.040011 seconds
Number of updated asset objects reloaded before import = 0
Number of asset objects unloaded after import = 9
========================================================================
Received Import Request.
  Time since last request: 0.000039 seconds.
  path: Assets/Package/Asset/KayKit_Restaurant_Bits_1.0_FREE/KayKit_Restaurant_Bits_1.0_FREE/Assets/fbx/food_ingredient_onion_rings.fbx
  artifactKey: Guid(66903d659b78a52479449c3c932bb1b7) Importer(815301076,1909f56bfc062723c751e8b465ee728b)
Start importing Assets/Package/Asset/KayKit_Restaurant_Bits_1.0_FREE/KayKit_Restaurant_Bits_1.0_FREE/Assets/fbx/food_ingredient_onion_rings.fbx using Guid(66903d659b78a52479449c3c932bb1b7) Importer(815301076,1909f56bfc062723c751e8b465ee728b)  -> (artifact id: '84b4f951a67ef48aa9f0c7ac7fd5bbcd') in 0.036951 seconds
Number of updated asset objects reloaded before import = 0
Number of asset objects unloaded after import = 9
========================================================================
Received Import Request.
  Time since last request: 0.000030 seconds.
  path: Assets/Package/Asset/KayKit_Restaurant_Bits_1.0_FREE/KayKit_Restaurant_Bits_1.0_FREE/Assets/fbx/food_ingredient_burger_trash.fbx
  artifactKey: Guid(228bffe536f513b4fa5b7177efd8a39e) Importer(815301076,1909f56bfc062723c751e8b465ee728b)
Start importing Assets/Package/Asset/KayKit_Restaurant_Bits_1.0_FREE/KayKit_Restaurant_Bits_1.0_FREE/Assets/fbx/food_ingredient_burger_trash.fbx using Guid(228bffe536f513b4fa5b7177efd8a39e) Importer(815301076,1909f56bfc062723c751e8b465ee728b)  -> (artifact id: '1bbd963ab4105d0874bd46cff61e57c1') in 0.037191 seconds
Number of updated asset objects reloaded before import = 0
Number of asset objects unloaded after import = 9
========================================================================
Received Import Request.
  Time since last request: 0.000025 seconds.
  path: Assets/Package/Asset/KayKit_Restaurant_Bits_1.0_FREE/KayKit_Restaurant_Bits_1.0_FREE/Assets/fbx (unity)/crate_lid.fbx
  artifactKey: Guid(f92b6c25fa176ae4d9caba6790c7e01f) Importer(815301076,1909f56bfc062723c751e8b465ee728b)
Start importing Assets/Package/Asset/KayKit_Restaurant_Bits_1.0_FREE/KayKit_Restaurant_Bits_1.0_FREE/Assets/fbx (unity)/crate_lid.fbx using Guid(f92b6c25fa176ae4d9caba6790c7e01f) Importer(815301076,1909f56bfc062723c751e8b465ee728b)  -> (artifact id: 'e7eda88c2c3371e2cc056e7575674f49') in 0.038295 seconds
Number of updated asset objects reloaded before import = 0
Number of asset objects unloaded after import = 9
========================================================================
Received Import Request.
  Time since last request: 0.000029 seconds.
  path: Assets/Package/Asset/KayKit_Restaurant_Bits_1.0_FREE/KayKit_Restaurant_Bits_1.0_FREE/Assets/fbx/food_ingredient_burger_cooked.fbx
  artifactKey: Guid(6cc06a7105db5e54f85f3a83ed434f6d) Importer(815301076,1909f56bfc062723c751e8b465ee728b)
Start importing Assets/Package/Asset/KayKit_Restaurant_Bits_1.0_FREE/KayKit_Restaurant_Bits_1.0_FREE/Assets/fbx/food_ingredient_burger_cooked.fbx using Guid(6cc06a7105db5e54f85f3a83ed434f6d) Importer(815301076,1909f56bfc062723c751e8b465ee728b)  -> (artifact id: 'fec26b42f990e22d8ffa1b1c2f144901') in 0.043230 seconds
Number of updated asset objects reloaded before import = 0
Number of asset objects unloaded after import = 9
Editor requested this worker to shutdown with reason: Scaling down because of idle timeout
TcpMessagingSession - receive error: operation aborted. errorcode: 995, details: The I/O operation has been aborted because of either a thread exit or an application request.
AssetImportWorker is now disconnected from the server
Process exiting
Exiting without the bug reporter. Application will terminate with return code 0