Using pre-set license
Built from '2022.3/staging' branch; Version is '2022.3.7f1 (b16b3b16c7a0) revision 11627323'; Using compiler version '192829333'; Build Type 'Release'
OS: 'Windows 11  (10.0.26100) 64bit CoreSingleLanguage' Language: 'en' Physical Memory: 15612 MB
BatchMode: 1, IsHumanControllingUs: 0, StartBugReporterOnCrash: 0, Is64bit: 1, IsPro: 1

COMMAND LINE ARGUMENTS:
C:\Program Files\Unity\Hub\Editor\2022.3.7f1\Editor\Unity.exe
-adb2
-batchMode
-noUpm
-name
AssetImportWorker1
-projectPath
E:/Unity/3DProject
-logFile
Logs/AssetImportWorker1.log
-srvPort
61502
Successfully changed project path to: E:/Unity/3DProject
E:/Unity/3DProject
[UnityMemory] Configuration Parameters - Can be set up in boot.config
    "memorysetup-bucket-allocator-granularity=16"
    "memorysetup-bucket-allocator-bucket-count=8"
    "memorysetup-bucket-allocator-block-size=33554432"
    "memorysetup-bucket-allocator-block-count=8"
    "memorysetup-main-allocator-block-size=16777216"
    "memorysetup-thread-allocator-block-size=16777216"
    "memorysetup-gfx-main-allocator-block-size=16777216"
    "memorysetup-gfx-thread-allocator-block-size=16777216"
    "memorysetup-cache-allocator-block-size=4194304"
    "memorysetup-typetree-allocator-block-size=2097152"
    "memorysetup-profiler-bucket-allocator-granularity=16"
    "memorysetup-profiler-bucket-allocator-bucket-count=8"
    "memorysetup-profiler-bucket-allocator-block-size=33554432"
    "memorysetup-profiler-bucket-allocator-block-count=8"
    "memorysetup-profiler-allocator-block-size=16777216"
    "memorysetup-profiler-editor-allocator-block-size=1048576"
    "memorysetup-temp-allocator-size-main=16777216"
    "memorysetup-job-temp-allocator-block-size=2097152"
    "memorysetup-job-temp-allocator-block-size-background=1048576"
    "memorysetup-job-temp-allocator-reduction-small-platforms=262144"
    "memorysetup-allocator-temp-initial-block-size-main=262144"
    "memorysetup-allocator-temp-initial-block-size-worker=262144"
    "memorysetup-temp-allocator-size-background-worker=32768"
    "memorysetup-temp-allocator-size-job-worker=262144"
    "memorysetup-temp-allocator-size-preload-manager=33554432"
    "memorysetup-temp-allocator-size-nav-mesh-worker=65536"
    "memorysetup-temp-allocator-size-audio-worker=65536"
    "memorysetup-temp-allocator-size-cloud-worker=32768"
    "memorysetup-temp-allocator-size-gi-baking-worker=262144"
    "memorysetup-temp-allocator-size-gfx=262144"
Player connection [7820] Host "[IP] 172.18.109.200 [Port] 0 [Flags] 2 [Guid] 1530810398 [EditorId] 1530810398 [Version] 1048832 [Id] WindowsEditor(7,NgiaDiep) [Debug] 1 [PackageName] WindowsEditor [ProjectName] Editor" joined multi-casting on [225.0.0.222:54997]...

Player connection [7820] Host "[IP] 172.18.109.200 [Port] 0 [Flags] 2 [Guid] 1530810398 [EditorId] 1530810398 [Version] 1048832 [Id] WindowsEditor(7,NgiaDiep) [Debug] 1 [PackageName] WindowsEditor [ProjectName] Editor" joined alternative multi-casting on [225.0.0.222:34997]...

Refreshing native plugins compatible for Editor in 11.05 ms, found 3 plugins.
Preloading 0 native plugins for Editor in 0.00 ms.
Initialize engine version: 2022.3.7f1 (b16b3b16c7a0)
[Subsystems] Discovering subsystems at path C:/Program Files/Unity/Hub/Editor/2022.3.7f1/Editor/Data/Resources/UnitySubsystems
[Subsystems] Discovering subsystems at path E:/Unity/3DProject/Assets
GfxDevice: creating device client; threaded=0; jobified=0
Direct3D:
    Version:  Direct3D 11.0 [level 11.1]
    Renderer: NVIDIA GeForce RTX 3050 Laptop GPU (ID=0x25a2)
    Vendor:   NVIDIA
    VRAM:     3964 MB
    Driver:   32.0.15.6590
Initialize mono
Mono path[0] = 'C:/Program Files/Unity/Hub/Editor/2022.3.7f1/Editor/Data/Managed'
Mono path[1] = 'C:/Program Files/Unity/Hub/Editor/2022.3.7f1/Editor/Data/MonoBleedingEdge/lib/mono/unityjit-win32'
Mono config path = 'C:/Program Files/Unity/Hub/Editor/2022.3.7f1/Editor/Data/MonoBleedingEdge/etc'
Using monoOptions --debugger-agent=transport=dt_socket,embedding=1,server=y,suspend=n,address=127.0.0.1:56200
Begin MonoManager ReloadAssembly
Registering precompiled unity dll's ...
Register platform support module: C:/Program Files/Unity/Hub/Editor/2022.3.7f1/Editor/Data/PlaybackEngines/WebGLSupport/UnityEditor.WebGL.Extensions.dll
Register platform support module: C:/Program Files/Unity/Hub/Editor/2022.3.7f1/Editor/Data/PlaybackEngines/WindowsStandaloneSupport/UnityEditor.WindowsStandalone.Extensions.dll
Registered in 0.013679 seconds.
- Loaded All Assemblies, in  0.618 seconds
Native extension for WindowsStandalone target not found
Native extension for WebGL target not found
Mono: successfully reloaded assembly
- Finished resetting the current domain, in  0.424 seconds
Domain Reload Profiling: 1040ms
	BeginReloadAssembly (189ms)
		ExecutionOrderSort (0ms)
		DisableScriptedObjects (0ms)
		BackupInstance (0ms)
		ReleaseScriptingObjects (0ms)
		CreateAndSetChildDomain (2ms)
	RebuildCommonClasses (65ms)
	RebuildNativeTypeToScriptingClass (16ms)
	initialDomainReloadingComplete (89ms)
	LoadAllAssembliesAndSetupDomain (257ms)
		LoadAssemblies (186ms)
		RebuildTransferFunctionScriptingTraits (0ms)
		AnalyzeDomain (253ms)
			TypeCache.Refresh (251ms)
				TypeCache.ScanAssembly (232ms)
			ScanForSourceGeneratedMonoScriptInfo (1ms)
			ResolveRequiredComponents (1ms)
	FinalizeReload (424ms)
		ReleaseScriptCaches (0ms)
		RebuildScriptCaches (0ms)
		SetupLoadedEditorAssemblies (321ms)
			LogAssemblyErrors (0ms)
			InitializePlatformSupportModulesInManaged (17ms)
			SetLoadedEditorAssemblies (9ms)
			RefreshPlugins (0ms)
			BeforeProcessingInitializeOnLoad (3ms)
			ProcessInitializeOnLoadAttributes (209ms)
			ProcessInitializeOnLoadMethodAttributes (81ms)
			AfterProcessingInitializeOnLoad (0ms)
			EditorAssembliesLoaded (0ms)
		ExecutionOrderSort2 (0ms)
		AwakeInstancesAfterBackupRestoration (0ms)
========================================================================
Worker process is ready to serve import requests
Begin MonoManager ReloadAssembly
Symbol file LoadedFromMemory doesn't match image E:\Unity\3DProject\Library\PackageCache\com.unity.visualscripting@1.8.0\Editor\VisualScripting.Core\Dependencies\YamlDotNet\Unity.VisualScripting.YamlDotNet.dll
Symbol file LoadedFromMemory doesn't match image E:\Unity\3DProject\Library\PackageCache\com.unity.visualscripting@1.8.0\Editor\VisualScripting.Core\Dependencies\DotNetZip\Unity.VisualScripting.IonicZip.dll
- Loaded All Assemblies, in  0.969 seconds
Refreshing native plugins compatible for Editor in 4.69 ms, found 3 plugins.
Native extension for WindowsStandalone target not found
Native extension for WebGL target not found
Mono: successfully reloaded assembly
- Finished resetting the current domain, in  0.985 seconds
Domain Reload Profiling: 1952ms
	BeginReloadAssembly (242ms)
		ExecutionOrderSort (0ms)
		DisableScriptedObjects (9ms)
		BackupInstance (0ms)
		ReleaseScriptingObjects (0ms)
		CreateAndSetChildDomain (38ms)
	RebuildCommonClasses (52ms)
	RebuildNativeTypeToScriptingClass (16ms)
	initialDomainReloadingComplete (73ms)
	LoadAllAssembliesAndSetupDomain (584ms)
		LoadAssemblies (428ms)
		RebuildTransferFunctionScriptingTraits (0ms)
		AnalyzeDomain (292ms)
			TypeCache.Refresh (261ms)
				TypeCache.ScanAssembly (239ms)
			ScanForSourceGeneratedMonoScriptInfo (21ms)
			ResolveRequiredComponents (7ms)
	FinalizeReload (986ms)
		ReleaseScriptCaches (0ms)
		RebuildScriptCaches (0ms)
		SetupLoadedEditorAssemblies (717ms)
			LogAssemblyErrors (0ms)
			InitializePlatformSupportModulesInManaged (14ms)
			SetLoadedEditorAssemblies (6ms)
			RefreshPlugins (0ms)
			BeforeProcessingInitializeOnLoad (104ms)
			ProcessInitializeOnLoadAttributes (541ms)
			ProcessInitializeOnLoadMethodAttributes (38ms)
			AfterProcessingInitializeOnLoad (12ms)
			EditorAssembliesLoaded (0ms)
		ExecutionOrderSort2 (0ms)
		AwakeInstancesAfterBackupRestoration (14ms)
Launched and connected shader compiler UnityShaderCompiler.exe after 0.08 seconds
Refreshing native plugins compatible for Editor in 3.37 ms, found 3 plugins.
Preloading 0 native plugins for Editor in 0.00 ms.
Unloading 3123 Unused Serialized files (Serialized files now loaded: 0)
Unloading 29 unused Assets / (56.3 KB). Loaded Objects now: 3585.
Memory consumption went from 115.0 MB to 114.9 MB.
Total: 5.380900 ms (FindLiveObjects: 0.511600 ms CreateObjectMapping: 0.187700 ms MarkObjects: 4.508100 ms  DeleteObjects: 0.171700 ms)

AssetImportParameters requested are different than current active one (requested -> active):
  custom:container-demuxer-ogg: 62fdf1f143b41e24485cea50d1cbac27 -> 
  custom:video-codec-MediaFoundation-h265: 746d11721c4dcdbdad8f713fa42b33f4 -> 
  custom:video-decoder-ogg-theora: a1e56fd34408186e4bbccfd4996cb3dc -> 
  custom:framework-win-MediaFoundation: 216162199b28c13a410421893ffa2e32 -> 
  custom:CustomObjectIndexerAttribute: 756ad292c208cfabdd7b50bc23989ffe -> 
  custom:container-demuxer-webm: 4f35f7cbe854078d1ac9338744f61a02 -> 
  custom:container-muxer-webm: aa71ff27fc2769a1b78a27578f13a17b -> 
  custom:video-decoder-webm-vp8: 9c59270c3fd7afecdb556c50c9e8de78 -> 
  custom:SearchIndexIgnoredProperties: e643bd26f0fe6173181afceb89e7c659 -> 
  custom:AudioImporter_EditorPlatform: d09bf68614088b80899f8185d706f6e7 -> 
  custom:video-encoder-webm-vp8: eb34c28f22e8b96e1ab97ce403110664 -> 
  custom:audio-decoder-ogg-vorbis: bf7c407c2cedff20999df2af8eb42d56 -> 
  custom:audio-encoder-webm-vorbis: bf7c407c2cedff20999df2af8eb42d56 -> 
========================================================================
Received Import Request.
  Time since last request: 1202043.436959 seconds.
  path: Assets/Package/UI/Font/Kenney Future Narrow.ttf
  artifactKey: Guid(43b6a7a595324c84ebbca7ad8cfb7b41) Importer(815301076,1909f56bfc062723c751e8b465ee728b)
Start importing Assets/Package/UI/Font/Kenney Future Narrow.ttf using Guid(43b6a7a595324c84ebbca7ad8cfb7b41) Importer(815301076,1909f56bfc062723c751e8b465ee728b)  -> (artifact id: 'b0e7892b77958c6523a54f98fdc6d7b3') in 0.214534 seconds
Number of updated asset objects reloaded before import = 0
Number of asset objects unloaded after import = 4
========================================================================
Received Import Request.
  Time since last request: 825.510681 seconds.
  path: Assets/Package/Asset/Tiny_Treats_Pretty_Park_1.0_FREE/Tiny_Treats_Pretty_Park_1.0_FREE/sample.png
  artifactKey: Guid(75ab97fa64a72e44fa5b3edc64e1eb88) Importer(815301076,1909f56bfc062723c751e8b465ee728b)
Start importing Assets/Package/Asset/Tiny_Treats_Pretty_Park_1.0_FREE/Tiny_Treats_Pretty_Park_1.0_FREE/sample.png using Guid(75ab97fa64a72e44fa5b3edc64e1eb88) Importer(815301076,1909f56bfc062723c751e8b465ee728b)  -> (artifact id: 'c90692b4aeb17c57e1d7915c0737e282') in 0.044429 seconds
Number of updated asset objects reloaded before import = 0
Number of asset objects unloaded after import = 2
========================================================================
Received Import Request.
  Time since last request: 4.865489 seconds.
  path: Assets/Package/Asset/Tiny_Treats_Pretty_Park_1.0_FREE/Tiny_Treats_Pretty_Park_1.0_FREE/Assets/fbx(unity)/bird.fbx
  artifactKey: Guid(adbcafd718b5cc047b8e5e6312b25b3b) Importer(815301076,1909f56bfc062723c751e8b465ee728b)
Start importing Assets/Package/Asset/Tiny_Treats_Pretty_Park_1.0_FREE/Tiny_Treats_Pretty_Park_1.0_FREE/Assets/fbx(unity)/bird.fbx using Guid(adbcafd718b5cc047b8e5e6312b25b3b) Importer(815301076,1909f56bfc062723c751e8b465ee728b)  -> (artifact id: '90050993f9655be701fdad928c9c399b') in 0.499329 seconds
Number of updated asset objects reloaded before import = 0
Number of asset objects unloaded after import = 9
========================================================================
Received Import Request.
  Time since last request: 0.000061 seconds.
  path: Assets/Package/Asset/Tiny_Treats_Pretty_Park_1.0_FREE/Tiny_Treats_Pretty_Park_1.0_FREE/Assets/fbx(unity)/bush.fbx
  artifactKey: Guid(2bb5bb33863bb4b439b14b2a01cec87c) Importer(815301076,1909f56bfc062723c751e8b465ee728b)
Start importing Assets/Package/Asset/Tiny_Treats_Pretty_Park_1.0_FREE/Tiny_Treats_Pretty_Park_1.0_FREE/Assets/fbx(unity)/bush.fbx using Guid(2bb5bb33863bb4b439b14b2a01cec87c) Importer(815301076,1909f56bfc062723c751e8b465ee728b)  -> (artifact id: 'ce9988dcf2bc7b8a777209fcb1dec1a2') in 0.059315 seconds
Number of updated asset objects reloaded before import = 0
Number of asset objects unloaded after import = 9
========================================================================
Received Import Request.
  Time since last request: 0.000046 seconds.
  path: Assets/Package/Asset/Tiny_Treats_Pretty_Park_1.0_FREE/Tiny_Treats_Pretty_Park_1.0_FREE/Assets/fbx(unity)/bush_large.fbx
  artifactKey: Guid(9887c4f5e886db248aabc3950fb0005d) Importer(815301076,1909f56bfc062723c751e8b465ee728b)
Start importing Assets/Package/Asset/Tiny_Treats_Pretty_Park_1.0_FREE/Tiny_Treats_Pretty_Park_1.0_FREE/Assets/fbx(unity)/bush_large.fbx using Guid(9887c4f5e886db248aabc3950fb0005d) Importer(815301076,1909f56bfc062723c751e8b465ee728b)  -> (artifact id: '16b66c69cfde41ee8f9e1427c8f23330') in 0.058179 seconds
Number of updated asset objects reloaded before import = 0
Number of asset objects unloaded after import = 9
========================================================================
Received Import Request.
  Time since last request: 0.000035 seconds.
  path: Assets/Package/Asset/Tiny_Treats_Pretty_Park_1.0_FREE/Tiny_Treats_Pretty_Park_1.0_FREE/Assets/fbx(unity)/cobble_stones_large.fbx
  artifactKey: Guid(542318b1d9f177643bb93edabc8b1af6) Importer(815301076,1909f56bfc062723c751e8b465ee728b)
Start importing Assets/Package/Asset/Tiny_Treats_Pretty_Park_1.0_FREE/Tiny_Treats_Pretty_Park_1.0_FREE/Assets/fbx(unity)/cobble_stones_large.fbx using Guid(542318b1d9f177643bb93edabc8b1af6) Importer(815301076,1909f56bfc062723c751e8b465ee728b)  -> (artifact id: '88c3b27d3eef2cf8b80e0ffc67d07338') in 0.048005 seconds
Number of updated asset objects reloaded before import = 0
Number of asset objects unloaded after import = 9
========================================================================
Received Import Request.
  Time since last request: 0.000038 seconds.
  path: Assets/Package/Asset/Tiny_Treats_Pretty_Park_1.0_FREE/Tiny_Treats_Pretty_Park_1.0_FREE/Assets/fbx(unity)/fountain.fbx
  artifactKey: Guid(09588fb2c77902b4198fcf4bb6c96476) Importer(815301076,1909f56bfc062723c751e8b465ee728b)
Start importing Assets/Package/Asset/Tiny_Treats_Pretty_Park_1.0_FREE/Tiny_Treats_Pretty_Park_1.0_FREE/Assets/fbx(unity)/fountain.fbx using Guid(09588fb2c77902b4198fcf4bb6c96476) Importer(815301076,1909f56bfc062723c751e8b465ee728b)  -> (artifact id: '8592673cb1842eacf4bad748b904f39f') in 0.086981 seconds
Number of updated asset objects reloaded before import = 0
Number of asset objects unloaded after import = 19
========================================================================
Received Import Request.
  Time since last request: 0.000483 seconds.
  path: Assets/Package/Asset/Tiny_Treats_Pretty_Park_1.0_FREE/Tiny_Treats_Pretty_Park_1.0_FREE/Assets/fbx(unity)/cobble_stones.fbx
  artifactKey: Guid(5f65b3d92f8c12e4580be646dee87a6f) Importer(815301076,1909f56bfc062723c751e8b465ee728b)
Start importing Assets/Package/Asset/Tiny_Treats_Pretty_Park_1.0_FREE/Tiny_Treats_Pretty_Park_1.0_FREE/Assets/fbx(unity)/cobble_stones.fbx using Guid(5f65b3d92f8c12e4580be646dee87a6f) Importer(815301076,1909f56bfc062723c751e8b465ee728b)  -> (artifact id: 'd4e6b8c5c151805423775bd3a9910c1e') in 0.054705 seconds
Number of updated asset objects reloaded before import = 0
Number of asset objects unloaded after import = 9
========================================================================
Received Import Request.
  Time since last request: 0.000034 seconds.
  path: Assets/Package/Asset/Tiny_Treats_Pretty_Park_1.0_FREE/Tiny_Treats_Pretty_Park_1.0_FREE/Assets/fbx(unity)/hedge_corner.fbx
  artifactKey: Guid(cf235ef2622aecd4c9e3c1d16bccc62a) Importer(815301076,1909f56bfc062723c751e8b465ee728b)
Start importing Assets/Package/Asset/Tiny_Treats_Pretty_Park_1.0_FREE/Tiny_Treats_Pretty_Park_1.0_FREE/Assets/fbx(unity)/hedge_corner.fbx using Guid(cf235ef2622aecd4c9e3c1d16bccc62a) Importer(815301076,1909f56bfc062723c751e8b465ee728b)  -> (artifact id: '74abd6b9715d3a772a12adaaac0bfb2a') in 0.041936 seconds
Number of updated asset objects reloaded before import = 0
Number of asset objects unloaded after import = 9
========================================================================
Received Import Request.
  Time since last request: 0.000054 seconds.
  path: Assets/Package/Asset/Tiny_Treats_Pretty_Park_1.0_FREE/Tiny_Treats_Pretty_Park_1.0_FREE/Assets/fbx(unity)/flower_B.fbx
  artifactKey: Guid(2db7a921efe25b244aa22b6ff3fdfb56) Importer(815301076,1909f56bfc062723c751e8b465ee728b)
Start importing Assets/Package/Asset/Tiny_Treats_Pretty_Park_1.0_FREE/Tiny_Treats_Pretty_Park_1.0_FREE/Assets/fbx(unity)/flower_B.fbx using Guid(2db7a921efe25b244aa22b6ff3fdfb56) Importer(815301076,1909f56bfc062723c751e8b465ee728b)  -> (artifact id: '353c4ab5016a0790f42f4b319a359546') in 0.044005 seconds
Number of updated asset objects reloaded before import = 0
Number of asset objects unloaded after import = 9
========================================================================
Received Import Request.
  Time since last request: 0.000039 seconds.
  path: Assets/Package/Asset/Tiny_Treats_Pretty_Park_1.0_FREE/Tiny_Treats_Pretty_Park_1.0_FREE/Assets/fbx(unity)/flower_A.fbx
  artifactKey: Guid(4d9602e14f824a948a7d0dae3f9aebf0) Importer(815301076,1909f56bfc062723c751e8b465ee728b)
Start importing Assets/Package/Asset/Tiny_Treats_Pretty_Park_1.0_FREE/Tiny_Treats_Pretty_Park_1.0_FREE/Assets/fbx(unity)/flower_A.fbx using Guid(4d9602e14f824a948a7d0dae3f9aebf0) Importer(815301076,1909f56bfc062723c751e8b465ee728b)  -> (artifact id: 'b38cf1b5d8f8f66ac2d11c1fd2b238fe') in 0.041517 seconds
Number of updated asset objects reloaded before import = 0
Number of asset objects unloaded after import = 9
========================================================================
Received Import Request.
  Time since last request: 0.000036 seconds.
  path: Assets/Package/Asset/Tiny_Treats_Pretty_Park_1.0_FREE/Tiny_Treats_Pretty_Park_1.0_FREE/Assets/fbx(unity)/floor_grass_sliced_A.fbx
  artifactKey: Guid(4fb0cad342123044e8c5557606a8c9d5) Importer(815301076,1909f56bfc062723c751e8b465ee728b)
Start importing Assets/Package/Asset/Tiny_Treats_Pretty_Park_1.0_FREE/Tiny_Treats_Pretty_Park_1.0_FREE/Assets/fbx(unity)/floor_grass_sliced_A.fbx using Guid(4fb0cad342123044e8c5557606a8c9d5) Importer(815301076,1909f56bfc062723c751e8b465ee728b)  -> (artifact id: '58a082d6dbcceec243782b60088a6051') in 0.044921 seconds
Number of updated asset objects reloaded before import = 0
Number of asset objects unloaded after import = 9
========================================================================
Received Import Request.
  Time since last request: 0.000034 seconds.
  path: Assets/Package/Asset/Tiny_Treats_Pretty_Park_1.0_FREE/Tiny_Treats_Pretty_Park_1.0_FREE/Assets/fbx(unity)/grass_B.fbx
  artifactKey: Guid(d50145ce37d106e4fb8b493cc051c287) Importer(815301076,1909f56bfc062723c751e8b465ee728b)
Start importing Assets/Package/Asset/Tiny_Treats_Pretty_Park_1.0_FREE/Tiny_Treats_Pretty_Park_1.0_FREE/Assets/fbx(unity)/grass_B.fbx using Guid(d50145ce37d106e4fb8b493cc051c287) Importer(815301076,1909f56bfc062723c751e8b465ee728b)  -> (artifact id: '56f943fb2da634376f1062f3d9a260a3') in 0.041185 seconds
Number of updated asset objects reloaded before import = 0
Number of asset objects unloaded after import = 9
========================================================================
Received Import Request.
  Time since last request: 0.211306 seconds.
  path: Assets/Package/Asset/Tiny_Treats_Pretty_Park_1.0_FREE/Tiny_Treats_Pretty_Park_1.0_FREE/Assets/fbx(unity)/street_lantern.fbx
  artifactKey: Guid(a706987c8348a094e90c370bac46a140) Importer(815301076,1909f56bfc062723c751e8b465ee728b)
Start importing Assets/Package/Asset/Tiny_Treats_Pretty_Park_1.0_FREE/Tiny_Treats_Pretty_Park_1.0_FREE/Assets/fbx(unity)/street_lantern.fbx using Guid(a706987c8348a094e90c370bac46a140) Importer(815301076,1909f56bfc062723c751e8b465ee728b)  -> (artifact id: 'b7305fbf4545fc623cd0d83927379a35') in 0.041970 seconds
Number of updated asset objects reloaded before import = 0
Number of asset objects unloaded after import = 9
========================================================================
Received Import Request.
  Time since last request: 0.000037 seconds.
  path: Assets/Package/Asset/Tiny_Treats_Pretty_Park_1.0_FREE/Tiny_Treats_Pretty_Park_1.0_FREE/Assets/fbx(unity)/trashcan.fbx
  artifactKey: Guid(73c874b769e76c042957d3f0448194af) Importer(815301076,1909f56bfc062723c751e8b465ee728b)
Start importing Assets/Package/Asset/Tiny_Treats_Pretty_Park_1.0_FREE/Tiny_Treats_Pretty_Park_1.0_FREE/Assets/fbx(unity)/trashcan.fbx using Guid(73c874b769e76c042957d3f0448194af) Importer(815301076,1909f56bfc062723c751e8b465ee728b)  -> (artifact id: '28a2815afea1041f3c68b7951a3558d3') in 0.042137 seconds
Number of updated asset objects reloaded before import = 0
Number of asset objects unloaded after import = 9
========================================================================
Received Import Request.
  Time since last request: 0.000038 seconds.
  path: Assets/Package/Asset/Tiny_Treats_Pretty_Park_1.0_FREE/Tiny_Treats_Pretty_Park_1.0_FREE/Assets/fbx(unity)/tiny_treats_grass_texture.png
  artifactKey: Guid(18877e0de07353c4aaab0f0f56743531) Importer(815301076,1909f56bfc062723c751e8b465ee728b)
Start importing Assets/Package/Asset/Tiny_Treats_Pretty_Park_1.0_FREE/Tiny_Treats_Pretty_Park_1.0_FREE/Assets/fbx(unity)/tiny_treats_grass_texture.png using Guid(18877e0de07353c4aaab0f0f56743531) Importer(815301076,1909f56bfc062723c751e8b465ee728b)  -> (artifact id: '6cb90842b1c06d75c4e0258c2247d4a5') in 0.034740 seconds
Number of updated asset objects reloaded before import = 0
Number of asset objects unloaded after import = 2
========================================================================
Received Import Request.
  Time since last request: 0.000032 seconds.
  path: Assets/Package/Asset/Tiny_Treats_Pretty_Park_1.0_FREE/Tiny_Treats_Pretty_Park_1.0_FREE/Assets/fbx(unity)/tiny_treats_texture_1.png
  artifactKey: Guid(90979fa787ebe58439cd1dfde5a78711) Importer(815301076,1909f56bfc062723c751e8b465ee728b)
Start importing Assets/Package/Asset/Tiny_Treats_Pretty_Park_1.0_FREE/Tiny_Treats_Pretty_Park_1.0_FREE/Assets/fbx(unity)/tiny_treats_texture_1.png using Guid(90979fa787ebe58439cd1dfde5a78711) Importer(815301076,1909f56bfc062723c751e8b465ee728b)  -> (artifact id: '99dda50029ac9ceae20cb4ecf1c30b79') in 0.031000 seconds
Number of updated asset objects reloaded before import = 0
Number of asset objects unloaded after import = 2
Editor requested this worker to shutdown with reason: Scaling down because of idle timeout
TcpMessagingSession - receive error: operation aborted. errorcode: 995, details: The I/O operation has been aborted because of either a thread exit or an application request.
AssetImportWorker is now disconnected from the server
Process exiting
Exiting without the bug reporter. Application will terminate with return code 0