Using pre-set license
Built from '2022.3/staging' branch; Version is '2022.3.7f1 (b16b3b16c7a0) revision 11627323'; Using compiler version '192829333'; Build Type 'Release'
OS: 'Windows 11  (10.0.26100) 64bit CoreSingleLanguage' Language: 'en' Physical Memory: 15612 MB
BatchMode: 1, IsHumanControllingUs: 0, StartBugReporterOnCrash: 0, Is64bit: 1, IsPro: 1

COMMAND LINE ARGUMENTS:
C:\Program Files\Unity\Hub\Editor\2022.3.7f1\Editor\Unity.exe
-adb2
-batchMode
-noUpm
-name
AssetImportWorker6
-projectPath
E:/Unity/3DProject
-logFile
Logs/AssetImportWorker6.log
-srvPort
61502
Successfully changed project path to: E:/Unity/3DProject
E:/Unity/3DProject
[UnityMemory] Configuration Parameters - Can be set up in boot.config
    "memorysetup-bucket-allocator-granularity=16"
    "memorysetup-bucket-allocator-bucket-count=8"
    "memorysetup-bucket-allocator-block-size=33554432"
    "memorysetup-bucket-allocator-block-count=8"
    "memorysetup-main-allocator-block-size=16777216"
    "memorysetup-thread-allocator-block-size=16777216"
    "memorysetup-gfx-main-allocator-block-size=16777216"
    "memorysetup-gfx-thread-allocator-block-size=16777216"
    "memorysetup-cache-allocator-block-size=4194304"
    "memorysetup-typetree-allocator-block-size=2097152"
    "memorysetup-profiler-bucket-allocator-granularity=16"
    "memorysetup-profiler-bucket-allocator-bucket-count=8"
    "memorysetup-profiler-bucket-allocator-block-size=33554432"
    "memorysetup-profiler-bucket-allocator-block-count=8"
    "memorysetup-profiler-allocator-block-size=16777216"
    "memorysetup-profiler-editor-allocator-block-size=1048576"
    "memorysetup-temp-allocator-size-main=16777216"
    "memorysetup-job-temp-allocator-block-size=2097152"
    "memorysetup-job-temp-allocator-block-size-background=1048576"
    "memorysetup-job-temp-allocator-reduction-small-platforms=262144"
    "memorysetup-allocator-temp-initial-block-size-main=262144"
    "memorysetup-allocator-temp-initial-block-size-worker=262144"
    "memorysetup-temp-allocator-size-background-worker=32768"
    "memorysetup-temp-allocator-size-job-worker=262144"
    "memorysetup-temp-allocator-size-preload-manager=33554432"
    "memorysetup-temp-allocator-size-nav-mesh-worker=65536"
    "memorysetup-temp-allocator-size-audio-worker=65536"
    "memorysetup-temp-allocator-size-cloud-worker=32768"
    "memorysetup-temp-allocator-size-gi-baking-worker=262144"
    "memorysetup-temp-allocator-size-gfx=262144"
Player connection [8520] Host "[IP] 172.18.109.200 [Port] 0 [Flags] 2 [Guid] 2389854977 [EditorId] 2389854977 [Version] 1048832 [Id] WindowsEditor(7,NgiaDiep) [Debug] 1 [PackageName] WindowsEditor [ProjectName] Editor" joined multi-casting on [225.0.0.222:54997]...

Player connection [8520] Host "[IP] 172.18.109.200 [Port] 0 [Flags] 2 [Guid] 2389854977 [EditorId] 2389854977 [Version] 1048832 [Id] WindowsEditor(7,NgiaDiep) [Debug] 1 [PackageName] WindowsEditor [ProjectName] Editor" joined alternative multi-casting on [225.0.0.222:34997]...

Refreshing native plugins compatible for Editor in 11.65 ms, found 3 plugins.
Preloading 0 native plugins for Editor in 0.00 ms.
Initialize engine version: 2022.3.7f1 (b16b3b16c7a0)
[Subsystems] Discovering subsystems at path C:/Program Files/Unity/Hub/Editor/2022.3.7f1/Editor/Data/Resources/UnitySubsystems
[Subsystems] Discovering subsystems at path E:/Unity/3DProject/Assets
GfxDevice: creating device client; threaded=0; jobified=0
Direct3D:
    Version:  Direct3D 11.0 [level 11.1]
    Renderer: NVIDIA GeForce RTX 3050 Laptop GPU (ID=0x25a2)
    Vendor:   NVIDIA
    VRAM:     3964 MB
    Driver:   32.0.15.6590
Initialize mono
Mono path[0] = 'C:/Program Files/Unity/Hub/Editor/2022.3.7f1/Editor/Data/Managed'
Mono path[1] = 'C:/Program Files/Unity/Hub/Editor/2022.3.7f1/Editor/Data/MonoBleedingEdge/lib/mono/unityjit-win32'
Mono config path = 'C:/Program Files/Unity/Hub/Editor/2022.3.7f1/Editor/Data/MonoBleedingEdge/etc'
Using monoOptions --debugger-agent=transport=dt_socket,embedding=1,server=y,suspend=n,address=127.0.0.1:56364
Begin MonoManager ReloadAssembly
Registering precompiled unity dll's ...
Register platform support module: C:/Program Files/Unity/Hub/Editor/2022.3.7f1/Editor/Data/PlaybackEngines/WebGLSupport/UnityEditor.WebGL.Extensions.dll
Register platform support module: C:/Program Files/Unity/Hub/Editor/2022.3.7f1/Editor/Data/PlaybackEngines/WindowsStandaloneSupport/UnityEditor.WindowsStandalone.Extensions.dll
Registered in 0.013826 seconds.
- Loaded All Assemblies, in  0.546 seconds
Native extension for WindowsStandalone target not found
Native extension for WebGL target not found
Mono: successfully reloaded assembly
- Finished resetting the current domain, in  0.436 seconds
Domain Reload Profiling: 980ms
	BeginReloadAssembly (172ms)
		ExecutionOrderSort (0ms)
		DisableScriptedObjects (0ms)
		BackupInstance (0ms)
		ReleaseScriptingObjects (0ms)
		CreateAndSetChildDomain (1ms)
	RebuildCommonClasses (50ms)
	RebuildNativeTypeToScriptingClass (18ms)
	initialDomainReloadingComplete (92ms)
	LoadAllAssembliesAndSetupDomain (212ms)
		LoadAssemblies (169ms)
		RebuildTransferFunctionScriptingTraits (0ms)
		AnalyzeDomain (209ms)
			TypeCache.Refresh (207ms)
				TypeCache.ScanAssembly (188ms)
			ScanForSourceGeneratedMonoScriptInfo (0ms)
			ResolveRequiredComponents (1ms)
	FinalizeReload (436ms)
		ReleaseScriptCaches (0ms)
		RebuildScriptCaches (0ms)
		SetupLoadedEditorAssemblies (349ms)
			LogAssemblyErrors (0ms)
			InitializePlatformSupportModulesInManaged (16ms)
			SetLoadedEditorAssemblies (8ms)
			RefreshPlugins (0ms)
			BeforeProcessingInitializeOnLoad (4ms)
			ProcessInitializeOnLoadAttributes (228ms)
			ProcessInitializeOnLoadMethodAttributes (93ms)
			AfterProcessingInitializeOnLoad (0ms)
			EditorAssembliesLoaded (0ms)
		ExecutionOrderSort2 (0ms)
		AwakeInstancesAfterBackupRestoration (0ms)
========================================================================
Worker process is ready to serve import requests
Begin MonoManager ReloadAssembly
Symbol file LoadedFromMemory doesn't match image E:\Unity\3DProject\Library\PackageCache\com.unity.visualscripting@1.8.0\Editor\VisualScripting.Core\Dependencies\YamlDotNet\Unity.VisualScripting.YamlDotNet.dll
Symbol file LoadedFromMemory doesn't match image E:\Unity\3DProject\Library\PackageCache\com.unity.visualscripting@1.8.0\Editor\VisualScripting.Core\Dependencies\DotNetZip\Unity.VisualScripting.IonicZip.dll
- Loaded All Assemblies, in  0.899 seconds
Refreshing native plugins compatible for Editor in 2.31 ms, found 3 plugins.
Native extension for WindowsStandalone target not found
Native extension for WebGL target not found
Mono: successfully reloaded assembly
- Finished resetting the current domain, in  0.879 seconds
Domain Reload Profiling: 1773ms
	BeginReloadAssembly (237ms)
		ExecutionOrderSort (0ms)
		DisableScriptedObjects (8ms)
		BackupInstance (0ms)
		ReleaseScriptingObjects (0ms)
		CreateAndSetChildDomain (35ms)
	RebuildCommonClasses (54ms)
	RebuildNativeTypeToScriptingClass (16ms)
	initialDomainReloadingComplete (63ms)
	LoadAllAssembliesAndSetupDomain (524ms)
		LoadAssemblies (400ms)
		RebuildTransferFunctionScriptingTraits (0ms)
		AnalyzeDomain (269ms)
			TypeCache.Refresh (242ms)
				TypeCache.ScanAssembly (223ms)
			ScanForSourceGeneratedMonoScriptInfo (20ms)
			ResolveRequiredComponents (5ms)
	FinalizeReload (880ms)
		ReleaseScriptCaches (0ms)
		RebuildScriptCaches (0ms)
		SetupLoadedEditorAssemblies (646ms)
			LogAssemblyErrors (0ms)
			InitializePlatformSupportModulesInManaged (12ms)
			SetLoadedEditorAssemblies (6ms)
			RefreshPlugins (0ms)
			BeforeProcessingInitializeOnLoad (86ms)
			ProcessInitializeOnLoadAttributes (495ms)
			ProcessInitializeOnLoadMethodAttributes (34ms)
			AfterProcessingInitializeOnLoad (12ms)
			EditorAssembliesLoaded (1ms)
		ExecutionOrderSort2 (0ms)
		AwakeInstancesAfterBackupRestoration (13ms)
Launched and connected shader compiler UnityShaderCompiler.exe after 0.09 seconds
Refreshing native plugins compatible for Editor in 6.17 ms, found 3 plugins.
Preloading 0 native plugins for Editor in 0.00 ms.
Unloading 3123 Unused Serialized files (Serialized files now loaded: 0)
Unloading 29 unused Assets / (56.3 KB). Loaded Objects now: 3585.
Memory consumption went from 123.5 MB to 123.4 MB.
Total: 4.905900 ms (FindLiveObjects: 0.379700 ms CreateObjectMapping: 0.148300 ms MarkObjects: 4.213800 ms  DeleteObjects: 0.162800 ms)

AssetImportParameters requested are different than current active one (requested -> active):
  custom:container-demuxer-ogg: 62fdf1f143b41e24485cea50d1cbac27 -> 
  custom:video-codec-MediaFoundation-h265: 746d11721c4dcdbdad8f713fa42b33f4 -> 
  custom:video-decoder-ogg-theora: a1e56fd34408186e4bbccfd4996cb3dc -> 
  custom:framework-win-MediaFoundation: 216162199b28c13a410421893ffa2e32 -> 
  custom:CustomObjectIndexerAttribute: 756ad292c208cfabdd7b50bc23989ffe -> 
  custom:container-demuxer-webm: 4f35f7cbe854078d1ac9338744f61a02 -> 
  custom:container-muxer-webm: aa71ff27fc2769a1b78a27578f13a17b -> 
  custom:video-decoder-webm-vp8: 9c59270c3fd7afecdb556c50c9e8de78 -> 
  custom:SearchIndexIgnoredProperties: e643bd26f0fe6173181afceb89e7c659 -> 
  custom:AudioImporter_EditorPlatform: d09bf68614088b80899f8185d706f6e7 -> 
  custom:video-encoder-webm-vp8: eb34c28f22e8b96e1ab97ce403110664 -> 
  custom:audio-decoder-ogg-vorbis: bf7c407c2cedff20999df2af8eb42d56 -> 
  custom:audio-encoder-webm-vorbis: bf7c407c2cedff20999df2af8eb42d56 -> 
========================================================================
Received Import Request.
  Time since last request: 1203576.126541 seconds.
  path: Assets/Tree.prefab
  artifactKey: Guid(c3d2f786ba2e54a4e96a535e9e280e00) Importer(815301076,1909f56bfc062723c751e8b465ee728b)
Start importing Assets/Tree.prefab using Guid(c3d2f786ba2e54a4e96a535e9e280e00) Importer(815301076,1909f56bfc062723c751e8b465ee728b)  -> (artifact id: '1998e44595268309946526517d29ae8e') in 0.860912 seconds
Number of updated asset objects reloaded before import = 0
Number of asset objects unloaded after import = 15
========================================================================
Received Import Request.
  Time since last request: 281.257935 seconds.
  path: Assets/Tree.prefab
  artifactKey: Guid(c3d2f786ba2e54a4e96a535e9e280e00) Importer(815301076,1909f56bfc062723c751e8b465ee728b)
Start importing Assets/Tree.prefab using Guid(c3d2f786ba2e54a4e96a535e9e280e00) Importer(815301076,1909f56bfc062723c751e8b465ee728b)  -> (artifact id: '1eea2ccae960bba5f9858898ad784fad') in 0.055017 seconds
Number of updated asset objects reloaded before import = 0
Number of asset objects unloaded after import = 15
========================================================================
Received Import Request.
  Time since last request: 5.069704 seconds.
  path: Assets/Tree_Textures
  artifactKey: Guid(b6fa81e996acf714282958695cd9ce73) Importer(815301076,1909f56bfc062723c751e8b465ee728b)
Start importing Assets/Tree_Textures using Guid(b6fa81e996acf714282958695cd9ce73) Importer(815301076,1909f56bfc062723c751e8b465ee728b)  -> (artifact id: 'da7c9b9478ce68884b1e3462ce7a929a') in 0.000889 seconds
Number of updated asset objects reloaded before import = 0
Number of asset objects unloaded after import = 0
========================================================================
Received Import Request.
  Time since last request: 0.761997 seconds.
  path: Assets/Scenes
  artifactKey: Guid(e31a9d799ea01044087b8593e641a636) Importer(815301076,1909f56bfc062723c751e8b465ee728b)
Start importing Assets/Scenes using Guid(e31a9d799ea01044087b8593e641a636) Importer(815301076,1909f56bfc062723c751e8b465ee728b)  -> (artifact id: '89967475528f7c03f588130ade7a8bae') in 0.000729 seconds
Number of updated asset objects reloaded before import = 0
Number of asset objects unloaded after import = 0
========================================================================
Received Import Request.
  Time since last request: 1.743747 seconds.
  path: Assets/Tree_Textures/diffuse.png
  artifactKey: Guid(91c289bd0a546394f9da22a327d64bfe) Importer(815301076,1909f56bfc062723c751e8b465ee728b)
Start importing Assets/Tree_Textures/diffuse.png using Guid(91c289bd0a546394f9da22a327d64bfe) Importer(815301076,1909f56bfc062723c751e8b465ee728b)  -> (artifact id: 'd9dfb6c49fa08a1f889ef3c7ca100aec') in 0.043256 seconds
Number of updated asset objects reloaded before import = 0
Number of asset objects unloaded after import = 2
========================================================================
Received Import Request.
  Time since last request: 0.000026 seconds.
  path: Assets/Tree_Textures/shadow.png
  artifactKey: Guid(1161671eeef9d6e41a10bb4c5d279496) Importer(815301076,1909f56bfc062723c751e8b465ee728b)
Start importing Assets/Tree_Textures/shadow.png using Guid(1161671eeef9d6e41a10bb4c5d279496) Importer(815301076,1909f56bfc062723c751e8b465ee728b)  -> (artifact id: '15844452ead0a9d0632d3a94c8d85f34') in 0.032901 seconds
Number of updated asset objects reloaded before import = 0
Number of asset objects unloaded after import = 2
========================================================================
Received Import Request.
  Time since last request: 0.000035 seconds.
  path: Assets/Tree_Textures/translucency_gloss.png
  artifactKey: Guid(b917ce6415617ab4c8885484cb3feddb) Importer(815301076,1909f56bfc062723c751e8b465ee728b)
Start importing Assets/Tree_Textures/translucency_gloss.png using Guid(b917ce6415617ab4c8885484cb3feddb) Importer(815301076,1909f56bfc062723c751e8b465ee728b)  -> (artifact id: 'f6640a3949a03f6dbe906ca2e3d3ee95') in 0.029384 seconds
Number of updated asset objects reloaded before import = 0
Number of asset objects unloaded after import = 2
========================================================================
Received Import Request.
  Time since last request: 112.226203 seconds.
  path: Assets/Package/Asset/Tiny_Treats_Bubbly_Bathroom_1.0_FREE/Tiny_Treats_Bubbly_Bathroom_1.0_FREE
  artifactKey: Guid(c291d7e41357a9445a0ae0328fae3e25) Importer(815301076,1909f56bfc062723c751e8b465ee728b)
Start importing Assets/Package/Asset/Tiny_Treats_Bubbly_Bathroom_1.0_FREE/Tiny_Treats_Bubbly_Bathroom_1.0_FREE using Guid(c291d7e41357a9445a0ae0328fae3e25) Importer(815301076,1909f56bfc062723c751e8b465ee728b)  -> (artifact id: '754a6be20f44a2efabf43bd6afac5685') in 0.000936 seconds
Number of updated asset objects reloaded before import = 0
Number of asset objects unloaded after import = 0
========================================================================
Received Import Request.
  Time since last request: 0.057060 seconds.
  path: Assets/Package/Asset/Tiny_Treats_Bubbly_Bathroom_1.0_FREE/Tiny_Treats_Bubbly_Bathroom_1.0_FREE/overview.png
  artifactKey: Guid(4948d937101a5fa46b6f58291f554949) Importer(815301076,1909f56bfc062723c751e8b465ee728b)
Start importing Assets/Package/Asset/Tiny_Treats_Bubbly_Bathroom_1.0_FREE/Tiny_Treats_Bubbly_Bathroom_1.0_FREE/overview.png using Guid(4948d937101a5fa46b6f58291f554949) Importer(815301076,1909f56bfc062723c751e8b465ee728b)  -> (artifact id: '22d69de56d15c5a1b1cf9c3116c9869e') in 0.042586 seconds
Number of updated asset objects reloaded before import = 0
Number of asset objects unloaded after import = 2
========================================================================
Received Import Request.
  Time since last request: 0.720715 seconds.
  path: Assets/Package/Asset/Tiny_Treats_Bubbly_Bathroom_1.0_FREE/Tiny_Treats_Bubbly_Bathroom_1.0_FREE/Assets
  artifactKey: Guid(73938e35c2daab949b97a0533ba020f8) Importer(815301076,1909f56bfc062723c751e8b465ee728b)
Start importing Assets/Package/Asset/Tiny_Treats_Bubbly_Bathroom_1.0_FREE/Tiny_Treats_Bubbly_Bathroom_1.0_FREE/Assets using Guid(73938e35c2daab949b97a0533ba020f8) Importer(815301076,1909f56bfc062723c751e8b465ee728b)  -> (artifact id: '890c7e47b1eb38b5437df179f44a470b') in 0.001153 seconds
Number of updated asset objects reloaded before import = 0
Number of asset objects unloaded after import = 0
========================================================================
Received Import Request.
  Time since last request: 1.661809 seconds.
  path: Assets/Package/Asset/Tiny_Treats_Bubbly_Bathroom_1.0_FREE/Tiny_Treats_Bubbly_Bathroom_1.0_FREE/Assets/fbx(unity)
  artifactKey: Guid(223fc9192c817274785a06e20a5a3c51) Importer(815301076,1909f56bfc062723c751e8b465ee728b)
Start importing Assets/Package/Asset/Tiny_Treats_Bubbly_Bathroom_1.0_FREE/Tiny_Treats_Bubbly_Bathroom_1.0_FREE/Assets/fbx(unity) using Guid(223fc9192c817274785a06e20a5a3c51) Importer(815301076,1909f56bfc062723c751e8b465ee728b)  -> (artifact id: 'acb7eb6fc96f7bf20cee287134c546dc') in 0.000937 seconds
Number of updated asset objects reloaded before import = 0
Number of asset objects unloaded after import = 0
========================================================================
Received Import Request.
  Time since last request: 0.066859 seconds.
  path: Assets/Package/Asset/Tiny_Treats_Bubbly_Bathroom_1.0_FREE/Tiny_Treats_Bubbly_Bathroom_1.0_FREE/Assets/fbx(unity)/tiny_treats_texture_1.png
  artifactKey: Guid(2e45412527124de45807077f4e7a4671) Importer(815301076,1909f56bfc062723c751e8b465ee728b)
Start importing Assets/Package/Asset/Tiny_Treats_Bubbly_Bathroom_1.0_FREE/Tiny_Treats_Bubbly_Bathroom_1.0_FREE/Assets/fbx(unity)/tiny_treats_texture_1.png using Guid(2e45412527124de45807077f4e7a4671) Importer(815301076,1909f56bfc062723c751e8b465ee728b)  -> (artifact id: 'ac9820ae208a808360563c200486b0d3') in 0.020709 seconds
Number of updated asset objects reloaded before import = 0
Number of asset objects unloaded after import = 2
========================================================================
Received Import Request.
  Time since last request: 20.743712 seconds.
  path: Assets/Package/Asset/Tiny_Treats_Charming_Kitchen_1.0_FREE/Tiny_Treats_Charming_Kitchen_1.0_FREE/Assets/fbx/tiny_treats_texture_1.png
  artifactKey: Guid(02b242665c043174a8d19bf329d868ab) Importer(815301076,1909f56bfc062723c751e8b465ee728b)
Start importing Assets/Package/Asset/Tiny_Treats_Charming_Kitchen_1.0_FREE/Tiny_Treats_Charming_Kitchen_1.0_FREE/Assets/fbx/tiny_treats_texture_1.png using Guid(02b242665c043174a8d19bf329d868ab) Importer(815301076,1909f56bfc062723c751e8b465ee728b)  -> (artifact id: 'db08f29077948252ca1afc757e4e0802') in 0.033298 seconds
Number of updated asset objects reloaded before import = 0
Number of asset objects unloaded after import = 2
========================================================================
Received Import Request.
  Time since last request: 0.003427 seconds.
  path: Assets/Package/Asset/Tiny_Treats_Charming_Kitchen_1.0_FREE/Tiny_Treats_Charming_Kitchen_1.0_FREE/Assets/fbx/wall_plain_kitchen_corner_outer.fbx
  artifactKey: Guid(30698704ccc6a64419726eb71ed0b7c3) Importer(815301076,1909f56bfc062723c751e8b465ee728b)
Start importing Assets/Package/Asset/Tiny_Treats_Charming_Kitchen_1.0_FREE/Tiny_Treats_Charming_Kitchen_1.0_FREE/Assets/fbx/wall_plain_kitchen_corner_outer.fbx using Guid(30698704ccc6a64419726eb71ed0b7c3) Importer(815301076,1909f56bfc062723c751e8b465ee728b)  -> (artifact id: '31fe136682f763f86fd682fb2de9efdf') in 0.066203 seconds
Number of updated asset objects reloaded before import = 0
Number of asset objects unloaded after import = 9
========================================================================
Received Import Request.
  Time since last request: 0.000382 seconds.
  path: Assets/Package/Asset/Tiny_Treats_Charming_Kitchen_1.0_FREE/Tiny_Treats_Charming_Kitchen_1.0_FREE/Assets/fbx/wall_shelf_kitchen_corner.fbx
  artifactKey: Guid(f9294e0114785634482920d05d186641) Importer(815301076,1909f56bfc062723c751e8b465ee728b)
Start importing Assets/Package/Asset/Tiny_Treats_Charming_Kitchen_1.0_FREE/Tiny_Treats_Charming_Kitchen_1.0_FREE/Assets/fbx/wall_shelf_kitchen_corner.fbx using Guid(f9294e0114785634482920d05d186641) Importer(815301076,1909f56bfc062723c751e8b465ee728b)  -> (artifact id: '9b1cf8f858287a5c7542ccf1d3835d22') in 0.048628 seconds
Number of updated asset objects reloaded before import = 0
Number of asset objects unloaded after import = 9
========================================================================
Received Import Request.
  Time since last request: 0.000036 seconds.
  path: Assets/Package/Asset/Tiny_Treats_Charming_Kitchen_1.0_FREE/Tiny_Treats_Charming_Kitchen_1.0_FREE/Assets/fbx/wall_plain_kitchen_corner_inner.fbx
  artifactKey: Guid(05840a779a41d744d8b20b3fed79032f) Importer(815301076,1909f56bfc062723c751e8b465ee728b)
Start importing Assets/Package/Asset/Tiny_Treats_Charming_Kitchen_1.0_FREE/Tiny_Treats_Charming_Kitchen_1.0_FREE/Assets/fbx/wall_plain_kitchen_corner_inner.fbx using Guid(05840a779a41d744d8b20b3fed79032f) Importer(815301076,1909f56bfc062723c751e8b465ee728b)  -> (artifact id: '57b931faaf9893637c8e9768c938cf66') in 0.056509 seconds
Number of updated asset objects reloaded before import = 0
Number of asset objects unloaded after import = 9
========================================================================
Received Import Request.
  Time since last request: 0.000036 seconds.
  path: Assets/Package/Asset/Tiny_Treats_Charming_Kitchen_1.0_FREE/Tiny_Treats_Charming_Kitchen_1.0_FREE/Assets/fbx/wall_shelf_kitchen_hooks.fbx
  artifactKey: Guid(ba28eed8b7973fe43bd80eb882a00cec) Importer(815301076,1909f56bfc062723c751e8b465ee728b)
Start importing Assets/Package/Asset/Tiny_Treats_Charming_Kitchen_1.0_FREE/Tiny_Treats_Charming_Kitchen_1.0_FREE/Assets/fbx/wall_shelf_kitchen_hooks.fbx using Guid(ba28eed8b7973fe43bd80eb882a00cec) Importer(815301076,1909f56bfc062723c751e8b465ee728b)  -> (artifact id: '84d34353f231c4ebb385f973c0abf5a1') in 0.043391 seconds
Number of updated asset objects reloaded before import = 0
Number of asset objects unloaded after import = 9
========================================================================
Received Import Request.
  Time since last request: 0.137141 seconds.
  path: Assets/Package/Asset/Tiny_Treats_Charming_Kitchen_1.0_FREE/Tiny_Treats_Charming_Kitchen_1.0_FREE/Assets/fbx(unity)/tiny_treats_texture_1.png
  artifactKey: Guid(ab17821d518f1334f941dfdc1d965dc5) Importer(815301076,1909f56bfc062723c751e8b465ee728b)
Start importing Assets/Package/Asset/Tiny_Treats_Charming_Kitchen_1.0_FREE/Tiny_Treats_Charming_Kitchen_1.0_FREE/Assets/fbx(unity)/tiny_treats_texture_1.png using Guid(ab17821d518f1334f941dfdc1d965dc5) Importer(815301076,1909f56bfc062723c751e8b465ee728b)  -> (artifact id: 'ba2aeec2122e5e0cb6caa35b3ebaacbf') in 0.023110 seconds
Number of updated asset objects reloaded before import = 0
Number of asset objects unloaded after import = 2
========================================================================
Received Import Request.
  Time since last request: 18.447069 seconds.
  path: Assets/Package/Asset/Tiny_Treats_House_Plants_1.0_FREE/Tiny_Treats_House_Plants_1.0_FREE/Assets/fbx(unity)/cacti_plant_pot_small.fbx
  artifactKey: Guid(5a69c8819c7b52e4d93661907e13da93) Importer(815301076,1909f56bfc062723c751e8b465ee728b)
Start importing Assets/Package/Asset/Tiny_Treats_House_Plants_1.0_FREE/Tiny_Treats_House_Plants_1.0_FREE/Assets/fbx(unity)/cacti_plant_pot_small.fbx using Guid(5a69c8819c7b52e4d93661907e13da93) Importer(815301076,1909f56bfc062723c751e8b465ee728b)  -> (artifact id: 'ba8c1061062332fcb0f5847fdfdd0d93') in 0.060999 seconds
Number of updated asset objects reloaded before import = 0
Number of asset objects unloaded after import = 9
========================================================================
Received Import Request.
  Time since last request: 0.000031 seconds.
  path: Assets/Package/Asset/Tiny_Treats_House_Plants_1.0_FREE/Tiny_Treats_House_Plants_1.0_FREE/Assets/fbx(unity)/cactus_C.fbx
  artifactKey: Guid(7a81d7e470c2c76489f5c2e683a23e85) Importer(815301076,1909f56bfc062723c751e8b465ee728b)
Start importing Assets/Package/Asset/Tiny_Treats_House_Plants_1.0_FREE/Tiny_Treats_House_Plants_1.0_FREE/Assets/fbx(unity)/cactus_C.fbx using Guid(7a81d7e470c2c76489f5c2e683a23e85) Importer(815301076,1909f56bfc062723c751e8b465ee728b)  -> (artifact id: '7e4fa4ada840354f764a48d4e22404e3') in 0.050000 seconds
Number of updated asset objects reloaded before import = 0
Number of asset objects unloaded after import = 9
========================================================================
Received Import Request.
  Time since last request: 0.000031 seconds.
  path: Assets/Package/Asset/Tiny_Treats_House_Plants_1.0_FREE/Tiny_Treats_House_Plants_1.0_FREE/Assets/fbx(unity)/pot_A_large.fbx
  artifactKey: Guid(a6f4e622b888b0741841349ca88cf17e) Importer(815301076,1909f56bfc062723c751e8b465ee728b)
Start importing Assets/Package/Asset/Tiny_Treats_House_Plants_1.0_FREE/Tiny_Treats_House_Plants_1.0_FREE/Assets/fbx(unity)/pot_A_large.fbx using Guid(a6f4e622b888b0741841349ca88cf17e) Importer(815301076,1909f56bfc062723c751e8b465ee728b)  -> (artifact id: '39328685cad66a4bc0e5d412b85f9c92') in 0.052316 seconds
Number of updated asset objects reloaded before import = 0
Number of asset objects unloaded after import = 9
========================================================================
Received Import Request.
  Time since last request: 0.000052 seconds.
  path: Assets/Package/Asset/Tiny_Treats_House_Plants_1.0_FREE/Tiny_Treats_House_Plants_1.0_FREE/Assets/fbx(unity)/monstera_plant_small_potted.fbx
  artifactKey: Guid(502578e5ddd47964299675791a2480d5) Importer(815301076,1909f56bfc062723c751e8b465ee728b)
Start importing Assets/Package/Asset/Tiny_Treats_House_Plants_1.0_FREE/Tiny_Treats_House_Plants_1.0_FREE/Assets/fbx(unity)/monstera_plant_small_potted.fbx using Guid(502578e5ddd47964299675791a2480d5) Importer(815301076,1909f56bfc062723c751e8b465ee728b)  -> (artifact id: 'b3a6770b562f6b4bc6b68eeff4f3e42a') in 0.058511 seconds
Number of updated asset objects reloaded before import = 0
Number of asset objects unloaded after import = 9
========================================================================
Received Import Request.
  Time since last request: 0.000037 seconds.
  path: Assets/Package/Asset/Tiny_Treats_House_Plants_1.0_FREE/Tiny_Treats_House_Plants_1.0_FREE/Assets/fbx(unity)/pot_B_medium.fbx
  artifactKey: Guid(913f7bb5f7902da40b6c934133ead874) Importer(815301076,1909f56bfc062723c751e8b465ee728b)
Start importing Assets/Package/Asset/Tiny_Treats_House_Plants_1.0_FREE/Tiny_Treats_House_Plants_1.0_FREE/Assets/fbx(unity)/pot_B_medium.fbx using Guid(913f7bb5f7902da40b6c934133ead874) Importer(815301076,1909f56bfc062723c751e8b465ee728b)  -> (artifact id: '8efecf2b265d12fc7deaca562dc7fb67') in 0.060872 seconds
Number of updated asset objects reloaded before import = 0
Number of asset objects unloaded after import = 9
========================================================================
Received Import Request.
  Time since last request: 0.000029 seconds.
  path: Assets/Package/Asset/Tiny_Treats_House_Plants_1.0_FREE/Tiny_Treats_House_Plants_1.0_FREE/Assets/fbx(unity)/pot_A_medium.fbx
  artifactKey: Guid(ec1de4860d0a16a43a698a16659e3110) Importer(815301076,1909f56bfc062723c751e8b465ee728b)
Start importing Assets/Package/Asset/Tiny_Treats_House_Plants_1.0_FREE/Tiny_Treats_House_Plants_1.0_FREE/Assets/fbx(unity)/pot_A_medium.fbx using Guid(ec1de4860d0a16a43a698a16659e3110) Importer(815301076,1909f56bfc062723c751e8b465ee728b)  -> (artifact id: '8394d0030d8493f0e132558b50b20f5c') in 0.063335 seconds
Number of updated asset objects reloaded before import = 0
Number of asset objects unloaded after import = 9
========================================================================
Received Import Request.
  Time since last request: 0.000026 seconds.
  path: Assets/Package/Asset/Tiny_Treats_House_Plants_1.0_FREE/Tiny_Treats_House_Plants_1.0_FREE/Assets/fbx(unity)/monstera_plant_small.fbx
  artifactKey: Guid(253ece58d255fc44faf667a482933902) Importer(815301076,1909f56bfc062723c751e8b465ee728b)
Start importing Assets/Package/Asset/Tiny_Treats_House_Plants_1.0_FREE/Tiny_Treats_House_Plants_1.0_FREE/Assets/fbx(unity)/monstera_plant_small.fbx using Guid(253ece58d255fc44faf667a482933902) Importer(815301076,1909f56bfc062723c751e8b465ee728b)  -> (artifact id: '77255e49281c35738de63808c994cfad') in 0.058137 seconds
Number of updated asset objects reloaded before import = 0
Number of asset objects unloaded after import = 9
========================================================================
Received Import Request.
  Time since last request: 0.000029 seconds.
  path: Assets/Package/Asset/Tiny_Treats_House_Plants_1.0_FREE/Tiny_Treats_House_Plants_1.0_FREE/Assets/fbx(unity)/monstera_plant_large.fbx
  artifactKey: Guid(1dc0c9f965e856849adacf40cc4734ca) Importer(815301076,1909f56bfc062723c751e8b465ee728b)
Start importing Assets/Package/Asset/Tiny_Treats_House_Plants_1.0_FREE/Tiny_Treats_House_Plants_1.0_FREE/Assets/fbx(unity)/monstera_plant_large.fbx using Guid(1dc0c9f965e856849adacf40cc4734ca) Importer(815301076,1909f56bfc062723c751e8b465ee728b)  -> (artifact id: '6e720d569dd58b33e42ab61c7a9442e1') in 0.049581 seconds
Number of updated asset objects reloaded before import = 0
Number of asset objects unloaded after import = 9
========================================================================
Received Import Request.
  Time since last request: 0.428774 seconds.
  path: Assets/Package/Asset/Tiny_Treats_House_Plants_1.0_FREE/Tiny_Treats_House_Plants_1.0_FREE/Assets/fbx(unity)/pot_C_small.fbx
  artifactKey: Guid(16b6ed22778280f4888fd7a138bda902) Importer(815301076,1909f56bfc062723c751e8b465ee728b)
Start importing Assets/Package/Asset/Tiny_Treats_House_Plants_1.0_FREE/Tiny_Treats_House_Plants_1.0_FREE/Assets/fbx(unity)/pot_C_small.fbx using Guid(16b6ed22778280f4888fd7a138bda902) Importer(815301076,1909f56bfc062723c751e8b465ee728b)  -> (artifact id: '1c2e2c6a10de705444cc055a6e23ef31') in 0.046520 seconds
Number of updated asset objects reloaded before import = 0
Number of asset objects unloaded after import = 9
========================================================================
Received Import Request.
  Time since last request: 0.000028 seconds.
  path: Assets/Package/Asset/Tiny_Treats_House_Plants_1.0_FREE/Tiny_Treats_House_Plants_1.0_FREE/Assets/fbx(unity)/pothos_plant_large_potted.fbx
  artifactKey: Guid(fd4a57c1ec7db7246ba25fab58ee811f) Importer(815301076,1909f56bfc062723c751e8b465ee728b)
Start importing Assets/Package/Asset/Tiny_Treats_House_Plants_1.0_FREE/Tiny_Treats_House_Plants_1.0_FREE/Assets/fbx(unity)/pothos_plant_large_potted.fbx using Guid(fd4a57c1ec7db7246ba25fab58ee811f) Importer(815301076,1909f56bfc062723c751e8b465ee728b)  -> (artifact id: '98d8436e02068b477c03a13477f7a3d0') in 0.044662 seconds
Number of updated asset objects reloaded before import = 0
Number of asset objects unloaded after import = 9
========================================================================
Received Import Request.
  Time since last request: 0.512797 seconds.
  path: Assets/Package/Asset/Tiny_Treats_House_Plants_1.0_FREE/Tiny_Treats_House_Plants_1.0_FREE/Assets/fbx(unity)/pothos_plant_medium_potted.fbx
  artifactKey: Guid(785aaebf5f0eb4f4790e1a9e13c75a8a) Importer(815301076,1909f56bfc062723c751e8b465ee728b)
Start importing Assets/Package/Asset/Tiny_Treats_House_Plants_1.0_FREE/Tiny_Treats_House_Plants_1.0_FREE/Assets/fbx(unity)/pothos_plant_medium_potted.fbx using Guid(785aaebf5f0eb4f4790e1a9e13c75a8a) Importer(815301076,1909f56bfc062723c751e8b465ee728b)  -> (artifact id: 'c55df2c1d7b894ba2e7684d88f21faed') in 0.064106 seconds
Number of updated asset objects reloaded before import = 0
Number of asset objects unloaded after import = 9
========================================================================
Received Import Request.
  Time since last request: 0.327536 seconds.
  path: Assets/Package/Asset/Tiny_Treats_House_Plants_1.0_FREE/Tiny_Treats_House_Plants_1.0_FREE/Assets/fbx(unity)/pothos_vine_medium_A.fbx
  artifactKey: Guid(c7e2ff5e2e0173c4bb42a327f49358fc) Importer(815301076,1909f56bfc062723c751e8b465ee728b)
Start importing Assets/Package/Asset/Tiny_Treats_House_Plants_1.0_FREE/Tiny_Treats_House_Plants_1.0_FREE/Assets/fbx(unity)/pothos_vine_medium_A.fbx using Guid(c7e2ff5e2e0173c4bb42a327f49358fc) Importer(815301076,1909f56bfc062723c751e8b465ee728b)  -> (artifact id: '5cde13595ee414e4060d7169cb576f05') in 0.053522 seconds
Number of updated asset objects reloaded before import = 0
Number of asset objects unloaded after import = 9
========================================================================
Received Import Request.
  Time since last request: 0.000033 seconds.
  path: Assets/Package/Asset/Tiny_Treats_House_Plants_1.0_FREE/Tiny_Treats_House_Plants_1.0_FREE/Assets/fbx(unity)/pothos_vine_medium_D.fbx
  artifactKey: Guid(3d9320e688a63bb41867c7259b86027e) Importer(815301076,1909f56bfc062723c751e8b465ee728b)
Start importing Assets/Package/Asset/Tiny_Treats_House_Plants_1.0_FREE/Tiny_Treats_House_Plants_1.0_FREE/Assets/fbx(unity)/pothos_vine_medium_D.fbx using Guid(3d9320e688a63bb41867c7259b86027e) Importer(815301076,1909f56bfc062723c751e8b465ee728b)  -> (artifact id: 'b9fe6d3aab46dc5f3ec249347c834aba') in 0.045670 seconds
Number of updated asset objects reloaded before import = 0
Number of asset objects unloaded after import = 9
========================================================================
Received Import Request.
  Time since last request: 0.091421 seconds.
  path: Assets/Package/Asset/Tiny_Treats_House_Plants_1.0_FREE/Tiny_Treats_House_Plants_1.0_FREE/Assets/fbx(unity)/pothos_vine_small_D.fbx
  artifactKey: Guid(7e864ebdc13411646b3f0ec5793f5f92) Importer(815301076,1909f56bfc062723c751e8b465ee728b)
Start importing Assets/Package/Asset/Tiny_Treats_House_Plants_1.0_FREE/Tiny_Treats_House_Plants_1.0_FREE/Assets/fbx(unity)/pothos_vine_small_D.fbx using Guid(7e864ebdc13411646b3f0ec5793f5f92) Importer(815301076,1909f56bfc062723c751e8b465ee728b)  -> (artifact id: '4c6551285de859f9a0b0913b2db89d00') in 0.051117 seconds
Number of updated asset objects reloaded before import = 0
Number of asset objects unloaded after import = 9
========================================================================
Received Import Request.
  Time since last request: 0.040334 seconds.
  path: Assets/Package/Asset/Tiny_Treats_House_Plants_1.0_FREE/Tiny_Treats_House_Plants_1.0_FREE/Assets/fbx(unity)/sansevieria_leaf_medium_C.fbx
  artifactKey: Guid(8be5e5b7009513a4f85f6468ba965c6a) Importer(815301076,1909f56bfc062723c751e8b465ee728b)
Start importing Assets/Package/Asset/Tiny_Treats_House_Plants_1.0_FREE/Tiny_Treats_House_Plants_1.0_FREE/Assets/fbx(unity)/sansevieria_leaf_medium_C.fbx using Guid(8be5e5b7009513a4f85f6468ba965c6a) Importer(815301076,1909f56bfc062723c751e8b465ee728b)  -> (artifact id: '8c96240d47444817b77ffd8699b14d19') in 0.040039 seconds
Number of updated asset objects reloaded before import = 0
Number of asset objects unloaded after import = 9
========================================================================
Received Import Request.
  Time since last request: 0.000026 seconds.
  path: Assets/Package/Asset/Tiny_Treats_House_Plants_1.0_FREE/Tiny_Treats_House_Plants_1.0_FREE/Assets/fbx(unity)/sansevieria_plant_large_potted.fbx
  artifactKey: Guid(a3b70c804cc68cc4a868c6a252da4ad9) Importer(815301076,1909f56bfc062723c751e8b465ee728b)
Start importing Assets/Package/Asset/Tiny_Treats_House_Plants_1.0_FREE/Tiny_Treats_House_Plants_1.0_FREE/Assets/fbx(unity)/sansevieria_plant_large_potted.fbx using Guid(a3b70c804cc68cc4a868c6a252da4ad9) Importer(815301076,1909f56bfc062723c751e8b465ee728b)  -> (artifact id: '7e5d9343bb1c2a8fcc9d072c044a0f9c') in 0.043736 seconds
Number of updated asset objects reloaded before import = 0
Number of asset objects unloaded after import = 9
========================================================================
Received Import Request.
  Time since last request: 0.257824 seconds.
  path: Assets/Package/Asset/Tiny_Treats_House_Plants_1.0_FREE/Tiny_Treats_House_Plants_1.0_FREE/Assets/fbx(unity)/sansevieria_plant_medium_potted.fbx
  artifactKey: Guid(f3979f92600abb9488d7b7ac5ffe244d) Importer(815301076,1909f56bfc062723c751e8b465ee728b)
Start importing Assets/Package/Asset/Tiny_Treats_House_Plants_1.0_FREE/Tiny_Treats_House_Plants_1.0_FREE/Assets/fbx(unity)/sansevieria_plant_medium_potted.fbx using Guid(f3979f92600abb9488d7b7ac5ffe244d) Importer(815301076,1909f56bfc062723c751e8b465ee728b)  -> (artifact id: 'f9d8419c167dca1c1a75f0e47e95e355') in 0.051227 seconds
Number of updated asset objects reloaded before import = 0
Number of asset objects unloaded after import = 9
========================================================================
Received Import Request.
  Time since last request: 0.000028 seconds.
  path: Assets/Package/Asset/Tiny_Treats_House_Plants_1.0_FREE/Tiny_Treats_House_Plants_1.0_FREE/Assets/fbx(unity)/saucer_A_large.fbx
  artifactKey: Guid(070e49fcca169ea41a27748bd02c8708) Importer(815301076,1909f56bfc062723c751e8b465ee728b)
Start importing Assets/Package/Asset/Tiny_Treats_House_Plants_1.0_FREE/Tiny_Treats_House_Plants_1.0_FREE/Assets/fbx(unity)/saucer_A_large.fbx using Guid(070e49fcca169ea41a27748bd02c8708) Importer(815301076,1909f56bfc062723c751e8b465ee728b)  -> (artifact id: '4b090f2f2028a3695b298716c3dc1998') in 0.047152 seconds
Number of updated asset objects reloaded before import = 0
Number of asset objects unloaded after import = 9
========================================================================
Received Import Request.
  Time since last request: 0.240007 seconds.
  path: Assets/Package/Asset/Tiny_Treats_House_Plants_1.0_FREE/Tiny_Treats_House_Plants_1.0_FREE/Assets/fbx(unity)/saucer_B_medium.fbx
  artifactKey: Guid(62351a36a472a204980b88a8d4e8ffda) Importer(815301076,1909f56bfc062723c751e8b465ee728b)
Start importing Assets/Package/Asset/Tiny_Treats_House_Plants_1.0_FREE/Tiny_Treats_House_Plants_1.0_FREE/Assets/fbx(unity)/saucer_B_medium.fbx using Guid(62351a36a472a204980b88a8d4e8ffda) Importer(815301076,1909f56bfc062723c751e8b465ee728b)  -> (artifact id: 'e3ff009729909a7d0095cae74f52b574') in 0.067684 seconds
Number of updated asset objects reloaded before import = 0
Number of asset objects unloaded after import = 9
========================================================================
Received Import Request.
  Time since last request: 0.000037 seconds.
  path: Assets/Package/Asset/Tiny_Treats_House_Plants_1.0_FREE/Tiny_Treats_House_Plants_1.0_FREE/Assets/fbx(unity)/succulent_B.fbx
  artifactKey: Guid(9ebf08979c361a14c82d9d7f49f9cd5c) Importer(815301076,1909f56bfc062723c751e8b465ee728b)
Start importing Assets/Package/Asset/Tiny_Treats_House_Plants_1.0_FREE/Tiny_Treats_House_Plants_1.0_FREE/Assets/fbx(unity)/succulent_B.fbx using Guid(9ebf08979c361a14c82d9d7f49f9cd5c) Importer(815301076,1909f56bfc062723c751e8b465ee728b)  -> (artifact id: 'fb67f9487ea258f237a1ec8541b768e2') in 0.040746 seconds
Number of updated asset objects reloaded before import = 0
Number of asset objects unloaded after import = 9
========================================================================
Received Import Request.
  Time since last request: 0.021607 seconds.
  path: Assets/Package/Asset/Tiny_Treats_House_Plants_1.0_FREE/Tiny_Treats_House_Plants_1.0_FREE/Assets/fbx(unity)/succulent_plant_pot_large.fbx
  artifactKey: Guid(e8b0aeb37ef3e8740a6ceeaf4a7d60fd) Importer(815301076,1909f56bfc062723c751e8b465ee728b)
Start importing Assets/Package/Asset/Tiny_Treats_House_Plants_1.0_FREE/Tiny_Treats_House_Plants_1.0_FREE/Assets/fbx(unity)/succulent_plant_pot_large.fbx using Guid(e8b0aeb37ef3e8740a6ceeaf4a7d60fd) Importer(815301076,1909f56bfc062723c751e8b465ee728b)  -> (artifact id: '8b7a2c88bd70fb0c20ef23963c6d6aa0') in 0.045480 seconds
Number of updated asset objects reloaded before import = 0
Number of asset objects unloaded after import = 9
========================================================================
Received Import Request.
  Time since last request: 0.000056 seconds.
  path: Assets/Package/Asset/Tiny_Treats_House_Plants_1.0_FREE/Tiny_Treats_House_Plants_1.0_FREE/Assets/fbx(unity)/yucca_branch_large_A.fbx
  artifactKey: Guid(e224898216780e54899ffbeaca9947a3) Importer(815301076,1909f56bfc062723c751e8b465ee728b)
Start importing Assets/Package/Asset/Tiny_Treats_House_Plants_1.0_FREE/Tiny_Treats_House_Plants_1.0_FREE/Assets/fbx(unity)/yucca_branch_large_A.fbx using Guid(e224898216780e54899ffbeaca9947a3) Importer(815301076,1909f56bfc062723c751e8b465ee728b)  -> (artifact id: '57d3d11b02e64825d78b29fba91593ed') in 0.041413 seconds
Number of updated asset objects reloaded before import = 0
Number of asset objects unloaded after import = 9
========================================================================
Received Import Request.
  Time since last request: 0.199327 seconds.
  path: Assets/Package/Asset/Tiny_Treats_House_Plants_1.0_FREE/Tiny_Treats_House_Plants_1.0_FREE/Assets/fbx(unity)/yucca_branch_large_C.fbx
  artifactKey: Guid(b4113c04fa5f15b4998f6262e8156d41) Importer(815301076,1909f56bfc062723c751e8b465ee728b)
Start importing Assets/Package/Asset/Tiny_Treats_House_Plants_1.0_FREE/Tiny_Treats_House_Plants_1.0_FREE/Assets/fbx(unity)/yucca_branch_large_C.fbx using Guid(b4113c04fa5f15b4998f6262e8156d41) Importer(815301076,1909f56bfc062723c751e8b465ee728b)  -> (artifact id: '61d940bd8b9e64ba431140dd07b3b0fb') in 0.055640 seconds
Number of updated asset objects reloaded before import = 0
Number of asset objects unloaded after import = 9
========================================================================
Received Import Request.
  Time since last request: 0.000024 seconds.
  path: Assets/Package/Asset/Tiny_Treats_House_Plants_1.0_FREE/Tiny_Treats_House_Plants_1.0_FREE/Assets/fbx(unity)/yucca_branch_small_A.fbx
  artifactKey: Guid(ea3a55dcf08073040b38b3aed429dacc) Importer(815301076,1909f56bfc062723c751e8b465ee728b)
Start importing Assets/Package/Asset/Tiny_Treats_House_Plants_1.0_FREE/Tiny_Treats_House_Plants_1.0_FREE/Assets/fbx(unity)/yucca_branch_small_A.fbx using Guid(ea3a55dcf08073040b38b3aed429dacc) Importer(815301076,1909f56bfc062723c751e8b465ee728b)  -> (artifact id: '609d6b6ec84c25f9e765b4565ea184b0') in 0.042598 seconds
Number of updated asset objects reloaded before import = 0
Number of asset objects unloaded after import = 9
========================================================================
Received Import Request.
  Time since last request: 0.006970 seconds.
  path: Assets/Package/Asset/Tiny_Treats_House_Plants_1.0_FREE/Tiny_Treats_House_Plants_1.0_FREE/Assets/fbx(unity)/yucca_plant_large.fbx
  artifactKey: Guid(edd98adb5d057544294b597e2ba44f2d) Importer(815301076,1909f56bfc062723c751e8b465ee728b)
Start importing Assets/Package/Asset/Tiny_Treats_House_Plants_1.0_FREE/Tiny_Treats_House_Plants_1.0_FREE/Assets/fbx(unity)/yucca_plant_large.fbx using Guid(edd98adb5d057544294b597e2ba44f2d) Importer(815301076,1909f56bfc062723c751e8b465ee728b)  -> (artifact id: '067968f91b633493877bd333086884b5') in 0.047654 seconds
Number of updated asset objects reloaded before import = 0
Number of asset objects unloaded after import = 9
========================================================================
Received Import Request.
  Time since last request: 0.000024 seconds.
  path: Assets/Package/Asset/Tiny_Treats_House_Plants_1.0_FREE/Tiny_Treats_House_Plants_1.0_FREE/Assets/fbx(unity)/yucca_plant_small.fbx
  artifactKey: Guid(c73202913adb7ef41b137968da1a670c) Importer(815301076,1909f56bfc062723c751e8b465ee728b)
Start importing Assets/Package/Asset/Tiny_Treats_House_Plants_1.0_FREE/Tiny_Treats_House_Plants_1.0_FREE/Assets/fbx(unity)/yucca_plant_small.fbx using Guid(c73202913adb7ef41b137968da1a670c) Importer(815301076,1909f56bfc062723c751e8b465ee728b)  -> (artifact id: '325fba64fa332a3ff6bc4ad869a5d87b') in 0.037646 seconds
Number of updated asset objects reloaded before import = 0
Number of asset objects unloaded after import = 9
========================================================================
Received Import Request.
  Time since last request: 0.268198 seconds.
  path: Assets/Package/Asset/Tiny_Treats_House_Plants_1.0_FREE/Tiny_Treats_House_Plants_1.0_FREE/Assets/fbx(unity)/zzplant_leaf_large_B.fbx
  artifactKey: Guid(e149cc20b3a052845be52577fe236dc8) Importer(815301076,1909f56bfc062723c751e8b465ee728b)
Start importing Assets/Package/Asset/Tiny_Treats_House_Plants_1.0_FREE/Tiny_Treats_House_Plants_1.0_FREE/Assets/fbx(unity)/zzplant_leaf_large_B.fbx using Guid(e149cc20b3a052845be52577fe236dc8) Importer(815301076,1909f56bfc062723c751e8b465ee728b)  -> (artifact id: '4fac2cfe443a260859416c7f451402c1') in 0.078973 seconds
Number of updated asset objects reloaded before import = 0
Number of asset objects unloaded after import = 9
========================================================================
Received Import Request.
  Time since last request: 0.000033 seconds.
  path: Assets/Package/Asset/Tiny_Treats_House_Plants_1.0_FREE/Tiny_Treats_House_Plants_1.0_FREE/Assets/fbx(unity)/zzplant_leaf_small_C.fbx
  artifactKey: Guid(4a06676e8e056bb479f603527c04c89f) Importer(815301076,1909f56bfc062723c751e8b465ee728b)
Start importing Assets/Package/Asset/Tiny_Treats_House_Plants_1.0_FREE/Tiny_Treats_House_Plants_1.0_FREE/Assets/fbx(unity)/zzplant_leaf_small_C.fbx using Guid(4a06676e8e056bb479f603527c04c89f) Importer(815301076,1909f56bfc062723c751e8b465ee728b)  -> (artifact id: '7028724b58becf2d93b27421355b8dde') in 0.048776 seconds
Number of updated asset objects reloaded before import = 0
Number of asset objects unloaded after import = 9
========================================================================
Received Import Request.
  Time since last request: 0.000041 seconds.
  path: Assets/Package/Asset/Tiny_Treats_House_Plants_1.0_FREE/Tiny_Treats_House_Plants_1.0_FREE/Assets/fbx(unity)/zzplant_plant_large.fbx
  artifactKey: Guid(ce171ea59e8684c499763d8f9ce4bd9a) Importer(815301076,1909f56bfc062723c751e8b465ee728b)
Start importing Assets/Package/Asset/Tiny_Treats_House_Plants_1.0_FREE/Tiny_Treats_House_Plants_1.0_FREE/Assets/fbx(unity)/zzplant_plant_large.fbx using Guid(ce171ea59e8684c499763d8f9ce4bd9a) Importer(815301076,1909f56bfc062723c751e8b465ee728b)  -> (artifact id: '7bdaf5d9ec259ab41889d489d411c1df') in 0.051296 seconds
Number of updated asset objects reloaded before import = 0
Number of asset objects unloaded after import = 9
Editor requested this worker to shutdown with reason: Scaling down because of idle timeout
TcpMessagingSession - receive error: operation aborted. errorcode: 995, details: The I/O operation has been aborted because of either a thread exit or an application request.
AssetImportWorker is now disconnected from the server
Process exiting
Exiting without the bug reporter. Application will terminate with return code 0