Using pre-set license
Built from '2022.3/staging' branch; Version is '2022.3.7f1 (b16b3b16c7a0) revision 11627323'; Using compiler version '192829333'; Build Type 'Release'
OS: 'Windows 11  (10.0.26100) 64bit CoreSingleLanguage' Language: 'en' Physical Memory: 15612 MB
BatchMode: 1, IsHumanControllingUs: 0, StartBugReporterOnCrash: 0, Is64bit: 1, IsPro: 1

COMMAND LINE ARGUMENTS:
C:\Program Files\Unity\Hub\Editor\2022.3.7f1\Editor\Unity.exe
-adb2
-batchMode
-noUpm
-name
AssetImportWorker4
-projectPath
E:/Unity/3DProject
-logFile
Logs/AssetImportWorker4.log
-srvPort
64021
Successfully changed project path to: E:/Unity/3DProject
E:/Unity/3DProject
[UnityMemory] Configuration Parameters - Can be set up in boot.config
    "memorysetup-bucket-allocator-granularity=16"
    "memorysetup-bucket-allocator-bucket-count=8"
    "memorysetup-bucket-allocator-block-size=33554432"
    "memorysetup-bucket-allocator-block-count=8"
    "memorysetup-main-allocator-block-size=16777216"
    "memorysetup-thread-allocator-block-size=16777216"
    "memorysetup-gfx-main-allocator-block-size=16777216"
    "memorysetup-gfx-thread-allocator-block-size=16777216"
    "memorysetup-cache-allocator-block-size=4194304"
    "memorysetup-typetree-allocator-block-size=2097152"
    "memorysetup-profiler-bucket-allocator-granularity=16"
    "memorysetup-profiler-bucket-allocator-bucket-count=8"
    "memorysetup-profiler-bucket-allocator-block-size=33554432"
    "memorysetup-profiler-bucket-allocator-block-count=8"
    "memorysetup-profiler-allocator-block-size=16777216"
    "memorysetup-profiler-editor-allocator-block-size=1048576"
    "memorysetup-temp-allocator-size-main=16777216"
    "memorysetup-job-temp-allocator-block-size=2097152"
    "memorysetup-job-temp-allocator-block-size-background=1048576"
    "memorysetup-job-temp-allocator-reduction-small-platforms=262144"
    "memorysetup-allocator-temp-initial-block-size-main=262144"
    "memorysetup-allocator-temp-initial-block-size-worker=262144"
    "memorysetup-temp-allocator-size-background-worker=32768"
    "memorysetup-temp-allocator-size-job-worker=262144"
    "memorysetup-temp-allocator-size-preload-manager=33554432"
    "memorysetup-temp-allocator-size-nav-mesh-worker=65536"
    "memorysetup-temp-allocator-size-audio-worker=65536"
    "memorysetup-temp-allocator-size-cloud-worker=32768"
    "memorysetup-temp-allocator-size-gi-baking-worker=262144"
    "memorysetup-temp-allocator-size-gfx=262144"
Player connection [39084] Host "[IP] 172.31.99.246 [Port] 0 [Flags] 2 [Guid] 3361805145 [EditorId] 3361805145 [Version] 1048832 [Id] WindowsEditor(7,NgiaDiep) [Debug] 1 [PackageName] WindowsEditor [ProjectName] Editor" joined multi-casting on [225.0.0.222:54997]...

Player connection [39084] Host "[IP] 172.31.99.246 [Port] 0 [Flags] 2 [Guid] 3361805145 [EditorId] 3361805145 [Version] 1048832 [Id] WindowsEditor(7,NgiaDiep) [Debug] 1 [PackageName] WindowsEditor [ProjectName] Editor" joined alternative multi-casting on [225.0.0.222:34997]...

Refreshing native plugins compatible for Editor in 13.83 ms, found 3 plugins.
Preloading 0 native plugins for Editor in 0.00 ms.
Initialize engine version: 2022.3.7f1 (b16b3b16c7a0)
[Subsystems] Discovering subsystems at path C:/Program Files/Unity/Hub/Editor/2022.3.7f1/Editor/Data/Resources/UnitySubsystems
[Subsystems] Discovering subsystems at path E:/Unity/3DProject/Assets
GfxDevice: creating device client; threaded=0; jobified=0
Direct3D:
    Version:  Direct3D 11.0 [level 11.1]
    Renderer: NVIDIA GeForce RTX 3050 Laptop GPU (ID=0x25a2)
    Vendor:   NVIDIA
    VRAM:     3964 MB
    Driver:   32.0.15.6590
Initialize mono
Mono path[0] = 'C:/Program Files/Unity/Hub/Editor/2022.3.7f1/Editor/Data/Managed'
Mono path[1] = 'C:/Program Files/Unity/Hub/Editor/2022.3.7f1/Editor/Data/MonoBleedingEdge/lib/mono/unityjit-win32'
Mono config path = 'C:/Program Files/Unity/Hub/Editor/2022.3.7f1/Editor/Data/MonoBleedingEdge/etc'
Using monoOptions --debugger-agent=transport=dt_socket,embedding=1,server=y,suspend=n,address=127.0.0.1:56588
Begin MonoManager ReloadAssembly
Registering precompiled unity dll's ...
Register platform support module: C:/Program Files/Unity/Hub/Editor/2022.3.7f1/Editor/Data/PlaybackEngines/WebGLSupport/UnityEditor.WebGL.Extensions.dll
Register platform support module: C:/Program Files/Unity/Hub/Editor/2022.3.7f1/Editor/Data/PlaybackEngines/WindowsStandaloneSupport/UnityEditor.WindowsStandalone.Extensions.dll
Registered in 0.013416 seconds.
- Loaded All Assemblies, in  0.565 seconds
Native extension for WindowsStandalone target not found
Native extension for WebGL target not found
Mono: successfully reloaded assembly
- Finished resetting the current domain, in  0.426 seconds
Domain Reload Profiling: 990ms
	BeginReloadAssembly (178ms)
		ExecutionOrderSort (0ms)
		DisableScriptedObjects (0ms)
		BackupInstance (0ms)
		ReleaseScriptingObjects (0ms)
		CreateAndSetChildDomain (1ms)
	RebuildCommonClasses (53ms)
	RebuildNativeTypeToScriptingClass (14ms)
	initialDomainReloadingComplete (92ms)
	LoadAllAssembliesAndSetupDomain (225ms)
		LoadAssemblies (175ms)
		RebuildTransferFunctionScriptingTraits (0ms)
		AnalyzeDomain (222ms)
			TypeCache.Refresh (220ms)
				TypeCache.ScanAssembly (201ms)
			ScanForSourceGeneratedMonoScriptInfo (1ms)
			ResolveRequiredComponents (1ms)
	FinalizeReload (427ms)
		ReleaseScriptCaches (0ms)
		RebuildScriptCaches (0ms)
		SetupLoadedEditorAssemblies (332ms)
			LogAssemblyErrors (0ms)
			InitializePlatformSupportModulesInManaged (16ms)
			SetLoadedEditorAssemblies (10ms)
			RefreshPlugins (0ms)
			BeforeProcessingInitializeOnLoad (3ms)
			ProcessInitializeOnLoadAttributes (228ms)
			ProcessInitializeOnLoadMethodAttributes (74ms)
			AfterProcessingInitializeOnLoad (0ms)
			EditorAssembliesLoaded (0ms)
		ExecutionOrderSort2 (0ms)
		AwakeInstancesAfterBackupRestoration (0ms)
========================================================================
Worker process is ready to serve import requests
Begin MonoManager ReloadAssembly
Symbol file LoadedFromMemory doesn't match image E:\Unity\3DProject\Library\PackageCache\com.unity.visualscripting@1.8.0\Editor\VisualScripting.Core\Dependencies\YamlDotNet\Unity.VisualScripting.YamlDotNet.dll
Symbol file LoadedFromMemory doesn't match image E:\Unity\3DProject\Library\PackageCache\com.unity.visualscripting@1.8.0\Editor\VisualScripting.Core\Dependencies\DotNetZip\Unity.VisualScripting.IonicZip.dll
- Loaded All Assemblies, in  1.148 seconds
Refreshing native plugins compatible for Editor in 2.64 ms, found 3 plugins.
Native extension for WindowsStandalone target not found
Native extension for WebGL target not found
Mono: successfully reloaded assembly
- Finished resetting the current domain, in  1.216 seconds
Domain Reload Profiling: 2361ms
	BeginReloadAssembly (293ms)
		ExecutionOrderSort (0ms)
		DisableScriptedObjects (9ms)
		BackupInstance (0ms)
		ReleaseScriptingObjects (0ms)
		CreateAndSetChildDomain (42ms)
	RebuildCommonClasses (62ms)
	RebuildNativeTypeToScriptingClass (21ms)
	initialDomainReloadingComplete (80ms)
	LoadAllAssembliesAndSetupDomain (689ms)
		LoadAssemblies (562ms)
		RebuildTransferFunctionScriptingTraits (0ms)
		AnalyzeDomain (289ms)
			TypeCache.Refresh (262ms)
				TypeCache.ScanAssembly (242ms)
			ScanForSourceGeneratedMonoScriptInfo (20ms)
			ResolveRequiredComponents (5ms)
	FinalizeReload (1216ms)
		ReleaseScriptCaches (0ms)
		RebuildScriptCaches (0ms)
		SetupLoadedEditorAssemblies (936ms)
			LogAssemblyErrors (0ms)
			InitializePlatformSupportModulesInManaged (11ms)
			SetLoadedEditorAssemblies (4ms)
			RefreshPlugins (0ms)
			BeforeProcessingInitializeOnLoad (92ms)
			ProcessInitializeOnLoadAttributes (778ms)
			ProcessInitializeOnLoadMethodAttributes (37ms)
			AfterProcessingInitializeOnLoad (14ms)
			EditorAssembliesLoaded (0ms)
		ExecutionOrderSort2 (0ms)
		AwakeInstancesAfterBackupRestoration (17ms)
Launched and connected shader compiler UnityShaderCompiler.exe after 0.07 seconds
Refreshing native plugins compatible for Editor in 2.51 ms, found 3 plugins.
Preloading 0 native plugins for Editor in 0.00 ms.
Unloading 3123 Unused Serialized files (Serialized files now loaded: 0)
Unloading 29 unused Assets / (56.6 KB). Loaded Objects now: 3591.
Memory consumption went from 125.0 MB to 124.9 MB.
Total: 4.900000 ms (FindLiveObjects: 0.368400 ms CreateObjectMapping: 0.151900 ms MarkObjects: 4.212400 ms  DeleteObjects: 0.165600 ms)

AssetImportParameters requested are different than current active one (requested -> active):
  custom:container-demuxer-ogg: 62fdf1f143b41e24485cea50d1cbac27 -> 
  custom:video-codec-MediaFoundation-h265: 746d11721c4dcdbdad8f713fa42b33f4 -> 
  custom:video-decoder-ogg-theora: a1e56fd34408186e4bbccfd4996cb3dc -> 
  custom:framework-win-MediaFoundation: 216162199b28c13a410421893ffa2e32 -> 
  custom:CustomObjectIndexerAttribute: 756ad292c208cfabdd7b50bc23989ffe -> 
  custom:container-demuxer-webm: 4f35f7cbe854078d1ac9338744f61a02 -> 
  custom:container-muxer-webm: aa71ff27fc2769a1b78a27578f13a17b -> 
  custom:video-decoder-webm-vp8: 9c59270c3fd7afecdb556c50c9e8de78 -> 
  custom:SearchIndexIgnoredProperties: e643bd26f0fe6173181afceb89e7c659 -> 
  custom:AudioImporter_EditorPlatform: d09bf68614088b80899f8185d706f6e7 -> 
  custom:video-encoder-webm-vp8: eb34c28f22e8b96e1ab97ce403110664 -> 
  custom:audio-decoder-ogg-vorbis: bf7c407c2cedff20999df2af8eb42d56 -> 
  custom:audio-encoder-webm-vorbis: bf7c407c2cedff20999df2af8eb42d56 -> 
========================================================================
Received Import Request.
  Time since last request: 1389447.163552 seconds.
  path: Assets/Package/Asset/KayKit_Restaurant_Bits_1.0_FREE/KayKit_Restaurant_Bits_1.0_FREE/Assets/fbx (unity)/pillar_B.fbx
  artifactKey: Guid(3af3b71170b795d4ab28bc972148d86f) Importer(815301076,1909f56bfc062723c751e8b465ee728b)
Start importing Assets/Package/Asset/KayKit_Restaurant_Bits_1.0_FREE/KayKit_Restaurant_Bits_1.0_FREE/Assets/fbx (unity)/pillar_B.fbx using Guid(3af3b71170b795d4ab28bc972148d86f) Importer(815301076,1909f56bfc062723c751e8b465ee728b)  -> (artifact id: 'dec46eb830f142d2cfb4c923e0984c7d') in 0.291509 seconds
Number of updated asset objects reloaded before import = 0
Number of asset objects unloaded after import = 9
========================================================================
Received Import Request.
  Time since last request: 1585.385906 seconds.
  path: Assets/Package/UI/Sounds/click-a.ogg
  artifactKey: Guid(038d1ef7cef82d846867ce05425b8358) Importer(815301076,1909f56bfc062723c751e8b465ee728b)
Start importing Assets/Package/UI/Sounds/click-a.ogg using Guid(038d1ef7cef82d846867ce05425b8358) Importer(815301076,1909f56bfc062723c751e8b465ee728b)  -> (artifact id: '753d7f6fc536115d054520827214fd69') in 0.054261 seconds
Number of updated asset objects reloaded before import = 0
Number of asset objects unloaded after import = 2
========================================================================
Received Import Request.
  Time since last request: 0.002777 seconds.
  path: Assets/Package/UI/Sounds/tap-a.ogg
  artifactKey: Guid(0cecd9981c929574bbbfbce2e5a405d7) Importer(815301076,1909f56bfc062723c751e8b465ee728b)
Start importing Assets/Package/UI/Sounds/tap-a.ogg using Guid(0cecd9981c929574bbbfbce2e5a405d7) Importer(815301076,1909f56bfc062723c751e8b465ee728b)  -> (artifact id: 'dd74550a2be86ee075010311990ac28f') in 0.026706 seconds
Number of updated asset objects reloaded before import = 0
Number of asset objects unloaded after import = 2
========================================================================
Received Import Request.
  Time since last request: 0.000033 seconds.
  path: Assets/Package/UI/Sounds/switch-b.ogg
  artifactKey: Guid(f72bd5f11698dd549ac46afd37568844) Importer(815301076,1909f56bfc062723c751e8b465ee728b)
Start importing Assets/Package/UI/Sounds/switch-b.ogg using Guid(f72bd5f11698dd549ac46afd37568844) Importer(815301076,1909f56bfc062723c751e8b465ee728b)  -> (artifact id: '9338cddfd77b1462ebbe0f73ec908662') in 0.026611 seconds
Number of updated asset objects reloaded before import = 0
Number of asset objects unloaded after import = 2
========================================================================
Received Import Request.
  Time since last request: 0.000026 seconds.
  path: Assets/Package/UI/Sounds/tap-b.ogg
  artifactKey: Guid(66862da0cfedadd4993190966220525e) Importer(815301076,1909f56bfc062723c751e8b465ee728b)
Start importing Assets/Package/UI/Sounds/tap-b.ogg using Guid(66862da0cfedadd4993190966220525e) Importer(815301076,1909f56bfc062723c751e8b465ee728b)  -> (artifact id: '1384fa8c2759f93c41a0b8ae7e5f1ee6') in 0.029118 seconds
Number of updated asset objects reloaded before import = 0
Number of asset objects unloaded after import = 2
========================================================================
Received Import Request.
  Time since last request: 1.398629 seconds.
  path: Assets/Package/UI/PNG/Blue
  artifactKey: Guid(de2329c93fb9ca741b0040b09724b756) Importer(815301076,1909f56bfc062723c751e8b465ee728b)
Start importing Assets/Package/UI/PNG/Blue using Guid(de2329c93fb9ca741b0040b09724b756) Importer(815301076,1909f56bfc062723c751e8b465ee728b)  -> (artifact id: '18a57d05948c128aa913a34c1a9f0fb3') in 0.001471 seconds
Number of updated asset objects reloaded before import = 0
Number of asset objects unloaded after import = 0
========================================================================
Received Import Request.
  Time since last request: 0.778244 seconds.
  path: Assets/Package/UI/PNG/Blue/Double
  artifactKey: Guid(de9fc2e7daa1cf54f892ae20c8ed1b3e) Importer(815301076,1909f56bfc062723c751e8b465ee728b)
Start importing Assets/Package/UI/PNG/Blue/Double using Guid(de9fc2e7daa1cf54f892ae20c8ed1b3e) Importer(815301076,1909f56bfc062723c751e8b465ee728b)  -> (artifact id: '4ef81f7b1e7570995b5a4679f34cb17a') in 0.001398 seconds
Number of updated asset objects reloaded before import = 0
Number of asset objects unloaded after import = 0
========================================================================
Received Import Request.
  Time since last request: 0.063907 seconds.
  path: Assets/Package/UI/PNG/Blue/Double/arrow_basic_e.png
  artifactKey: Guid(1da390cd176f9334d813e41feb484b11) Importer(815301076,1909f56bfc062723c751e8b465ee728b)
Start importing Assets/Package/UI/PNG/Blue/Double/arrow_basic_e.png using Guid(1da390cd176f9334d813e41feb484b11) Importer(815301076,1909f56bfc062723c751e8b465ee728b)  -> (artifact id: 'e20be76e73308067eada5283c09eb741') in 0.037330 seconds
Number of updated asset objects reloaded before import = 0
Number of asset objects unloaded after import = 2
========================================================================
Received Import Request.
  Time since last request: 0.000035 seconds.
  path: Assets/Package/UI/PNG/Blue/Double/arrow_basic_n_small.png
  artifactKey: Guid(96a527f8c2f211143ab773f3e19b3c5b) Importer(815301076,1909f56bfc062723c751e8b465ee728b)
Start importing Assets/Package/UI/PNG/Blue/Double/arrow_basic_n_small.png using Guid(96a527f8c2f211143ab773f3e19b3c5b) Importer(815301076,1909f56bfc062723c751e8b465ee728b)  -> (artifact id: '21f38362842f7dd9cab4a64c3850d324') in 0.024714 seconds
Number of updated asset objects reloaded before import = 0
Number of asset objects unloaded after import = 2
========================================================================
Received Import Request.
  Time since last request: 0.000040 seconds.
  path: Assets/Package/UI/PNG/Blue/Double/arrow_basic_s.png
  artifactKey: Guid(b571da723de6a2848bf695bcc2cfad43) Importer(815301076,1909f56bfc062723c751e8b465ee728b)
Start importing Assets/Package/UI/PNG/Blue/Double/arrow_basic_s.png using Guid(b571da723de6a2848bf695bcc2cfad43) Importer(815301076,1909f56bfc062723c751e8b465ee728b)  -> (artifact id: 'c70e8f72d6d1e201b8ad5bc2ac4dd911') in 0.025802 seconds
Number of updated asset objects reloaded before import = 0
Number of asset objects unloaded after import = 2
========================================================================
Received Import Request.
  Time since last request: 0.000030 seconds.
  path: Assets/Package/UI/PNG/Blue/Double/arrow_basic_w.png
  artifactKey: Guid(fb3f40e91e1d1df4a885ea5e40ad4858) Importer(815301076,1909f56bfc062723c751e8b465ee728b)
Start importing Assets/Package/UI/PNG/Blue/Double/arrow_basic_w.png using Guid(fb3f40e91e1d1df4a885ea5e40ad4858) Importer(815301076,1909f56bfc062723c751e8b465ee728b)  -> (artifact id: 'c8a4aa72a73823ed72649135f1204780') in 0.025030 seconds
Number of updated asset objects reloaded before import = 0
Number of asset objects unloaded after import = 2
========================================================================
Received Import Request.
  Time since last request: 0.000028 seconds.
  path: Assets/Package/UI/PNG/Blue/Double/arrow_basic_w_small.png
  artifactKey: Guid(afac8d14e6d30df4fa7b74eb1a2c020a) Importer(815301076,1909f56bfc062723c751e8b465ee728b)
Start importing Assets/Package/UI/PNG/Blue/Double/arrow_basic_w_small.png using Guid(afac8d14e6d30df4fa7b74eb1a2c020a) Importer(815301076,1909f56bfc062723c751e8b465ee728b)  -> (artifact id: '5e5a0760533fd0209ef8a7f5390d4e6f') in 0.024801 seconds
Number of updated asset objects reloaded before import = 0
Number of asset objects unloaded after import = 2
========================================================================
Received Import Request.
  Time since last request: 0.000029 seconds.
  path: Assets/Package/UI/PNG/Blue/Double/arrow_decorative_s.png
  artifactKey: Guid(73a5fa1662f93e24bb29ea1b62be8af9) Importer(815301076,1909f56bfc062723c751e8b465ee728b)
Start importing Assets/Package/UI/PNG/Blue/Double/arrow_decorative_s.png using Guid(73a5fa1662f93e24bb29ea1b62be8af9) Importer(815301076,1909f56bfc062723c751e8b465ee728b)  -> (artifact id: 'e9c2aad3b744ed64eef9c2e401e77257') in 0.026780 seconds
Number of updated asset objects reloaded before import = 0
Number of asset objects unloaded after import = 2
========================================================================
Received Import Request.
  Time since last request: 0.000027 seconds.
  path: Assets/Package/UI/PNG/Blue/Double/arrow_decorative_w.png
  artifactKey: Guid(58270dca23823c648b6bf58e37c06da7) Importer(815301076,1909f56bfc062723c751e8b465ee728b)
Start importing Assets/Package/UI/PNG/Blue/Double/arrow_decorative_w.png using Guid(58270dca23823c648b6bf58e37c06da7) Importer(815301076,1909f56bfc062723c751e8b465ee728b)  -> (artifact id: '614dac13a6293854016d08bcfcec0853') in 0.024635 seconds
Number of updated asset objects reloaded before import = 0
Number of asset objects unloaded after import = 2
========================================================================
Received Import Request.
  Time since last request: 0.000028 seconds.
  path: Assets/Package/UI/PNG/Blue/Double/button_rectangle_border.png
  artifactKey: Guid(16a719c16c57b484b8a4d30e5887ca48) Importer(815301076,1909f56bfc062723c751e8b465ee728b)
Start importing Assets/Package/UI/PNG/Blue/Double/button_rectangle_border.png using Guid(16a719c16c57b484b8a4d30e5887ca48) Importer(815301076,1909f56bfc062723c751e8b465ee728b)  -> (artifact id: '2c3eea89635ffb2d7d8e889f548d553f') in 0.028242 seconds
Number of updated asset objects reloaded before import = 0
Number of asset objects unloaded after import = 2
========================================================================
Received Import Request.
  Time since last request: 0.000029 seconds.
  path: Assets/Package/UI/PNG/Blue/Double/button_rectangle_depth_flat.png
  artifactKey: Guid(3282a12890b8cae4aab1df2201073f95) Importer(815301076,1909f56bfc062723c751e8b465ee728b)
Start importing Assets/Package/UI/PNG/Blue/Double/button_rectangle_depth_flat.png using Guid(3282a12890b8cae4aab1df2201073f95) Importer(815301076,1909f56bfc062723c751e8b465ee728b)  -> (artifact id: '2bc4d7604ffb08969f01eee9c8fdf095') in 0.029661 seconds
Number of updated asset objects reloaded before import = 0
Number of asset objects unloaded after import = 2
========================================================================
Received Import Request.
  Time since last request: 0.000027 seconds.
  path: Assets/Package/UI/PNG/Blue/Double/button_rectangle_depth_line.png
  artifactKey: Guid(a8ea114b2296a1f4f8befb5172fe6894) Importer(815301076,1909f56bfc062723c751e8b465ee728b)
Start importing Assets/Package/UI/PNG/Blue/Double/button_rectangle_depth_line.png using Guid(a8ea114b2296a1f4f8befb5172fe6894) Importer(815301076,1909f56bfc062723c751e8b465ee728b)  -> (artifact id: '5356fbb08b9e61b337fad8eb72bde962') in 0.026062 seconds
Number of updated asset objects reloaded before import = 0
Number of asset objects unloaded after import = 2
========================================================================
Received Import Request.
  Time since last request: 0.007231 seconds.
  path: Assets/Package/UI/PNG/Blue/Double/button_rectangle_depth_gradient.png
  artifactKey: Guid(159246c48827f6c4abb6a74670f966fa) Importer(815301076,1909f56bfc062723c751e8b465ee728b)
Start importing Assets/Package/UI/PNG/Blue/Double/button_rectangle_depth_gradient.png using Guid(159246c48827f6c4abb6a74670f966fa) Importer(815301076,1909f56bfc062723c751e8b465ee728b)  -> (artifact id: '40a6a7371f37e2406e5c9528c84b531a') in 0.033484 seconds
Number of updated asset objects reloaded before import = 0
Number of asset objects unloaded after import = 2
========================================================================
Received Import Request.
  Time since last request: 0.000028 seconds.
  path: Assets/Package/UI/PNG/Blue/Double/button_rectangle_line.png
  artifactKey: Guid(9a5aeda39fa43d746ac47defb47ca49f) Importer(815301076,1909f56bfc062723c751e8b465ee728b)
Start importing Assets/Package/UI/PNG/Blue/Double/button_rectangle_line.png using Guid(9a5aeda39fa43d746ac47defb47ca49f) Importer(815301076,1909f56bfc062723c751e8b465ee728b)  -> (artifact id: '0b5d9cbffcc32fa35b576c75acee1563') in 0.030534 seconds
Number of updated asset objects reloaded before import = 0
Number of asset objects unloaded after import = 2
========================================================================
Received Import Request.
  Time since last request: 0.000027 seconds.
  path: Assets/Package/UI/PNG/Blue/Double/arrow_decorative_s_small.png
  artifactKey: Guid(3d439694760610d4a96bd639037e7e45) Importer(815301076,1909f56bfc062723c751e8b465ee728b)
Start importing Assets/Package/UI/PNG/Blue/Double/arrow_decorative_s_small.png using Guid(3d439694760610d4a96bd639037e7e45) Importer(815301076,1909f56bfc062723c751e8b465ee728b)  -> (artifact id: 'c2b4bdd008089f78908ecc9f5879c3c5') in 0.027802 seconds
Number of updated asset objects reloaded before import = 0
Number of asset objects unloaded after import = 2
========================================================================
Received Import Request.
  Time since last request: 0.000023 seconds.
  path: Assets/Package/UI/PNG/Blue/Double/button_round_depth_gradient.png
  artifactKey: Guid(d356bee2ec0bfa44a88652a6958aa75b) Importer(815301076,1909f56bfc062723c751e8b465ee728b)
Start importing Assets/Package/UI/PNG/Blue/Double/button_round_depth_gradient.png using Guid(d356bee2ec0bfa44a88652a6958aa75b) Importer(815301076,1909f56bfc062723c751e8b465ee728b)  -> (artifact id: '400d10e584048f2d019c915fa55a69de') in 0.028144 seconds
Number of updated asset objects reloaded before import = 0
Number of asset objects unloaded after import = 2
========================================================================
Received Import Request.
  Time since last request: 0.000026 seconds.
  path: Assets/Package/UI/PNG/Blue/Double/button_round_depth_line.png
  artifactKey: Guid(da691cb10de5b274381cfcc5d32f3150) Importer(815301076,1909f56bfc062723c751e8b465ee728b)
Start importing Assets/Package/UI/PNG/Blue/Double/button_round_depth_line.png using Guid(da691cb10de5b274381cfcc5d32f3150) Importer(815301076,1909f56bfc062723c751e8b465ee728b)  -> (artifact id: '81a7923e6242dacb9a1fb377672c822b') in 0.025967 seconds
Number of updated asset objects reloaded before import = 0
Number of asset objects unloaded after import = 2
========================================================================
Received Import Request.
  Time since last request: 0.000030 seconds.
  path: Assets/Package/UI/PNG/Blue/Double/button_round_gloss.png
  artifactKey: Guid(98b1a63ee469a944785c2de402539c82) Importer(815301076,1909f56bfc062723c751e8b465ee728b)
Start importing Assets/Package/UI/PNG/Blue/Double/button_round_gloss.png using Guid(98b1a63ee469a944785c2de402539c82) Importer(815301076,1909f56bfc062723c751e8b465ee728b)  -> (artifact id: 'ca50baefbcd2b4605c4222636ea2fd44') in 0.032029 seconds
Number of updated asset objects reloaded before import = 0
Number of asset objects unloaded after import = 2
========================================================================
Received Import Request.
  Time since last request: 0.000036 seconds.
  path: Assets/Package/UI/PNG/Blue/Double/button_round_depth_gloss.png
  artifactKey: Guid(dccb330239f13c64eb66781b01db2fcc) Importer(815301076,1909f56bfc062723c751e8b465ee728b)
Start importing Assets/Package/UI/PNG/Blue/Double/button_round_depth_gloss.png using Guid(dccb330239f13c64eb66781b01db2fcc) Importer(815301076,1909f56bfc062723c751e8b465ee728b)  -> (artifact id: '9411ef4ac4fbe684f4f4232db9859990') in 0.033570 seconds
Number of updated asset objects reloaded before import = 0
Number of asset objects unloaded after import = 2
========================================================================
Received Import Request.
  Time since last request: 0.000030 seconds.
  path: Assets/Package/UI/PNG/Blue/Double/arrow_decorative_n.png
  artifactKey: Guid(dfcbe0bffdde0854180645276d58346f) Importer(815301076,1909f56bfc062723c751e8b465ee728b)
Start importing Assets/Package/UI/PNG/Blue/Double/arrow_decorative_n.png using Guid(dfcbe0bffdde0854180645276d58346f) Importer(815301076,1909f56bfc062723c751e8b465ee728b)  -> (artifact id: '49d8d5791108188953bd7ddfec165808') in 0.028552 seconds
Number of updated asset objects reloaded before import = 0
Number of asset objects unloaded after import = 2
========================================================================
Received Import Request.
  Time since last request: 0.000037 seconds.
  path: Assets/Package/UI/PNG/Blue/Double/button_rectangle_flat.png
  artifactKey: Guid(9ffa29768ca7f5940a07aef679079edc) Importer(815301076,1909f56bfc062723c751e8b465ee728b)
Start importing Assets/Package/UI/PNG/Blue/Double/button_rectangle_flat.png using Guid(9ffa29768ca7f5940a07aef679079edc) Importer(815301076,1909f56bfc062723c751e8b465ee728b)  -> (artifact id: '9cfce66001c13891b3ae74dee2e87251') in 0.027989 seconds
Number of updated asset objects reloaded before import = 0
Number of asset objects unloaded after import = 2
========================================================================
Received Import Request.
  Time since last request: 0.618791 seconds.
  path: Assets/Package/UI/PNG/Blue/Double/button_square_border.png
  artifactKey: Guid(8e633602b4b266941b0efdcaa5c4df4e) Importer(815301076,1909f56bfc062723c751e8b465ee728b)
Start importing Assets/Package/UI/PNG/Blue/Double/button_square_border.png using Guid(8e633602b4b266941b0efdcaa5c4df4e) Importer(815301076,1909f56bfc062723c751e8b465ee728b)  -> (artifact id: '688ab83143730c3a8880da03bd7f7b05') in 0.025725 seconds
Number of updated asset objects reloaded before import = 0
Number of asset objects unloaded after import = 2
========================================================================
Received Import Request.
  Time since last request: 0.000079 seconds.
  path: Assets/Package/UI/PNG/Blue/Double/button_square_depth_flat.png
  artifactKey: Guid(7499c63f7a45fe7439084fa7af40b319) Importer(815301076,1909f56bfc062723c751e8b465ee728b)
Start importing Assets/Package/UI/PNG/Blue/Double/button_square_depth_flat.png using Guid(7499c63f7a45fe7439084fa7af40b319) Importer(815301076,1909f56bfc062723c751e8b465ee728b)  -> (artifact id: '213a2a731329498f3209052b81da759b') in 0.032491 seconds
Number of updated asset objects reloaded before import = 0
Number of asset objects unloaded after import = 2
========================================================================
Received Import Request.
  Time since last request: 0.000029 seconds.
  path: Assets/Package/UI/PNG/Blue/Double/button_square_depth_gradient.png
  artifactKey: Guid(f8d8e60582a93cb4e939614c3956b6b8) Importer(815301076,1909f56bfc062723c751e8b465ee728b)
Start importing Assets/Package/UI/PNG/Blue/Double/button_square_depth_gradient.png using Guid(f8d8e60582a93cb4e939614c3956b6b8) Importer(815301076,1909f56bfc062723c751e8b465ee728b)  -> (artifact id: '199df0850b2db88ae5127afc6caec885') in 0.031469 seconds
Number of updated asset objects reloaded before import = 0
Number of asset objects unloaded after import = 2
========================================================================
Received Import Request.
  Time since last request: 0.000026 seconds.
  path: Assets/Package/UI/PNG/Blue/Double/button_square_flat.png
  artifactKey: Guid(669ada8c24456fe4290539108f9e1067) Importer(815301076,1909f56bfc062723c751e8b465ee728b)
Start importing Assets/Package/UI/PNG/Blue/Double/button_square_flat.png using Guid(669ada8c24456fe4290539108f9e1067) Importer(815301076,1909f56bfc062723c751e8b465ee728b)  -> (artifact id: 'd1de19f7260ff80d7c86cfd74f6cf735') in 0.029228 seconds
Number of updated asset objects reloaded before import = 0
Number of asset objects unloaded after import = 2
========================================================================
Received Import Request.
  Time since last request: 0.002031 seconds.
  path: Assets/Package/UI/PNG/Blue/Double/button_square_gloss.png
  artifactKey: Guid(514de1d426273cb43bc9a8b30e3f2ee8) Importer(815301076,1909f56bfc062723c751e8b465ee728b)
Start importing Assets/Package/UI/PNG/Blue/Double/button_square_gloss.png using Guid(514de1d426273cb43bc9a8b30e3f2ee8) Importer(815301076,1909f56bfc062723c751e8b465ee728b)  -> (artifact id: 'aee76f864effb3b186b7713c3aa4e003') in 0.025555 seconds
Number of updated asset objects reloaded before import = 0
Number of asset objects unloaded after import = 2
========================================================================
Received Import Request.
  Time since last request: 0.000028 seconds.
  path: Assets/Package/UI/PNG/Blue/Double/button_square_line.png
  artifactKey: Guid(72fe2605fd65f0347a9137cac1062e2d) Importer(815301076,1909f56bfc062723c751e8b465ee728b)
Start importing Assets/Package/UI/PNG/Blue/Double/button_square_line.png using Guid(72fe2605fd65f0347a9137cac1062e2d) Importer(815301076,1909f56bfc062723c751e8b465ee728b)  -> (artifact id: '10078faa63dfc23b282fb6ab08a98adf') in 0.029184 seconds
Number of updated asset objects reloaded before import = 0
Number of asset objects unloaded after import = 2
========================================================================
Received Import Request.
  Time since last request: 0.000034 seconds.
  path: Assets/Package/UI/PNG/Blue/Double/check_round_grey.png
  artifactKey: Guid(1161313ddb2efd242ac7984e797c6a9b) Importer(815301076,1909f56bfc062723c751e8b465ee728b)
Start importing Assets/Package/UI/PNG/Blue/Double/check_round_grey.png using Guid(1161313ddb2efd242ac7984e797c6a9b) Importer(815301076,1909f56bfc062723c751e8b465ee728b)  -> (artifact id: 'c8e8544933319fabf168d1fae27628a4') in 0.026609 seconds
Number of updated asset objects reloaded before import = 0
Number of asset objects unloaded after import = 2
========================================================================
Received Import Request.
  Time since last request: 0.000038 seconds.
  path: Assets/Package/UI/PNG/Blue/Double/check_square_color.png
  artifactKey: Guid(cd58adce3b29b0d4cbb59a6bf91cd331) Importer(815301076,1909f56bfc062723c751e8b465ee728b)
Start importing Assets/Package/UI/PNG/Blue/Double/check_square_color.png using Guid(cd58adce3b29b0d4cbb59a6bf91cd331) Importer(815301076,1909f56bfc062723c751e8b465ee728b)  -> (artifact id: '8b221e258bb3ca11d115c75cfaf62abb') in 0.024795 seconds
Number of updated asset objects reloaded before import = 0
Number of asset objects unloaded after import = 2
========================================================================
Received Import Request.
  Time since last request: 0.000023 seconds.
  path: Assets/Package/UI/PNG/Blue/Double/check_square_color_square.png
  artifactKey: Guid(ca15a51384b7eba4a893a99e780ba75a) Importer(815301076,1909f56bfc062723c751e8b465ee728b)
Start importing Assets/Package/UI/PNG/Blue/Double/check_square_color_square.png using Guid(ca15a51384b7eba4a893a99e780ba75a) Importer(815301076,1909f56bfc062723c751e8b465ee728b)  -> (artifact id: 'e29357a987791ded66b58404532f70c6') in 0.023431 seconds
Number of updated asset objects reloaded before import = 0
Number of asset objects unloaded after import = 2
========================================================================
Received Import Request.
  Time since last request: 0.000023 seconds.
  path: Assets/Package/UI/PNG/Blue/Double/check_square_grey.png
  artifactKey: Guid(2ffb6f4e44eba4b41a02c010701e0ce0) Importer(815301076,1909f56bfc062723c751e8b465ee728b)
Start importing Assets/Package/UI/PNG/Blue/Double/check_square_grey.png using Guid(2ffb6f4e44eba4b41a02c010701e0ce0) Importer(815301076,1909f56bfc062723c751e8b465ee728b)  -> (artifact id: 'e434ba221b84f0dc493228b63fe11284') in 0.030577 seconds
Number of updated asset objects reloaded before import = 0
Number of asset objects unloaded after import = 2
========================================================================
Received Import Request.
  Time since last request: 0.000033 seconds.
  path: Assets/Package/UI/PNG/Blue/Double/check_square_color_checkmark.png
  artifactKey: Guid(481c7b1205e87494cbdaf7f7646fceb1) Importer(815301076,1909f56bfc062723c751e8b465ee728b)
Start importing Assets/Package/UI/PNG/Blue/Double/check_square_color_checkmark.png using Guid(481c7b1205e87494cbdaf7f7646fceb1) Importer(815301076,1909f56bfc062723c751e8b465ee728b)  -> (artifact id: '24a3156a867cd5d1ddc3c1a70bd575af') in 0.029104 seconds
Number of updated asset objects reloaded before import = 0
Number of asset objects unloaded after import = 2
========================================================================
Received Import Request.
  Time since last request: 0.000036 seconds.
  path: Assets/Package/UI/PNG/Blue/Double/check_round_grey_circle.png
  artifactKey: Guid(48302e35d032e4149a485c6817c7ad65) Importer(815301076,1909f56bfc062723c751e8b465ee728b)
Start importing Assets/Package/UI/PNG/Blue/Double/check_round_grey_circle.png using Guid(48302e35d032e4149a485c6817c7ad65) Importer(815301076,1909f56bfc062723c751e8b465ee728b)  -> (artifact id: '43912ec75b152f6e7c42a7dd7cd23304') in 0.038692 seconds
Number of updated asset objects reloaded before import = 0
Number of asset objects unloaded after import = 2
========================================================================
Received Import Request.
  Time since last request: 0.046532 seconds.
  path: Assets/Package/UI/PNG/Blue/Double/check_square_grey_square.png
  artifactKey: Guid(6af63c2c143b0f5408fb82bf3d9335e6) Importer(815301076,1909f56bfc062723c751e8b465ee728b)
Start importing Assets/Package/UI/PNG/Blue/Double/check_square_grey_square.png using Guid(6af63c2c143b0f5408fb82bf3d9335e6) Importer(815301076,1909f56bfc062723c751e8b465ee728b)  -> (artifact id: '6e5f25d27c3b5d170f59b7ccedc8297d') in 0.027195 seconds
Number of updated asset objects reloaded before import = 0
Number of asset objects unloaded after import = 2
========================================================================
Received Import Request.
  Time since last request: 0.000031 seconds.
  path: Assets/Package/UI/PNG/Blue/Double/icon_circle.png
  artifactKey: Guid(84a9f428df91ee542bfcbe5699198257) Importer(815301076,1909f56bfc062723c751e8b465ee728b)
Start importing Assets/Package/UI/PNG/Blue/Double/icon_circle.png using Guid(84a9f428df91ee542bfcbe5699198257) Importer(815301076,1909f56bfc062723c751e8b465ee728b)  -> (artifact id: 'bd2eedc24ce4cb42d8c945c9dae1ab53') in 0.025979 seconds
Number of updated asset objects reloaded before import = 0
Number of asset objects unloaded after import = 2
========================================================================
Received Import Request.
  Time since last request: 0.000046 seconds.
  path: Assets/Package/UI/PNG/Blue/Double/icon_outline_checkmark.png
  artifactKey: Guid(4703734e0383fe8449b7b3c0268257e2) Importer(815301076,1909f56bfc062723c751e8b465ee728b)
Start importing Assets/Package/UI/PNG/Blue/Double/icon_outline_checkmark.png using Guid(4703734e0383fe8449b7b3c0268257e2) Importer(815301076,1909f56bfc062723c751e8b465ee728b)  -> (artifact id: '442f1420de2e57ba55bf197c91724cf0') in 0.027591 seconds
Number of updated asset objects reloaded before import = 0
Number of asset objects unloaded after import = 2
========================================================================
Received Import Request.
  Time since last request: 0.000026 seconds.
  path: Assets/Package/UI/PNG/Blue/Double/icon_outline_circle.png
  artifactKey: Guid(a994f58aca530a34a89c3a915ccbea7a) Importer(815301076,1909f56bfc062723c751e8b465ee728b)
Start importing Assets/Package/UI/PNG/Blue/Double/icon_outline_circle.png using Guid(a994f58aca530a34a89c3a915ccbea7a) Importer(815301076,1909f56bfc062723c751e8b465ee728b)  -> (artifact id: '2bfbc629633b76fea06f9d9648a62984') in 0.029398 seconds
Number of updated asset objects reloaded before import = 0
Number of asset objects unloaded after import = 2
========================================================================
Received Import Request.
  Time since last request: 0.000031 seconds.
  path: Assets/Package/UI/PNG/Blue/Double/icon_square.png
  artifactKey: Guid(f2e44ff960b05404bbe8bd4fbfc0b67b) Importer(815301076,1909f56bfc062723c751e8b465ee728b)
Start importing Assets/Package/UI/PNG/Blue/Double/icon_square.png using Guid(f2e44ff960b05404bbe8bd4fbfc0b67b) Importer(815301076,1909f56bfc062723c751e8b465ee728b)  -> (artifact id: '605c19d55e974edf03c7bde7b56d3f16') in 0.024174 seconds
Number of updated asset objects reloaded before import = 0
Number of asset objects unloaded after import = 2
========================================================================
Received Import Request.
  Time since last request: 0.000024 seconds.
  path: Assets/Package/UI/PNG/Blue/Double/slide_horizontal_color.png
  artifactKey: Guid(b14f211bd3dabd648b5b454b6f684e6d) Importer(815301076,1909f56bfc062723c751e8b465ee728b)
Start importing Assets/Package/UI/PNG/Blue/Double/slide_horizontal_color.png using Guid(b14f211bd3dabd648b5b454b6f684e6d) Importer(815301076,1909f56bfc062723c751e8b465ee728b)  -> (artifact id: 'bf13f872fe239046805d56957aca3b11') in 0.027614 seconds
Number of updated asset objects reloaded before import = 0
Number of asset objects unloaded after import = 2
========================================================================
Received Import Request.
  Time since last request: 0.000027 seconds.
  path: Assets/Package/UI/PNG/Blue/Double/slide_horizontal_color_section.png
  artifactKey: Guid(351f5f37a8eb90c43ac170df198514cf) Importer(815301076,1909f56bfc062723c751e8b465ee728b)
Start importing Assets/Package/UI/PNG/Blue/Double/slide_horizontal_color_section.png using Guid(351f5f37a8eb90c43ac170df198514cf) Importer(815301076,1909f56bfc062723c751e8b465ee728b)  -> (artifact id: '2bb021fbc24c89a2fbb7b0e58b85b43c') in 0.026852 seconds
Number of updated asset objects reloaded before import = 0
Number of asset objects unloaded after import = 2
========================================================================
Received Import Request.
  Time since last request: 0.000025 seconds.
  path: Assets/Package/UI/PNG/Blue/Double/slide_horizontal_grey_section_wide.png
  artifactKey: Guid(bb0b47d8547875e41af347554edf2075) Importer(815301076,1909f56bfc062723c751e8b465ee728b)
Start importing Assets/Package/UI/PNG/Blue/Double/slide_horizontal_grey_section_wide.png using Guid(bb0b47d8547875e41af347554edf2075) Importer(815301076,1909f56bfc062723c751e8b465ee728b)  -> (artifact id: 'b09b711defb6bec238870a4bbeb8e2a0') in 0.024133 seconds
Number of updated asset objects reloaded before import = 0
Number of asset objects unloaded after import = 2
========================================================================
Received Import Request.
  Time since last request: 0.000031 seconds.
  path: Assets/Package/UI/PNG/Blue/Double/slide_vertical_color.png
  artifactKey: Guid(08e4121d049b97c4d89deeaf8ceb8b42) Importer(815301076,1909f56bfc062723c751e8b465ee728b)
Start importing Assets/Package/UI/PNG/Blue/Double/slide_vertical_color.png using Guid(08e4121d049b97c4d89deeaf8ceb8b42) Importer(815301076,1909f56bfc062723c751e8b465ee728b)  -> (artifact id: '01cd2ead05096bf7d0ab05917e9005bc') in 0.029207 seconds
Number of updated asset objects reloaded before import = 0
Number of asset objects unloaded after import = 2
========================================================================
Received Import Request.
  Time since last request: 0.000033 seconds.
  path: Assets/Package/UI/PNG/Blue/Double/slide_vertical_grey_section.png
  artifactKey: Guid(c4bddef9d7037414eba4780b6a4ba24c) Importer(815301076,1909f56bfc062723c751e8b465ee728b)
Start importing Assets/Package/UI/PNG/Blue/Double/slide_vertical_grey_section.png using Guid(c4bddef9d7037414eba4780b6a4ba24c) Importer(815301076,1909f56bfc062723c751e8b465ee728b)  -> (artifact id: '296e2aba19049709b2ec4f1b8f1410b0') in 0.026999 seconds
Number of updated asset objects reloaded before import = 0
Number of asset objects unloaded after import = 2
========================================================================
Received Import Request.
  Time since last request: 0.000034 seconds.
  path: Assets/Package/UI/PNG/Blue/Double/slide_vertical_color_section_wide.png
  artifactKey: Guid(572c29e0b6c275a44b8fd0b13ec8f7db) Importer(815301076,1909f56bfc062723c751e8b465ee728b)
Start importing Assets/Package/UI/PNG/Blue/Double/slide_vertical_color_section_wide.png using Guid(572c29e0b6c275a44b8fd0b13ec8f7db) Importer(815301076,1909f56bfc062723c751e8b465ee728b)  -> (artifact id: '742dd3131239ede265f2747a63af1207') in 0.033051 seconds
Number of updated asset objects reloaded before import = 0
Number of asset objects unloaded after import = 2
========================================================================
Received Import Request.
  Time since last request: 0.000041 seconds.
  path: Assets/Package/UI/PNG/Blue/Double/slide_vertical_grey.png
  artifactKey: Guid(9dde9d728ba80f74c9361c43887553a2) Importer(815301076,1909f56bfc062723c751e8b465ee728b)
Start importing Assets/Package/UI/PNG/Blue/Double/slide_vertical_grey.png using Guid(9dde9d728ba80f74c9361c43887553a2) Importer(815301076,1909f56bfc062723c751e8b465ee728b)  -> (artifact id: '787e84176dae78d4e18c22dfebe3e582') in 0.031360 seconds
Number of updated asset objects reloaded before import = 0
Number of asset objects unloaded after import = 2
========================================================================
Received Import Request.
  Time since last request: 0.000030 seconds.
  path: Assets/Package/UI/PNG/Blue/Double/star_outline.png
  artifactKey: Guid(42b410288cfea124584e93df146fac21) Importer(815301076,1909f56bfc062723c751e8b465ee728b)
Start importing Assets/Package/UI/PNG/Blue/Double/star_outline.png using Guid(42b410288cfea124584e93df146fac21) Importer(815301076,1909f56bfc062723c751e8b465ee728b)  -> (artifact id: '86e7bf7b5c6e9788ec7bea90199d7827') in 0.034818 seconds
Number of updated asset objects reloaded before import = 0
Number of asset objects unloaded after import = 2
========================================================================
Received Import Request.
  Time since last request: 1.622694 seconds.
  path: Assets/Package/UI/PNG/Blue/Default/check_round_round_circle.png
  artifactKey: Guid(5008314d71f220740b3a7b8457afe06b) Importer(815301076,1909f56bfc062723c751e8b465ee728b)
Start importing Assets/Package/UI/PNG/Blue/Default/check_round_round_circle.png using Guid(5008314d71f220740b3a7b8457afe06b) Importer(815301076,1909f56bfc062723c751e8b465ee728b)  -> (artifact id: '930ee3ada87cd25dd509ccb424e66719') in 0.029060 seconds
Number of updated asset objects reloaded before import = 0
Number of asset objects unloaded after import = 2
========================================================================
Received Import Request.
  Time since last request: 0.000030 seconds.
  path: Assets/Package/UI/PNG/Blue/Default/check_square_color_checkmark.png
  artifactKey: Guid(f7a495d2029a7b54db499eaa89ced355) Importer(815301076,1909f56bfc062723c751e8b465ee728b)
Start importing Assets/Package/UI/PNG/Blue/Default/check_square_color_checkmark.png using Guid(f7a495d2029a7b54db499eaa89ced355) Importer(815301076,1909f56bfc062723c751e8b465ee728b)  -> (artifact id: '67d509ec5f4226e791fed001da8fe376') in 0.030442 seconds
Number of updated asset objects reloaded before import = 0
Number of asset objects unloaded after import = 2
========================================================================
Received Import Request.
  Time since last request: 0.000030 seconds.
  path: Assets/Package/UI/PNG/Blue/Default/check_square_color_square.png
  artifactKey: Guid(ba05ba3cb8f258c4ca8b639033eb8c10) Importer(815301076,1909f56bfc062723c751e8b465ee728b)
Start importing Assets/Package/UI/PNG/Blue/Default/check_square_color_square.png using Guid(ba05ba3cb8f258c4ca8b639033eb8c10) Importer(815301076,1909f56bfc062723c751e8b465ee728b)  -> (artifact id: '6c52d03582bf0f9308035759b0d46dd1') in 0.025135 seconds
Number of updated asset objects reloaded before import = 0
Number of asset objects unloaded after import = 2
========================================================================
Received Import Request.
  Time since last request: 0.000026 seconds.
  path: Assets/Package/UI/PNG/Blue/Default/check_square_grey_checkmark.png
  artifactKey: Guid(443256e3f968603428761883f348d5fb) Importer(815301076,1909f56bfc062723c751e8b465ee728b)
Start importing Assets/Package/UI/PNG/Blue/Default/check_square_grey_checkmark.png using Guid(443256e3f968603428761883f348d5fb) Importer(815301076,1909f56bfc062723c751e8b465ee728b)  -> (artifact id: '9e88d4aad739f7c7b7a8212f4563269d') in 0.029242 seconds
Number of updated asset objects reloaded before import = 0
Number of asset objects unloaded after import = 2
========================================================================
Received Import Request.
  Time since last request: 0.000035 seconds.
  path: Assets/Package/UI/PNG/Blue/Default/check_square_grey_square.png
  artifactKey: Guid(52bb4f6f9bc1d0d4085e00578fe82dd7) Importer(815301076,1909f56bfc062723c751e8b465ee728b)
Start importing Assets/Package/UI/PNG/Blue/Default/check_square_grey_square.png using Guid(52bb4f6f9bc1d0d4085e00578fe82dd7) Importer(815301076,1909f56bfc062723c751e8b465ee728b)  -> (artifact id: '2989265e9a6bcb994a28cfd7416ebcb5') in 0.027916 seconds
Number of updated asset objects reloaded before import = 0
Number of asset objects unloaded after import = 2
========================================================================
Received Import Request.
  Time since last request: 0.000042 seconds.
  path: Assets/Package/UI/PNG/Blue/Default/icon_cross.png
  artifactKey: Guid(405e20b05911a6f4f9b2a376459f2dd6) Importer(815301076,1909f56bfc062723c751e8b465ee728b)
Start importing Assets/Package/UI/PNG/Blue/Default/icon_cross.png using Guid(405e20b05911a6f4f9b2a376459f2dd6) Importer(815301076,1909f56bfc062723c751e8b465ee728b)  -> (artifact id: 'aa81ad656dde0121bec11912a3f985e9') in 0.026361 seconds
Number of updated asset objects reloaded before import = 0
Number of asset objects unloaded after import = 2
========================================================================
Received Import Request.
  Time since last request: 0.000036 seconds.
  path: Assets/Package/UI/PNG/Blue/Default/icon_outline_checkmark.png
  artifactKey: Guid(375ebf9626e3fdf4cb1a023d61181561) Importer(815301076,1909f56bfc062723c751e8b465ee728b)
Start importing Assets/Package/UI/PNG/Blue/Default/icon_outline_checkmark.png using Guid(375ebf9626e3fdf4cb1a023d61181561) Importer(815301076,1909f56bfc062723c751e8b465ee728b)  -> (artifact id: 'de43194dc815e55c7fcf213f88100a12') in 0.031407 seconds
Number of updated asset objects reloaded before import = 0
Number of asset objects unloaded after import = 2
========================================================================
Received Import Request.
  Time since last request: 0.000041 seconds.
  path: Assets/Package/UI/PNG/Blue/Default/icon_outline_square.png
  artifactKey: Guid(3c535130b652bb143aee92149676b0f4) Importer(815301076,1909f56bfc062723c751e8b465ee728b)
Start importing Assets/Package/UI/PNG/Blue/Default/icon_outline_square.png using Guid(3c535130b652bb143aee92149676b0f4) Importer(815301076,1909f56bfc062723c751e8b465ee728b)  -> (artifact id: 'f644cce693dd6b3e357b7729b4be4b70') in 0.029306 seconds
Number of updated asset objects reloaded before import = 0
Number of asset objects unloaded after import = 2
========================================================================
Received Import Request.
  Time since last request: 0.000026 seconds.
  path: Assets/Package/UI/PNG/Blue/Default/icon_square.png
  artifactKey: Guid(2b74464f061f86441931f0c920873fcf) Importer(815301076,1909f56bfc062723c751e8b465ee728b)
Start importing Assets/Package/UI/PNG/Blue/Default/icon_square.png using Guid(2b74464f061f86441931f0c920873fcf) Importer(815301076,1909f56bfc062723c751e8b465ee728b)  -> (artifact id: '75cfc29fe43963322ba2605b60f8a679') in 0.026990 seconds
Number of updated asset objects reloaded before import = 0
Number of asset objects unloaded after import = 2
========================================================================
Received Import Request.
  Time since last request: 0.000036 seconds.
  path: Assets/Package/UI/PNG/Blue/Default/slide_horizontal_color_section_wide.png
  artifactKey: Guid(b0bf7b0c929d313429d7bb8928802c32) Importer(815301076,1909f56bfc062723c751e8b465ee728b)
Start importing Assets/Package/UI/PNG/Blue/Default/slide_horizontal_color_section_wide.png using Guid(b0bf7b0c929d313429d7bb8928802c32) Importer(815301076,1909f56bfc062723c751e8b465ee728b)  -> (artifact id: '6364866321e3a91ca385aaf537b1c7e0') in 0.034350 seconds
Number of updated asset objects reloaded before import = 0
Number of asset objects unloaded after import = 2
========================================================================
Received Import Request.
  Time since last request: 0.000024 seconds.
  path: Assets/Package/UI/PNG/Blue/Default/slide_horizontal_grey.png
  artifactKey: Guid(c1b990f0554ab6c4997b76f7aeb7f974) Importer(815301076,1909f56bfc062723c751e8b465ee728b)
Start importing Assets/Package/UI/PNG/Blue/Default/slide_horizontal_grey.png using Guid(c1b990f0554ab6c4997b76f7aeb7f974) Importer(815301076,1909f56bfc062723c751e8b465ee728b)  -> (artifact id: '547753501a50ef6d35cb73ecf2f50755') in 0.027564 seconds
Number of updated asset objects reloaded before import = 0
Number of asset objects unloaded after import = 2
========================================================================
Received Import Request.
  Time since last request: 0.000031 seconds.
  path: Assets/Package/UI/PNG/Blue/Default/slide_vertical_color_section.png
  artifactKey: Guid(d69c2180c68c04d4086a1b759112d48c) Importer(815301076,1909f56bfc062723c751e8b465ee728b)
Start importing Assets/Package/UI/PNG/Blue/Default/slide_vertical_color_section.png using Guid(d69c2180c68c04d4086a1b759112d48c) Importer(815301076,1909f56bfc062723c751e8b465ee728b)  -> (artifact id: '7e10c5d3ec9adf092ec1ec2022b768e5') in 0.025065 seconds
Number of updated asset objects reloaded before import = 0
Number of asset objects unloaded after import = 2
========================================================================
Received Import Request.
  Time since last request: 0.000025 seconds.
  path: Assets/Package/UI/PNG/Blue/Default/slide_vertical_color_section_wide.png
  artifactKey: Guid(74daf79c31101db4a85aad1d6ee1de83) Importer(815301076,1909f56bfc062723c751e8b465ee728b)
Start importing Assets/Package/UI/PNG/Blue/Default/slide_vertical_color_section_wide.png using Guid(74daf79c31101db4a85aad1d6ee1de83) Importer(815301076,1909f56bfc062723c751e8b465ee728b)  -> (artifact id: '6a5bbdb504bef3d19c6c72f723545e52') in 0.025783 seconds
Number of updated asset objects reloaded before import = 0
Number of asset objects unloaded after import = 2
========================================================================
Received Import Request.
  Time since last request: 0.000024 seconds.
  path: Assets/Package/UI/PNG/Blue/Default/slide_vertical_grey_section.png
  artifactKey: Guid(cf0febeee0f6fdd43a11afc2001b04e0) Importer(815301076,1909f56bfc062723c751e8b465ee728b)
Start importing Assets/Package/UI/PNG/Blue/Default/slide_vertical_grey_section.png using Guid(cf0febeee0f6fdd43a11afc2001b04e0) Importer(815301076,1909f56bfc062723c751e8b465ee728b)  -> (artifact id: 'cead8058ea6084f4e2671390c5cc0e0c') in 0.024115 seconds
Number of updated asset objects reloaded before import = 0
Number of asset objects unloaded after import = 2
========================================================================
Received Import Request.
  Time since last request: 0.000026 seconds.
  path: Assets/Package/UI/PNG/Blue/Default/star.png
  artifactKey: Guid(a5f1512fc640d9f4d9acd9e057025595) Importer(815301076,1909f56bfc062723c751e8b465ee728b)
Start importing Assets/Package/UI/PNG/Blue/Default/star.png using Guid(a5f1512fc640d9f4d9acd9e057025595) Importer(815301076,1909f56bfc062723c751e8b465ee728b)  -> (artifact id: 'c5adc7caa857c454bad438ce97b2daa2') in 0.031166 seconds
Number of updated asset objects reloaded before import = 0
Number of asset objects unloaded after import = 2
========================================================================
Received Import Request.
  Time since last request: 0.000034 seconds.
  path: Assets/Package/UI/PNG/Blue/Default/star_outline_depth.png
  artifactKey: Guid(4edf955bda2e2d443b4c5c1b800d52fb) Importer(815301076,1909f56bfc062723c751e8b465ee728b)
Start importing Assets/Package/UI/PNG/Blue/Default/star_outline_depth.png using Guid(4edf955bda2e2d443b4c5c1b800d52fb) Importer(815301076,1909f56bfc062723c751e8b465ee728b)  -> (artifact id: 'bb5b766d5ec52e035d4c71140fc8328a') in 0.032771 seconds
Number of updated asset objects reloaded before import = 0
Number of asset objects unloaded after import = 2
========================================================================
Received Import Request.
  Time since last request: 0.000393 seconds.
  path: Assets/Package/UI/PNG/Blue/Default/slide_horizontal_color.png
  artifactKey: Guid(d91e3184ec6833e4b90aaed5729cb1d5) Importer(815301076,1909f56bfc062723c751e8b465ee728b)
Start importing Assets/Package/UI/PNG/Blue/Default/slide_horizontal_color.png using Guid(d91e3184ec6833e4b90aaed5729cb1d5) Importer(815301076,1909f56bfc062723c751e8b465ee728b)  -> (artifact id: '8b4dd4606eb245bdbc78fa8a899fcdfd') in 0.030055 seconds
Number of updated asset objects reloaded before import = 0
Number of asset objects unloaded after import = 2
========================================================================
Received Import Request.
  Time since last request: 1.370923 seconds.
  path: Assets/Package/UI/PNG/Blue/Default/button_square_flat.png
  artifactKey: Guid(dcce602c1eb615a4baa995263c0d639a) Importer(815301076,1909f56bfc062723c751e8b465ee728b)
Start importing Assets/Package/UI/PNG/Blue/Default/button_square_flat.png using Guid(dcce602c1eb615a4baa995263c0d639a) Importer(815301076,1909f56bfc062723c751e8b465ee728b)  -> (artifact id: 'c67eb872e545618aa496702973a49ecc') in 0.023195 seconds
Number of updated asset objects reloaded before import = 0
Number of asset objects unloaded after import = 2
========================================================================
Received Import Request.
  Time since last request: 0.000034 seconds.
  path: Assets/Package/UI/PNG/Blue/Default/button_square_gradient.png
  artifactKey: Guid(d211680638d6c43409f41f435ab4b2c7) Importer(815301076,1909f56bfc062723c751e8b465ee728b)
Start importing Assets/Package/UI/PNG/Blue/Default/button_square_gradient.png using Guid(d211680638d6c43409f41f435ab4b2c7) Importer(815301076,1909f56bfc062723c751e8b465ee728b)  -> (artifact id: '041273f81056db77228786a66772e458') in 0.027038 seconds
Number of updated asset objects reloaded before import = 0
Number of asset objects unloaded after import = 2
========================================================================
Received Import Request.
  Time since last request: 0.000044 seconds.
  path: Assets/Package/UI/PNG/Blue/Default/check_round_color.png
  artifactKey: Guid(6f27b28dd92db5a408620491fca2a4ed) Importer(815301076,1909f56bfc062723c751e8b465ee728b)
Start importing Assets/Package/UI/PNG/Blue/Default/check_round_color.png using Guid(6f27b28dd92db5a408620491fca2a4ed) Importer(815301076,1909f56bfc062723c751e8b465ee728b)  -> (artifact id: '056a8a4f4567237d663d762cee6fa176') in 0.029397 seconds
Number of updated asset objects reloaded before import = 0
Number of asset objects unloaded after import = 2
========================================================================
Received Import Request.
  Time since last request: 0.000028 seconds.
  path: Assets/Package/UI/PNG/Blue/Default/check_round_grey_circle.png
  artifactKey: Guid(264aedbb769ce4e4fadf0436d67493df) Importer(815301076,1909f56bfc062723c751e8b465ee728b)
Start importing Assets/Package/UI/PNG/Blue/Default/check_round_grey_circle.png using Guid(264aedbb769ce4e4fadf0436d67493df) Importer(815301076,1909f56bfc062723c751e8b465ee728b)  -> (artifact id: '57fd76350c700cbb3aa97d7db7c9bc51') in 0.027441 seconds
Number of updated asset objects reloaded before import = 0
Number of asset objects unloaded after import = 2
========================================================================
Received Import Request.
  Time since last request: 0.006690 seconds.
  path: Assets/Package/UI/PNG/Blue/Default/button_round_depth_flat.png
  artifactKey: Guid(d34e79ad8e41f8042b3a1c60d9440856) Importer(815301076,1909f56bfc062723c751e8b465ee728b)
Start importing Assets/Package/UI/PNG/Blue/Default/button_round_depth_flat.png using Guid(d34e79ad8e41f8042b3a1c60d9440856) Importer(815301076,1909f56bfc062723c751e8b465ee728b)  -> (artifact id: '78ac7825da9d4c5c15b435406c21edc3') in 0.027639 seconds
Number of updated asset objects reloaded before import = 0
Number of asset objects unloaded after import = 2
========================================================================
Received Import Request.
  Time since last request: 0.000037 seconds.
  path: Assets/Package/UI/PNG/Blue/Default/button_round_depth_gradient.png
  artifactKey: Guid(c984d22b7689f5f40a5c1d963acade3d) Importer(815301076,1909f56bfc062723c751e8b465ee728b)
Start importing Assets/Package/UI/PNG/Blue/Default/button_round_depth_gradient.png using Guid(c984d22b7689f5f40a5c1d963acade3d) Importer(815301076,1909f56bfc062723c751e8b465ee728b)  -> (artifact id: 'a688d1a831ebfef949da1992b0421ba6') in 0.027304 seconds
Number of updated asset objects reloaded before import = 0
Number of asset objects unloaded after import = 2
========================================================================
Received Import Request.
  Time since last request: 0.000024 seconds.
  path: Assets/Package/UI/PNG/Blue/Default/button_round_flat.png
  artifactKey: Guid(ff2e51c858a9afb4384355fd50f2240a) Importer(815301076,1909f56bfc062723c751e8b465ee728b)
Start importing Assets/Package/UI/PNG/Blue/Default/button_round_flat.png using Guid(ff2e51c858a9afb4384355fd50f2240a) Importer(815301076,1909f56bfc062723c751e8b465ee728b)  -> (artifact id: '1534abadce10853119b2cbd75f03bcfb') in 0.027388 seconds
Number of updated asset objects reloaded before import = 0
Number of asset objects unloaded after import = 2
========================================================================
Received Import Request.
  Time since last request: 0.000030 seconds.
  path: Assets/Package/UI/PNG/Blue/Default/button_round_line.png
  artifactKey: Guid(984d5d34b4b50254e9c4d0633df23f22) Importer(815301076,1909f56bfc062723c751e8b465ee728b)
Start importing Assets/Package/UI/PNG/Blue/Default/button_round_line.png using Guid(984d5d34b4b50254e9c4d0633df23f22) Importer(815301076,1909f56bfc062723c751e8b465ee728b)  -> (artifact id: '3fbbe933977c65df6b086063d72f3b7a') in 0.024681 seconds
Number of updated asset objects reloaded before import = 0
Number of asset objects unloaded after import = 2
========================================================================
Received Import Request.
  Time since last request: 0.000023 seconds.
  path: Assets/Package/UI/PNG/Blue/Default/button_square_depth_flat.png
  artifactKey: Guid(27cb1621d5b47824dbd434839f215496) Importer(815301076,1909f56bfc062723c751e8b465ee728b)
Start importing Assets/Package/UI/PNG/Blue/Default/button_square_depth_flat.png using Guid(27cb1621d5b47824dbd434839f215496) Importer(815301076,1909f56bfc062723c751e8b465ee728b)  -> (artifact id: '0bbc1ff672f3931452d79576e2a16f9a') in 0.024344 seconds
Number of updated asset objects reloaded before import = 0
Number of asset objects unloaded after import = 2
========================================================================
Received Import Request.
  Time since last request: 0.000030 seconds.
  path: Assets/Package/UI/PNG/Blue/Default/button_square_depth_gradient.png
  artifactKey: Guid(b8844ff0c25ead04ba2896824a55229f) Importer(815301076,1909f56bfc062723c751e8b465ee728b)
Start importing Assets/Package/UI/PNG/Blue/Default/button_square_depth_gradient.png using Guid(b8844ff0c25ead04ba2896824a55229f) Importer(815301076,1909f56bfc062723c751e8b465ee728b)  -> (artifact id: '783863556471a17e5b36b19b92da4de2') in 0.029649 seconds
Number of updated asset objects reloaded before import = 0
Number of asset objects unloaded after import = 2
========================================================================
Received Import Request.
  Time since last request: 0.000057 seconds.
  path: Assets/Package/UI/PNG/Blue/Default/button_square_depth_line.png
  artifactKey: Guid(b67b34ef8a3328f468e84e1b076ab68a) Importer(815301076,1909f56bfc062723c751e8b465ee728b)
Start importing Assets/Package/UI/PNG/Blue/Default/button_square_depth_line.png using Guid(b67b34ef8a3328f468e84e1b076ab68a) Importer(815301076,1909f56bfc062723c751e8b465ee728b)  -> (artifact id: 'e721650d68027aea9d184903eaa24684') in 0.031621 seconds
Number of updated asset objects reloaded before import = 0
Number of asset objects unloaded after import = 2
========================================================================
Received Import Request.
  Time since last request: 0.022329 seconds.
  path: Assets/Package/UI/PNG/Blue/Default/button_rectangle_depth_line.png
  artifactKey: Guid(e221868288e35564cb9ded13083c820b) Importer(815301076,1909f56bfc062723c751e8b465ee728b)
Start importing Assets/Package/UI/PNG/Blue/Default/button_rectangle_depth_line.png using Guid(e221868288e35564cb9ded13083c820b) Importer(815301076,1909f56bfc062723c751e8b465ee728b)  -> (artifact id: 'e6fb9516600bbf9474bfa6fd5f9c9101') in 0.023532 seconds
Number of updated asset objects reloaded before import = 0
Number of asset objects unloaded after import = 2
========================================================================
Received Import Request.
  Time since last request: 0.000031 seconds.
  path: Assets/Package/UI/PNG/Blue/Default/button_rectangle_gloss.png
  artifactKey: Guid(1cab79a05db33824ea2553fa0a34ba12) Importer(815301076,1909f56bfc062723c751e8b465ee728b)
Start importing Assets/Package/UI/PNG/Blue/Default/button_rectangle_gloss.png using Guid(1cab79a05db33824ea2553fa0a34ba12) Importer(815301076,1909f56bfc062723c751e8b465ee728b)  -> (artifact id: 'b47c7c66ea5db2e9b512c1f4df532eb1') in 0.022373 seconds
Number of updated asset objects reloaded before import = 0
Number of asset objects unloaded after import = 2
========================================================================
Received Import Request.
  Time since last request: 0.000023 seconds.
  path: Assets/Package/UI/PNG/Blue/Default/button_rectangle_line.png
  artifactKey: Guid(3d65dd5d620900b459c59facdb7a919c) Importer(815301076,1909f56bfc062723c751e8b465ee728b)
Start importing Assets/Package/UI/PNG/Blue/Default/button_rectangle_line.png using Guid(3d65dd5d620900b459c59facdb7a919c) Importer(815301076,1909f56bfc062723c751e8b465ee728b)  -> (artifact id: '9f4f52b75cbb452a566f17da65a20078') in 0.025840 seconds
Number of updated asset objects reloaded before import = 0
Number of asset objects unloaded after import = 2
========================================================================
Received Import Request.
  Time since last request: 0.000322 seconds.
  path: Assets/Package/UI/PNG/Blue/Default/button_round_border.png
  artifactKey: Guid(d4d526c523c0520409360b8d65f5658c) Importer(815301076,1909f56bfc062723c751e8b465ee728b)
Start importing Assets/Package/UI/PNG/Blue/Default/button_round_border.png using Guid(d4d526c523c0520409360b8d65f5658c) Importer(815301076,1909f56bfc062723c751e8b465ee728b)  -> (artifact id: '123d515179c9b2f28df72d02b939866c') in 0.028597 seconds
Number of updated asset objects reloaded before import = 0
Number of asset objects unloaded after import = 2
========================================================================
Received Import Request.
  Time since last request: 0.017100 seconds.
  path: Assets/Package/UI/PNG/Blue/Default/arrow_basic_w_small.png
  artifactKey: Guid(b0b9db8e3737c8f46bf14b93f8b4e662) Importer(815301076,1909f56bfc062723c751e8b465ee728b)
Start importing Assets/Package/UI/PNG/Blue/Default/arrow_basic_w_small.png using Guid(b0b9db8e3737c8f46bf14b93f8b4e662) Importer(815301076,1909f56bfc062723c751e8b465ee728b)  -> (artifact id: 'b54ff0e1dc4f1a2fa04f22167d7b2be9') in 0.025170 seconds
Number of updated asset objects reloaded before import = 0
Number of asset objects unloaded after import = 2
========================================================================
Received Import Request.
  Time since last request: 0.000024 seconds.
  path: Assets/Package/UI/PNG/Blue/Default/arrow_decorative_e_small.png
  artifactKey: Guid(af4f307187d474d409ae4c03b6137764) Importer(815301076,1909f56bfc062723c751e8b465ee728b)
Start importing Assets/Package/UI/PNG/Blue/Default/arrow_decorative_e_small.png using Guid(af4f307187d474d409ae4c03b6137764) Importer(815301076,1909f56bfc062723c751e8b465ee728b)  -> (artifact id: '45dda2d4fea6c08ddcd8354ed4d6f1b2') in 0.025633 seconds
Number of updated asset objects reloaded before import = 0
Number of asset objects unloaded after import = 2
========================================================================
Received Import Request.
  Time since last request: 0.000032 seconds.
  path: Assets/Package/UI/PNG/Blue/Default/arrow_decorative_n_small.png
  artifactKey: Guid(fa3d6891915f74245a60a2f977bd403a) Importer(815301076,1909f56bfc062723c751e8b465ee728b)
Start importing Assets/Package/UI/PNG/Blue/Default/arrow_decorative_n_small.png using Guid(fa3d6891915f74245a60a2f977bd403a) Importer(815301076,1909f56bfc062723c751e8b465ee728b)  -> (artifact id: '10484ea230c331b62e8faaf1c46795ca') in 0.025017 seconds
Number of updated asset objects reloaded before import = 0
Number of asset objects unloaded after import = 2
========================================================================
Received Import Request.
  Time since last request: 0.000034 seconds.
  path: Assets/Package/UI/PNG/Blue/Default/arrow_decorative_s_small.png
  artifactKey: Guid(5a02cf0c57ae5014cabe3f01aa7056d1) Importer(815301076,1909f56bfc062723c751e8b465ee728b)
Start importing Assets/Package/UI/PNG/Blue/Default/arrow_decorative_s_small.png using Guid(5a02cf0c57ae5014cabe3f01aa7056d1) Importer(815301076,1909f56bfc062723c751e8b465ee728b)  -> (artifact id: 'd8f7d2c12c72dd47d4bd3380903d1cc2') in 0.028178 seconds
Number of updated asset objects reloaded before import = 0
Number of asset objects unloaded after import = 2
========================================================================
Received Import Request.
  Time since last request: 0.000037 seconds.
  path: Assets/Package/UI/PNG/Blue/Default/button_rectangle_border.png
  artifactKey: Guid(6b2650096878f4544b2a6bb22e5882a2) Importer(815301076,1909f56bfc062723c751e8b465ee728b)
Start importing Assets/Package/UI/PNG/Blue/Default/button_rectangle_border.png using Guid(6b2650096878f4544b2a6bb22e5882a2) Importer(815301076,1909f56bfc062723c751e8b465ee728b)  -> (artifact id: '1236eb0ffe0cf2051edf13e2f9307bc0') in 0.028710 seconds
Number of updated asset objects reloaded before import = 0
Number of asset objects unloaded after import = 2
========================================================================
Received Import Request.
  Time since last request: 0.000029 seconds.
  path: Assets/Package/UI/PNG/Blue/Default/button_rectangle_depth_gradient.png
  artifactKey: Guid(7f9354c2c48fdbd42859b1788185598d) Importer(815301076,1909f56bfc062723c751e8b465ee728b)
Start importing Assets/Package/UI/PNG/Blue/Default/button_rectangle_depth_gradient.png using Guid(7f9354c2c48fdbd42859b1788185598d) Importer(815301076,1909f56bfc062723c751e8b465ee728b)  -> (artifact id: 'bf94cc59294b850e367cf5efe78f2707') in 0.027965 seconds
Number of updated asset objects reloaded before import = 0
Number of asset objects unloaded after import = 2
========================================================================
Received Import Request.
  Time since last request: 0.000105 seconds.
  path: Assets/Package/UI/PNG/Blue/Default/arrow_decorative_w.png
  artifactKey: Guid(fb33f83f6cdb4f34c9db741b812621b2) Importer(815301076,1909f56bfc062723c751e8b465ee728b)
Start importing Assets/Package/UI/PNG/Blue/Default/arrow_decorative_w.png using Guid(fb33f83f6cdb4f34c9db741b812621b2) Importer(815301076,1909f56bfc062723c751e8b465ee728b)  -> (artifact id: '2f42da1892110453f3ce0bab2f156098') in 0.029411 seconds
Number of updated asset objects reloaded before import = 0
Number of asset objects unloaded after import = 2
========================================================================
Received Import Request.
  Time since last request: 26.711632 seconds.
  path: Assets/Package/UI/PNG/Blue/Default
  artifactKey: Guid(7ad56e513b7213d4ca46a73ce5ee14ab) Importer(815301076,1909f56bfc062723c751e8b465ee728b)
Start importing Assets/Package/UI/PNG/Blue/Default using Guid(7ad56e513b7213d4ca46a73ce5ee14ab) Importer(815301076,1909f56bfc062723c751e8b465ee728b)  -> (artifact id: '97835bc6cb0f45ff46a8f9cbec512ca0') in 0.001051 seconds
Number of updated asset objects reloaded before import = 0
Number of asset objects unloaded after import = 0
========================================================================
Received Import Request.
  Time since last request: 0.066836 seconds.
  path: Assets/Package/UI/PNG/Blue/Default/arrow_basic_e.png
  artifactKey: Guid(de79a300c0c06cf42a96b7dd5f91424e) Importer(815301076,1909f56bfc062723c751e8b465ee728b)
Start importing Assets/Package/UI/PNG/Blue/Default/arrow_basic_e.png using Guid(de79a300c0c06cf42a96b7dd5f91424e) Importer(815301076,1909f56bfc062723c751e8b465ee728b)  -> (artifact id: 'd06e261f2f3117ad5a825da4c788a508') in 0.032711 seconds
Number of updated asset objects reloaded before import = 0
Number of asset objects unloaded after import = 2
========================================================================
Received Import Request.
  Time since last request: 0.000076 seconds.
  path: Assets/Package/UI/PNG/Blue/Default/arrow_basic_n.png
  artifactKey: Guid(636604cced487a449a2c3455efe95ee3) Importer(815301076,1909f56bfc062723c751e8b465ee728b)
Start importing Assets/Package/UI/PNG/Blue/Default/arrow_basic_n.png using Guid(636604cced487a449a2c3455efe95ee3) Importer(815301076,1909f56bfc062723c751e8b465ee728b)  -> (artifact id: '796ffc3847673231aaadfa6b065ae373') in 0.025448 seconds
Number of updated asset objects reloaded before import = 0
Number of asset objects unloaded after import = 2
========================================================================
Received Import Request.
  Time since last request: 0.000025 seconds.
  path: Assets/Package/UI/PNG/Blue/Default/arrow_basic_s_small.png
  artifactKey: Guid(22f8231466eed1e42a0b71e50f242050) Importer(815301076,1909f56bfc062723c751e8b465ee728b)
Start importing Assets/Package/UI/PNG/Blue/Default/arrow_basic_s_small.png using Guid(22f8231466eed1e42a0b71e50f242050) Importer(815301076,1909f56bfc062723c751e8b465ee728b)  -> (artifact id: '10664f9fa6b2baea90418aa189e5e9d8') in 0.028924 seconds
Number of updated asset objects reloaded before import = 0
Number of asset objects unloaded after import = 2
========================================================================
Received Import Request.
  Time since last request: 0.000029 seconds.
  path: Assets/Package/UI/PNG/Blue/Default/arrow_basic_w.png
  artifactKey: Guid(fb866a9c93dba7f4b9c0e52d7f05b904) Importer(815301076,1909f56bfc062723c751e8b465ee728b)
Start importing Assets/Package/UI/PNG/Blue/Default/arrow_basic_w.png using Guid(fb866a9c93dba7f4b9c0e52d7f05b904) Importer(815301076,1909f56bfc062723c751e8b465ee728b)  -> (artifact id: '8ddc31187dddf3492dde0f82523b9d57') in 0.027118 seconds
Number of updated asset objects reloaded before import = 0
Number of asset objects unloaded after import = 2
========================================================================
Received Import Request.
  Time since last request: 25.809808 seconds.
  path: Assets/Package/UI/PNG/Blue/Double/button_rectangle_gradient.png
  artifactKey: Guid(57290a0f25758f542becde44b9be8c7e) Importer(815301076,1909f56bfc062723c751e8b465ee728b)
Start importing Assets/Package/UI/PNG/Blue/Double/button_rectangle_gradient.png using Guid(57290a0f25758f542becde44b9be8c7e) Importer(815301076,1909f56bfc062723c751e8b465ee728b)  -> (artifact id: 'f8b195b35119b90256b984d52a6d7985') in 0.045336 seconds
Number of updated asset objects reloaded before import = 0
Number of asset objects unloaded after import = 3
========================================================================
Received Import Request.
  Time since last request: 40.033694 seconds.
  path: Assets/Package/UI/PNG/Blue/Double/arrow_basic_e.png
  artifactKey: Guid(1da390cd176f9334d813e41feb484b11) Importer(815301076,1909f56bfc062723c751e8b465ee728b)
Start importing Assets/Package/UI/PNG/Blue/Double/arrow_basic_e.png using Guid(1da390cd176f9334d813e41feb484b11) Importer(815301076,1909f56bfc062723c751e8b465ee728b)  -> (artifact id: 'd6343619ec4cb30eece3484e58500329') in 0.041837 seconds
Number of updated asset objects reloaded before import = 0
Number of asset objects unloaded after import = 3
========================================================================
Received Import Request.
  Time since last request: 0.000035 seconds.
  path: Assets/Package/UI/PNG/Blue/Double/arrow_basic_s.png
  artifactKey: Guid(b571da723de6a2848bf695bcc2cfad43) Importer(815301076,1909f56bfc062723c751e8b465ee728b)
Start importing Assets/Package/UI/PNG/Blue/Double/arrow_basic_s.png using Guid(b571da723de6a2848bf695bcc2cfad43) Importer(815301076,1909f56bfc062723c751e8b465ee728b)  -> (artifact id: 'f5a94cdd2c9511776f35bf8b0f2e50c1') in 0.038598 seconds
Number of updated asset objects reloaded before import = 0
Number of asset objects unloaded after import = 3
========================================================================
Received Import Request.
  Time since last request: 0.000035 seconds.
  path: Assets/Package/UI/PNG/Blue/Double/button_round_flat.png
  artifactKey: Guid(5ea502176cb815e4483795afd1d64e91) Importer(815301076,1909f56bfc062723c751e8b465ee728b)
Start importing Assets/Package/UI/PNG/Blue/Double/button_round_flat.png using Guid(5ea502176cb815e4483795afd1d64e91) Importer(815301076,1909f56bfc062723c751e8b465ee728b)  -> (artifact id: '9a28e93865a4bbeb1137a9b0b76009ba') in 0.041366 seconds
Number of updated asset objects reloaded before import = 0
Number of asset objects unloaded after import = 3
========================================================================
Received Import Request.
  Time since last request: 0.000051 seconds.
  path: Assets/Package/UI/PNG/Blue/Double/button_round_gloss.png
  artifactKey: Guid(98b1a63ee469a944785c2de402539c82) Importer(815301076,1909f56bfc062723c751e8b465ee728b)
Start importing Assets/Package/UI/PNG/Blue/Double/button_round_gloss.png using Guid(98b1a63ee469a944785c2de402539c82) Importer(815301076,1909f56bfc062723c751e8b465ee728b)  -> (artifact id: 'bd16f2bc1349f4a497324fc5dc95c93c') in 0.036869 seconds
Number of updated asset objects reloaded before import = 0
Number of asset objects unloaded after import = 3
========================================================================
Received Import Request.
  Time since last request: 0.000032 seconds.
  path: Assets/Package/UI/PNG/Blue/Double/button_rectangle_gloss.png
  artifactKey: Guid(a778a88bc035bdc439b9413621ebf626) Importer(815301076,1909f56bfc062723c751e8b465ee728b)
Start importing Assets/Package/UI/PNG/Blue/Double/button_rectangle_gloss.png using Guid(a778a88bc035bdc439b9413621ebf626) Importer(815301076,1909f56bfc062723c751e8b465ee728b)  -> (artifact id: '23d2890fbfb74bc65cf5ca8b7744fbaa') in 0.031903 seconds
Number of updated asset objects reloaded before import = 0
Number of asset objects unloaded after import = 3
========================================================================
Received Import Request.
  Time since last request: 0.000028 seconds.
  path: Assets/Package/UI/PNG/Blue/Double/button_rectangle_depth_gloss.png
  artifactKey: Guid(a633a329111e62049b653d96da86626c) Importer(815301076,1909f56bfc062723c751e8b465ee728b)
Start importing Assets/Package/UI/PNG/Blue/Double/button_rectangle_depth_gloss.png using Guid(a633a329111e62049b653d96da86626c) Importer(815301076,1909f56bfc062723c751e8b465ee728b)  -> (artifact id: 'c0e470f9dd1be66dfa72d53c61d9db2c') in 0.040886 seconds
Number of updated asset objects reloaded before import = 0
Number of asset objects unloaded after import = 3
========================================================================
Received Import Request.
  Time since last request: 0.000240 seconds.
  path: Assets/Package/UI/PNG/Blue/Double/button_rectangle_depth_flat.png
  artifactKey: Guid(3282a12890b8cae4aab1df2201073f95) Importer(815301076,1909f56bfc062723c751e8b465ee728b)
Start importing Assets/Package/UI/PNG/Blue/Double/button_rectangle_depth_flat.png using Guid(3282a12890b8cae4aab1df2201073f95) Importer(815301076,1909f56bfc062723c751e8b465ee728b)  -> (artifact id: 'c51b86f3fccfefd87363eb863d4103bc') in 0.044460 seconds
Number of updated asset objects reloaded before import = 0
Number of asset objects unloaded after import = 3
========================================================================
Received Import Request.
  Time since last request: 0.000024 seconds.
  path: Assets/Package/UI/PNG/Blue/Double/arrow_decorative_w_small.png
  artifactKey: Guid(775558a5fe81b8342becc68d3f033237) Importer(815301076,1909f56bfc062723c751e8b465ee728b)
Start importing Assets/Package/UI/PNG/Blue/Double/arrow_decorative_w_small.png using Guid(775558a5fe81b8342becc68d3f033237) Importer(815301076,1909f56bfc062723c751e8b465ee728b)  -> (artifact id: '658c83bbd54ea02652feef60064c6a14') in 0.035146 seconds
Number of updated asset objects reloaded before import = 0
Number of asset objects unloaded after import = 3
========================================================================
Received Import Request.
  Time since last request: 0.000023 seconds.
  path: Assets/Package/UI/PNG/Blue/Double/arrow_basic_s_small.png
  artifactKey: Guid(c50d45ebee22b7342afba4d622e4dc6c) Importer(815301076,1909f56bfc062723c751e8b465ee728b)
Start importing Assets/Package/UI/PNG/Blue/Double/arrow_basic_s_small.png using Guid(c50d45ebee22b7342afba4d622e4dc6c) Importer(815301076,1909f56bfc062723c751e8b465ee728b)  -> (artifact id: '0a13009a1f6e52cd8e8abd451dd9feab') in 0.031828 seconds
Number of updated asset objects reloaded before import = 0
Number of asset objects unloaded after import = 3
========================================================================
Received Import Request.
  Time since last request: 0.000036 seconds.
  path: Assets/Package/UI/PNG/Blue/Double/button_round_depth_gradient.png
  artifactKey: Guid(d356bee2ec0bfa44a88652a6958aa75b) Importer(815301076,1909f56bfc062723c751e8b465ee728b)
Start importing Assets/Package/UI/PNG/Blue/Double/button_round_depth_gradient.png using Guid(d356bee2ec0bfa44a88652a6958aa75b) Importer(815301076,1909f56bfc062723c751e8b465ee728b)  -> (artifact id: '24a6ad53771b8d6482c7db9e94938052') in 0.038012 seconds
Number of updated asset objects reloaded before import = 0
Number of asset objects unloaded after import = 3
========================================================================
Received Import Request.
  Time since last request: 0.000047 seconds.
  path: Assets/Package/UI/PNG/Blue/Double/arrow_basic_w.png
  artifactKey: Guid(fb3f40e91e1d1df4a885ea5e40ad4858) Importer(815301076,1909f56bfc062723c751e8b465ee728b)
Start importing Assets/Package/UI/PNG/Blue/Double/arrow_basic_w.png using Guid(fb3f40e91e1d1df4a885ea5e40ad4858) Importer(815301076,1909f56bfc062723c751e8b465ee728b)  -> (artifact id: '7c10839c82ab5ac5bf4cc8cf5484d820') in 0.035965 seconds
Number of updated asset objects reloaded before import = 0
Number of asset objects unloaded after import = 3
========================================================================
Received Import Request.
  Time since last request: 0.000032 seconds.
  path: Assets/Package/UI/PNG/Blue/Double/button_rectangle_depth_gradient.png
  artifactKey: Guid(159246c48827f6c4abb6a74670f966fa) Importer(815301076,1909f56bfc062723c751e8b465ee728b)
Start importing Assets/Package/UI/PNG/Blue/Double/button_rectangle_depth_gradient.png using Guid(159246c48827f6c4abb6a74670f966fa) Importer(815301076,1909f56bfc062723c751e8b465ee728b)  -> (artifact id: 'ea6ee91c380844869439f9c9e935950d') in 0.036196 seconds
Number of updated asset objects reloaded before import = 0
Number of asset objects unloaded after import = 3
========================================================================
Received Import Request.
  Time since last request: 0.000026 seconds.
  path: Assets/Package/UI/PNG/Blue/Double/arrow_decorative_e.png
  artifactKey: Guid(36136b1e3f69f2e499c6487e5120db2b) Importer(815301076,1909f56bfc062723c751e8b465ee728b)
Start importing Assets/Package/UI/PNG/Blue/Double/arrow_decorative_e.png using Guid(36136b1e3f69f2e499c6487e5120db2b) Importer(815301076,1909f56bfc062723c751e8b465ee728b)  -> (artifact id: '9c332306422b638dc03239df0f2bd9a0') in 0.034170 seconds
Number of updated asset objects reloaded before import = 0
Number of asset objects unloaded after import = 3
========================================================================
Received Import Request.
  Time since last request: 0.000030 seconds.
  path: Assets/Package/UI/PNG/Blue/Double/button_rectangle_depth_border.png
  artifactKey: Guid(a428de7d74e853946a6d049ed6f0d97f) Importer(815301076,1909f56bfc062723c751e8b465ee728b)
Start importing Assets/Package/UI/PNG/Blue/Double/button_rectangle_depth_border.png using Guid(a428de7d74e853946a6d049ed6f0d97f) Importer(815301076,1909f56bfc062723c751e8b465ee728b)  -> (artifact id: '1520f31c564661c147a8a555f40cd672') in 0.036712 seconds
Number of updated asset objects reloaded before import = 0
Number of asset objects unloaded after import = 3
========================================================================
Received Import Request.
  Time since last request: 0.000034 seconds.
  path: Assets/Package/UI/PNG/Blue/Double/button_round_depth_border.png
  artifactKey: Guid(54970881383f1d2429cd6e4320297f10) Importer(815301076,1909f56bfc062723c751e8b465ee728b)
Start importing Assets/Package/UI/PNG/Blue/Double/button_round_depth_border.png using Guid(54970881383f1d2429cd6e4320297f10) Importer(815301076,1909f56bfc062723c751e8b465ee728b)  -> (artifact id: 'b33286ba576a6064df47151a5de1ade1') in 0.033948 seconds
Number of updated asset objects reloaded before import = 0
Number of asset objects unloaded after import = 3
========================================================================
Received Import Request.
  Time since last request: 0.000031 seconds.
  path: Assets/Package/UI/PNG/Blue/Double/arrow_decorative_s_small.png
  artifactKey: Guid(3d439694760610d4a96bd639037e7e45) Importer(815301076,1909f56bfc062723c751e8b465ee728b)
Start importing Assets/Package/UI/PNG/Blue/Double/arrow_decorative_s_small.png using Guid(3d439694760610d4a96bd639037e7e45) Importer(815301076,1909f56bfc062723c751e8b465ee728b)  -> (artifact id: 'b6d45d0f09ce674e171723f9cfe5c26a') in 0.035406 seconds
Number of updated asset objects reloaded before import = 0
Number of asset objects unloaded after import = 3
========================================================================
Received Import Request.
  Time since last request: 0.000028 seconds.
  path: Assets/Package/UI/PNG/Blue/Double/arrow_decorative_n.png
  artifactKey: Guid(dfcbe0bffdde0854180645276d58346f) Importer(815301076,1909f56bfc062723c751e8b465ee728b)
Start importing Assets/Package/UI/PNG/Blue/Double/arrow_decorative_n.png using Guid(dfcbe0bffdde0854180645276d58346f) Importer(815301076,1909f56bfc062723c751e8b465ee728b)  -> (artifact id: 'da7834011202721c12685b78cf1693a4') in 0.034794 seconds
Number of updated asset objects reloaded before import = 0
Number of asset objects unloaded after import = 3
Editor requested this worker to shutdown with reason: Scaling down because of idle timeout
TcpMessagingSession - receive error: operation aborted. errorcode: 995, details: The I/O operation has been aborted because of either a thread exit or an application request.
AssetImportWorker is now disconnected from the server
Process exiting
Exiting without the bug reporter. Application will terminate with return code 0