Using pre-set license
Built from '2022.3/staging' branch; Version is '2022.3.7f1 (b16b3b16c7a0) revision 11627323'; Using compiler version '192829333'; Build Type 'Release'
OS: 'Windows 11  (10.0.26100) 64bit CoreSingleLanguage' Language: 'en' Physical Memory: 15612 MB
BatchMode: 1, IsHumanControllingUs: 0, StartBugReporterOnCrash: 0, Is64bit: 1, IsPro: 1

COMMAND LINE ARGUMENTS:
C:\Program Files\Unity\Hub\Editor\2022.3.7f1\Editor\Unity.exe
-adb2
-batchMode
-noUpm
-name
AssetImportWorker10
-projectPath
E:/Unity/3DProject
-logFile
Logs/AssetImportWorker10.log
-srvPort
61502
Successfully changed project path to: E:/Unity/3DProject
E:/Unity/3DProject
[UnityMemory] Configuration Parameters - Can be set up in boot.config
    "memorysetup-bucket-allocator-granularity=16"
    "memorysetup-bucket-allocator-bucket-count=8"
    "memorysetup-bucket-allocator-block-size=33554432"
    "memorysetup-bucket-allocator-block-count=8"
    "memorysetup-main-allocator-block-size=16777216"
    "memorysetup-thread-allocator-block-size=16777216"
    "memorysetup-gfx-main-allocator-block-size=16777216"
    "memorysetup-gfx-thread-allocator-block-size=16777216"
    "memorysetup-cache-allocator-block-size=4194304"
    "memorysetup-typetree-allocator-block-size=2097152"
    "memorysetup-profiler-bucket-allocator-granularity=16"
    "memorysetup-profiler-bucket-allocator-bucket-count=8"
    "memorysetup-profiler-bucket-allocator-block-size=33554432"
    "memorysetup-profiler-bucket-allocator-block-count=8"
    "memorysetup-profiler-allocator-block-size=16777216"
    "memorysetup-profiler-editor-allocator-block-size=1048576"
    "memorysetup-temp-allocator-size-main=16777216"
    "memorysetup-job-temp-allocator-block-size=2097152"
    "memorysetup-job-temp-allocator-block-size-background=1048576"
    "memorysetup-job-temp-allocator-reduction-small-platforms=262144"
    "memorysetup-allocator-temp-initial-block-size-main=262144"
    "memorysetup-allocator-temp-initial-block-size-worker=262144"
    "memorysetup-temp-allocator-size-background-worker=32768"
    "memorysetup-temp-allocator-size-job-worker=262144"
    "memorysetup-temp-allocator-size-preload-manager=33554432"
    "memorysetup-temp-allocator-size-nav-mesh-worker=65536"
    "memorysetup-temp-allocator-size-audio-worker=65536"
    "memorysetup-temp-allocator-size-cloud-worker=32768"
    "memorysetup-temp-allocator-size-gi-baking-worker=262144"
    "memorysetup-temp-allocator-size-gfx=262144"
Player connection [9996] Host "[IP] 172.18.109.200 [Port] 0 [Flags] 2 [Guid] 3542590304 [EditorId] 3542590304 [Version] 1048832 [Id] WindowsEditor(7,NgiaDiep) [Debug] 1 [PackageName] WindowsEditor [ProjectName] Editor" joined multi-casting on [225.0.0.222:54997]...

Player connection [9996] Host "[IP] 172.18.109.200 [Port] 0 [Flags] 2 [Guid] 3542590304 [EditorId] 3542590304 [Version] 1048832 [Id] WindowsEditor(7,NgiaDiep) [Debug] 1 [PackageName] WindowsEditor [ProjectName] Editor" joined alternative multi-casting on [225.0.0.222:34997]...

Refreshing native plugins compatible for Editor in 7.73 ms, found 3 plugins.
Preloading 0 native plugins for Editor in 0.00 ms.
Initialize engine version: 2022.3.7f1 (b16b3b16c7a0)
[Subsystems] Discovering subsystems at path C:/Program Files/Unity/Hub/Editor/2022.3.7f1/Editor/Data/Resources/UnitySubsystems
[Subsystems] Discovering subsystems at path E:/Unity/3DProject/Assets
GfxDevice: creating device client; threaded=0; jobified=0
Direct3D:
    Version:  Direct3D 11.0 [level 11.1]
    Renderer: NVIDIA GeForce RTX 3050 Laptop GPU (ID=0x25a2)
    Vendor:   NVIDIA
    VRAM:     3964 MB
    Driver:   32.0.15.6590
Initialize mono
Mono path[0] = 'C:/Program Files/Unity/Hub/Editor/2022.3.7f1/Editor/Data/Managed'
Mono path[1] = 'C:/Program Files/Unity/Hub/Editor/2022.3.7f1/Editor/Data/MonoBleedingEdge/lib/mono/unityjit-win32'
Mono config path = 'C:/Program Files/Unity/Hub/Editor/2022.3.7f1/Editor/Data/MonoBleedingEdge/etc'
Using monoOptions --debugger-agent=transport=dt_socket,embedding=1,server=y,suspend=n,address=127.0.0.1:56864
Begin MonoManager ReloadAssembly
Registering precompiled unity dll's ...
Register platform support module: C:/Program Files/Unity/Hub/Editor/2022.3.7f1/Editor/Data/PlaybackEngines/WebGLSupport/UnityEditor.WebGL.Extensions.dll
Register platform support module: C:/Program Files/Unity/Hub/Editor/2022.3.7f1/Editor/Data/PlaybackEngines/WindowsStandaloneSupport/UnityEditor.WindowsStandalone.Extensions.dll
Registered in 0.013873 seconds.
- Loaded All Assemblies, in  0.570 seconds
Native extension for WindowsStandalone target not found
Native extension for WebGL target not found
Mono: successfully reloaded assembly
- Finished resetting the current domain, in  0.390 seconds
Domain Reload Profiling: 958ms
	BeginReloadAssembly (168ms)
		ExecutionOrderSort (0ms)
		DisableScriptedObjects (0ms)
		BackupInstance (0ms)
		ReleaseScriptingObjects (0ms)
		CreateAndSetChildDomain (2ms)
	RebuildCommonClasses (52ms)
	RebuildNativeTypeToScriptingClass (15ms)
	initialDomainReloadingComplete (101ms)
	LoadAllAssembliesAndSetupDomain (231ms)
		LoadAssemblies (165ms)
		RebuildTransferFunctionScriptingTraits (0ms)
		AnalyzeDomain (228ms)
			TypeCache.Refresh (225ms)
				TypeCache.ScanAssembly (206ms)
			ScanForSourceGeneratedMonoScriptInfo (1ms)
			ResolveRequiredComponents (1ms)
	FinalizeReload (391ms)
		ReleaseScriptCaches (0ms)
		RebuildScriptCaches (0ms)
		SetupLoadedEditorAssemblies (294ms)
			LogAssemblyErrors (0ms)
			InitializePlatformSupportModulesInManaged (14ms)
			SetLoadedEditorAssemblies (8ms)
			RefreshPlugins (0ms)
			BeforeProcessingInitializeOnLoad (3ms)
			ProcessInitializeOnLoadAttributes (190ms)
			ProcessInitializeOnLoadMethodAttributes (79ms)
			AfterProcessingInitializeOnLoad (0ms)
			EditorAssembliesLoaded (0ms)
		ExecutionOrderSort2 (0ms)
		AwakeInstancesAfterBackupRestoration (0ms)
========================================================================
Worker process is ready to serve import requests
Begin MonoManager ReloadAssembly
Symbol file LoadedFromMemory doesn't match image E:\Unity\3DProject\Library\PackageCache\com.unity.visualscripting@1.8.0\Editor\VisualScripting.Core\Dependencies\YamlDotNet\Unity.VisualScripting.YamlDotNet.dll
Symbol file LoadedFromMemory doesn't match image E:\Unity\3DProject\Library\PackageCache\com.unity.visualscripting@1.8.0\Editor\VisualScripting.Core\Dependencies\DotNetZip\Unity.VisualScripting.IonicZip.dll
- Loaded All Assemblies, in  0.952 seconds
Refreshing native plugins compatible for Editor in 2.74 ms, found 3 plugins.
Native extension for WindowsStandalone target not found
Native extension for WebGL target not found
Mono: successfully reloaded assembly
- Finished resetting the current domain, in  0.877 seconds
Domain Reload Profiling: 1827ms
	BeginReloadAssembly (262ms)
		ExecutionOrderSort (0ms)
		DisableScriptedObjects (12ms)
		BackupInstance (0ms)
		ReleaseScriptingObjects (0ms)
		CreateAndSetChildDomain (42ms)
	RebuildCommonClasses (63ms)
	RebuildNativeTypeToScriptingClass (16ms)
	initialDomainReloadingComplete (77ms)
	LoadAllAssembliesAndSetupDomain (531ms)
		LoadAssemblies (434ms)
		RebuildTransferFunctionScriptingTraits (0ms)
		AnalyzeDomain (233ms)
			TypeCache.Refresh (205ms)
				TypeCache.ScanAssembly (183ms)
			ScanForSourceGeneratedMonoScriptInfo (19ms)
			ResolveRequiredComponents (6ms)
	FinalizeReload (877ms)
		ReleaseScriptCaches (0ms)
		RebuildScriptCaches (0ms)
		SetupLoadedEditorAssemblies (624ms)
			LogAssemblyErrors (0ms)
			InitializePlatformSupportModulesInManaged (15ms)
			SetLoadedEditorAssemblies (6ms)
			RefreshPlugins (0ms)
			BeforeProcessingInitializeOnLoad (87ms)
			ProcessInitializeOnLoadAttributes (471ms)
			ProcessInitializeOnLoadMethodAttributes (32ms)
			AfterProcessingInitializeOnLoad (12ms)
			EditorAssembliesLoaded (0ms)
		ExecutionOrderSort2 (0ms)
		AwakeInstancesAfterBackupRestoration (12ms)
Launched and connected shader compiler UnityShaderCompiler.exe after 0.09 seconds
Refreshing native plugins compatible for Editor in 4.91 ms, found 3 plugins.
Preloading 0 native plugins for Editor in 0.00 ms.
Unloading 3123 Unused Serialized files (Serialized files now loaded: 0)
Unloading 29 unused Assets / (56.3 KB). Loaded Objects now: 3590.
Memory consumption went from 123.9 MB to 123.8 MB.
Total: 6.519500 ms (FindLiveObjects: 0.715400 ms CreateObjectMapping: 0.177100 ms MarkObjects: 5.439600 ms  DeleteObjects: 0.186000 ms)

AssetImportParameters requested are different than current active one (requested -> active):
  custom:container-demuxer-ogg: 62fdf1f143b41e24485cea50d1cbac27 -> 
  custom:video-codec-MediaFoundation-h265: 746d11721c4dcdbdad8f713fa42b33f4 -> 
  custom:video-decoder-ogg-theora: a1e56fd34408186e4bbccfd4996cb3dc -> 
  custom:framework-win-MediaFoundation: 216162199b28c13a410421893ffa2e32 -> 
  custom:CustomObjectIndexerAttribute: 756ad292c208cfabdd7b50bc23989ffe -> 
  custom:container-demuxer-webm: 4f35f7cbe854078d1ac9338744f61a02 -> 
  custom:container-muxer-webm: aa71ff27fc2769a1b78a27578f13a17b -> 
  custom:video-decoder-webm-vp8: 9c59270c3fd7afecdb556c50c9e8de78 -> 
  custom:SearchIndexIgnoredProperties: e643bd26f0fe6173181afceb89e7c659 -> 
  custom:AudioImporter_EditorPlatform: d09bf68614088b80899f8185d706f6e7 -> 
  custom:video-encoder-webm-vp8: eb34c28f22e8b96e1ab97ce403110664 -> 
  custom:audio-decoder-ogg-vorbis: bf7c407c2cedff20999df2af8eb42d56 -> 
  custom:audio-encoder-webm-vorbis: bf7c407c2cedff20999df2af8eb42d56 -> 
========================================================================
Received Import Request.
  Time since last request: 1204109.721259 seconds.
  path: Assets/Package/Asset/Tiny_Treats_Charming_Kitchen_1.0_FREE/Tiny_Treats_Charming_Kitchen_1.0_FREE/Assets/fbx(unity)/container_kitchen_A_red.fbx
  artifactKey: Guid(ef508d9cb8898bc4ba6423af4e70f7d9) Importer(815301076,1909f56bfc062723c751e8b465ee728b)
Start importing Assets/Package/Asset/Tiny_Treats_Charming_Kitchen_1.0_FREE/Tiny_Treats_Charming_Kitchen_1.0_FREE/Assets/fbx(unity)/container_kitchen_A_red.fbx using Guid(ef508d9cb8898bc4ba6423af4e70f7d9) Importer(815301076,1909f56bfc062723c751e8b465ee728b)  -> (artifact id: '82fae193cca13c0d681d41e2b2209123') in 0.255001 seconds
Number of updated asset objects reloaded before import = 0
Number of asset objects unloaded after import = 9
========================================================================
Received Import Request.
  Time since last request: 624.740014 seconds.
  path: Assets/Package/Asset/Tiny_Treats_Charming_Kitchen_1.0_FREE/Tiny_Treats_Charming_Kitchen_1.0_FREE/sample.png
  artifactKey: Guid(407cf4e7edebdc44a8d46ef3bf69f5ab) Importer(815301076,1909f56bfc062723c751e8b465ee728b)
Start importing Assets/Package/Asset/Tiny_Treats_Charming_Kitchen_1.0_FREE/Tiny_Treats_Charming_Kitchen_1.0_FREE/sample.png using Guid(407cf4e7edebdc44a8d46ef3bf69f5ab) Importer(815301076,1909f56bfc062723c751e8b465ee728b)  -> (artifact id: '15ec962d4f58378b6912809e3d76c4ee') in 0.054586 seconds
Number of updated asset objects reloaded before import = 0
Number of asset objects unloaded after import = 2
========================================================================
Received Import Request.
  Time since last request: 275.950624 seconds.
  path: Assets/Package/Asset/Tiny_Treats_House_Plants_1.0_FREE/Tiny_Treats_House_Plants_1.0_FREE/Assets/obj/monstera_plant_medium.obj
  artifactKey: Guid(5d4727f34266aab489150b07bde650db) Importer(815301076,1909f56bfc062723c751e8b465ee728b)
Start importing Assets/Package/Asset/Tiny_Treats_House_Plants_1.0_FREE/Tiny_Treats_House_Plants_1.0_FREE/Assets/obj/monstera_plant_medium.obj using Guid(5d4727f34266aab489150b07bde650db) Importer(815301076,1909f56bfc062723c751e8b465ee728b)  -> (artifact id: '608b672c9c7a0f775a81edeb0c0719ad') in 0.097610 seconds
Number of updated asset objects reloaded before import = 0
Number of asset objects unloaded after import = 11
========================================================================
Received Import Request.
  Time since last request: 0.000057 seconds.
  path: Assets/Package/Asset/Tiny_Treats_House_Plants_1.0_FREE/Tiny_Treats_House_Plants_1.0_FREE/Assets/obj/monstera_plant_medium_potted.obj
  artifactKey: Guid(883a8bb76beb6bb41808cb62622ec577) Importer(815301076,1909f56bfc062723c751e8b465ee728b)
Start importing Assets/Package/Asset/Tiny_Treats_House_Plants_1.0_FREE/Tiny_Treats_House_Plants_1.0_FREE/Assets/obj/monstera_plant_medium_potted.obj using Guid(883a8bb76beb6bb41808cb62622ec577) Importer(815301076,1909f56bfc062723c751e8b465ee728b)  -> (artifact id: 'ce8cd30b32fc4381b16dcd41c91a4876') in 0.061464 seconds
Number of updated asset objects reloaded before import = 0
Number of asset objects unloaded after import = 11
========================================================================
Received Import Request.
  Time since last request: 1548.566778 seconds.
  path: Assets/Package/Asset/KayKit_City_Builder_Bits_1.0_FREE/KayKit_City_Builder_Bits_1.0_FREE/sample.png
  artifactKey: Guid(5cab50a2210a13f468c719eae1f08300) Importer(815301076,1909f56bfc062723c751e8b465ee728b)
Start importing Assets/Package/Asset/KayKit_City_Builder_Bits_1.0_FREE/KayKit_City_Builder_Bits_1.0_FREE/sample.png using Guid(5cab50a2210a13f468c719eae1f08300) Importer(815301076,1909f56bfc062723c751e8b465ee728b)  -> (artifact id: 'c0daaf0a036196907f7414c2ee1ae442') in 0.042767 seconds
Number of updated asset objects reloaded before import = 0
Number of asset objects unloaded after import = 2
========================================================================
Received Import Request.
  Time since last request: 1.630475 seconds.
  path: Assets/Package/Asset/KayKit_City_Builder_Bits_1.0_FREE/KayKit_City_Builder_Bits_1.0_FREE/Assets/fbx (unity)/bench.fbx
  artifactKey: Guid(25b86e995f81a0046baa43424124a519) Importer(815301076,1909f56bfc062723c751e8b465ee728b)
Start importing Assets/Package/Asset/KayKit_City_Builder_Bits_1.0_FREE/KayKit_City_Builder_Bits_1.0_FREE/Assets/fbx (unity)/bench.fbx using Guid(25b86e995f81a0046baa43424124a519) Importer(815301076,1909f56bfc062723c751e8b465ee728b)  -> (artifact id: 'b62a342fed099628f6966e62c7cf9a83') in 0.063307 seconds
Number of updated asset objects reloaded before import = 0
Number of asset objects unloaded after import = 9
========================================================================
Received Import Request.
  Time since last request: 0.000041 seconds.
  path: Assets/Package/Asset/KayKit_City_Builder_Bits_1.0_FREE/KayKit_City_Builder_Bits_1.0_FREE/Assets/fbx (unity)/building_B.fbx
  artifactKey: Guid(a78cc08f22884354c9a2833bc18cdd49) Importer(815301076,1909f56bfc062723c751e8b465ee728b)
Start importing Assets/Package/Asset/KayKit_City_Builder_Bits_1.0_FREE/KayKit_City_Builder_Bits_1.0_FREE/Assets/fbx (unity)/building_B.fbx using Guid(a78cc08f22884354c9a2833bc18cdd49) Importer(815301076,1909f56bfc062723c751e8b465ee728b)  -> (artifact id: '54c7be6c0b190749cf2e13fcd60484f8') in 0.064675 seconds
Number of updated asset objects reloaded before import = 0
Number of asset objects unloaded after import = 9
========================================================================
Received Import Request.
  Time since last request: 0.000054 seconds.
  path: Assets/Package/Asset/KayKit_City_Builder_Bits_1.0_FREE/KayKit_City_Builder_Bits_1.0_FREE/Assets/fbx (unity)/building_A_withoutBase.fbx
  artifactKey: Guid(a3aa7e861e46fed4992fafd3af650a43) Importer(815301076,1909f56bfc062723c751e8b465ee728b)
Start importing Assets/Package/Asset/KayKit_City_Builder_Bits_1.0_FREE/KayKit_City_Builder_Bits_1.0_FREE/Assets/fbx (unity)/building_A_withoutBase.fbx using Guid(a3aa7e861e46fed4992fafd3af650a43) Importer(815301076,1909f56bfc062723c751e8b465ee728b)  -> (artifact id: '6ed1bfd265dc5104a6c032620a88b418') in 0.054903 seconds
Number of updated asset objects reloaded before import = 0
Number of asset objects unloaded after import = 9
========================================================================
Received Import Request.
  Time since last request: 0.000031 seconds.
  path: Assets/Package/Asset/KayKit_City_Builder_Bits_1.0_FREE/KayKit_City_Builder_Bits_1.0_FREE/Assets/fbx (unity)/building_C.fbx
  artifactKey: Guid(476589f1b3710784a9cbf6811ccd7b93) Importer(815301076,1909f56bfc062723c751e8b465ee728b)
Start importing Assets/Package/Asset/KayKit_City_Builder_Bits_1.0_FREE/KayKit_City_Builder_Bits_1.0_FREE/Assets/fbx (unity)/building_C.fbx using Guid(476589f1b3710784a9cbf6811ccd7b93) Importer(815301076,1909f56bfc062723c751e8b465ee728b)  -> (artifact id: '10e9d20c448e0477e8f286d35531252a') in 0.048485 seconds
Number of updated asset objects reloaded before import = 0
Number of asset objects unloaded after import = 9
========================================================================
Received Import Request.
  Time since last request: 0.000037 seconds.
  path: Assets/Package/Asset/KayKit_City_Builder_Bits_1.0_FREE/KayKit_City_Builder_Bits_1.0_FREE/Assets/fbx (unity)/building_F.fbx
  artifactKey: Guid(720c20574f58cc3478581ef88fcc04f3) Importer(815301076,1909f56bfc062723c751e8b465ee728b)
Start importing Assets/Package/Asset/KayKit_City_Builder_Bits_1.0_FREE/KayKit_City_Builder_Bits_1.0_FREE/Assets/fbx (unity)/building_F.fbx using Guid(720c20574f58cc3478581ef88fcc04f3) Importer(815301076,1909f56bfc062723c751e8b465ee728b)  -> (artifact id: '6e224ccbcc36c129b185600ff57f0645') in 0.050894 seconds
Number of updated asset objects reloaded before import = 0
Number of asset objects unloaded after import = 9
========================================================================
Received Import Request.
  Time since last request: 0.000034 seconds.
  path: Assets/Package/Asset/KayKit_City_Builder_Bits_1.0_FREE/KayKit_City_Builder_Bits_1.0_FREE/Assets/fbx (unity)/building_A.fbx
  artifactKey: Guid(6db961ddc4b477340903796db723a464) Importer(815301076,1909f56bfc062723c751e8b465ee728b)
Start importing Assets/Package/Asset/KayKit_City_Builder_Bits_1.0_FREE/KayKit_City_Builder_Bits_1.0_FREE/Assets/fbx (unity)/building_A.fbx using Guid(6db961ddc4b477340903796db723a464) Importer(815301076,1909f56bfc062723c751e8b465ee728b)  -> (artifact id: 'e9d0684bd4d85380843a1384d7160027') in 0.050342 seconds
Number of updated asset objects reloaded before import = 0
Number of asset objects unloaded after import = 9
========================================================================
Received Import Request.
  Time since last request: 0.000031 seconds.
  path: Assets/Package/Asset/KayKit_City_Builder_Bits_1.0_FREE/KayKit_City_Builder_Bits_1.0_FREE/Assets/fbx (unity)/building_D.fbx
  artifactKey: Guid(55ffdced4c1d68f4d938d7d073949d42) Importer(815301076,1909f56bfc062723c751e8b465ee728b)
Start importing Assets/Package/Asset/KayKit_City_Builder_Bits_1.0_FREE/KayKit_City_Builder_Bits_1.0_FREE/Assets/fbx (unity)/building_D.fbx using Guid(55ffdced4c1d68f4d938d7d073949d42) Importer(815301076,1909f56bfc062723c751e8b465ee728b)  -> (artifact id: 'ca92e666153a14f0b16fa17b8819b481') in 0.048166 seconds
Number of updated asset objects reloaded before import = 0
Number of asset objects unloaded after import = 9
========================================================================
Received Import Request.
  Time since last request: 0.000034 seconds.
  path: Assets/Package/Asset/KayKit_City_Builder_Bits_1.0_FREE/KayKit_City_Builder_Bits_1.0_FREE/Assets/fbx (unity)/building_B_withoutBase.fbx
  artifactKey: Guid(ff33acdd0b2a68847bc717419ec9e116) Importer(815301076,1909f56bfc062723c751e8b465ee728b)
Start importing Assets/Package/Asset/KayKit_City_Builder_Bits_1.0_FREE/KayKit_City_Builder_Bits_1.0_FREE/Assets/fbx (unity)/building_B_withoutBase.fbx using Guid(ff33acdd0b2a68847bc717419ec9e116) Importer(815301076,1909f56bfc062723c751e8b465ee728b)  -> (artifact id: '05c80cd01d085407035ffc5f90b7e2de') in 0.052837 seconds
Number of updated asset objects reloaded before import = 0
Number of asset objects unloaded after import = 9
========================================================================
Received Import Request.
  Time since last request: 0.000050 seconds.
  path: Assets/Package/Asset/KayKit_City_Builder_Bits_1.0_FREE/KayKit_City_Builder_Bits_1.0_FREE/Assets/fbx (unity)/box_B.fbx
  artifactKey: Guid(757a289542468a244a748ba4b285da67) Importer(815301076,1909f56bfc062723c751e8b465ee728b)
Start importing Assets/Package/Asset/KayKit_City_Builder_Bits_1.0_FREE/KayKit_City_Builder_Bits_1.0_FREE/Assets/fbx (unity)/box_B.fbx using Guid(757a289542468a244a748ba4b285da67) Importer(815301076,1909f56bfc062723c751e8b465ee728b)  -> (artifact id: '45471a3399d99831c73514173a333eac') in 0.046970 seconds
Number of updated asset objects reloaded before import = 0
Number of asset objects unloaded after import = 9
========================================================================
Received Import Request.
  Time since last request: 0.000029 seconds.
  path: Assets/Package/Asset/KayKit_City_Builder_Bits_1.0_FREE/KayKit_City_Builder_Bits_1.0_FREE/Assets/fbx (unity)/building_H.fbx
  artifactKey: Guid(d1d07405ba1c9414098fe48a244da24b) Importer(815301076,1909f56bfc062723c751e8b465ee728b)
Start importing Assets/Package/Asset/KayKit_City_Builder_Bits_1.0_FREE/KayKit_City_Builder_Bits_1.0_FREE/Assets/fbx (unity)/building_H.fbx using Guid(d1d07405ba1c9414098fe48a244da24b) Importer(815301076,1909f56bfc062723c751e8b465ee728b)  -> (artifact id: '7b17861451ae007f33dda1cd635220b5') in 0.043380 seconds
Number of updated asset objects reloaded before import = 0
Number of asset objects unloaded after import = 9
========================================================================
Received Import Request.
  Time since last request: 0.000040 seconds.
  path: Assets/Package/Asset/KayKit_City_Builder_Bits_1.0_FREE/KayKit_City_Builder_Bits_1.0_FREE/Assets/fbx (unity)/building_D_withoutBase.fbx
  artifactKey: Guid(f817b11bcf0b0aa4e9c71df703034a23) Importer(815301076,1909f56bfc062723c751e8b465ee728b)
Start importing Assets/Package/Asset/KayKit_City_Builder_Bits_1.0_FREE/KayKit_City_Builder_Bits_1.0_FREE/Assets/fbx (unity)/building_D_withoutBase.fbx using Guid(f817b11bcf0b0aa4e9c71df703034a23) Importer(815301076,1909f56bfc062723c751e8b465ee728b)  -> (artifact id: 'b04ac0818b3af69efb8b0936d1bf26b7') in 0.041212 seconds
Number of updated asset objects reloaded before import = 0
Number of asset objects unloaded after import = 9
========================================================================
Received Import Request.
  Time since last request: 0.000035 seconds.
  path: Assets/Package/Asset/KayKit_City_Builder_Bits_1.0_FREE/KayKit_City_Builder_Bits_1.0_FREE/Assets/fbx (unity)/building_G_withoutBase.fbx
  artifactKey: Guid(40472124212c1084fb4faa0279d22edf) Importer(815301076,1909f56bfc062723c751e8b465ee728b)
Start importing Assets/Package/Asset/KayKit_City_Builder_Bits_1.0_FREE/KayKit_City_Builder_Bits_1.0_FREE/Assets/fbx (unity)/building_G_withoutBase.fbx using Guid(40472124212c1084fb4faa0279d22edf) Importer(815301076,1909f56bfc062723c751e8b465ee728b)  -> (artifact id: 'ccab319f73f8f1428da2f8d29b5b9f95') in 0.044887 seconds
Number of updated asset objects reloaded before import = 0
Number of asset objects unloaded after import = 9
========================================================================
Received Import Request.
  Time since last request: 0.000031 seconds.
  path: Assets/Package/Asset/KayKit_City_Builder_Bits_1.0_FREE/KayKit_City_Builder_Bits_1.0_FREE/Assets/fbx (unity)/building_H_withoutBase.fbx
  artifactKey: Guid(7d49b7f1e720926488f1ca9a65c9925d) Importer(815301076,1909f56bfc062723c751e8b465ee728b)
Start importing Assets/Package/Asset/KayKit_City_Builder_Bits_1.0_FREE/KayKit_City_Builder_Bits_1.0_FREE/Assets/fbx (unity)/building_H_withoutBase.fbx using Guid(7d49b7f1e720926488f1ca9a65c9925d) Importer(815301076,1909f56bfc062723c751e8b465ee728b)  -> (artifact id: '89702283e1460f961aad87b7e7a1564a') in 0.038348 seconds
Number of updated asset objects reloaded before import = 0
Number of asset objects unloaded after import = 9
========================================================================
Received Import Request.
  Time since last request: 0.000037 seconds.
  path: Assets/Package/Asset/KayKit_City_Builder_Bits_1.0_FREE/KayKit_City_Builder_Bits_1.0_FREE/Assets/fbx (unity)/firehydrant.fbx
  artifactKey: Guid(bb754ec321c1e5f45b4cfd0f1565b6df) Importer(815301076,1909f56bfc062723c751e8b465ee728b)
Start importing Assets/Package/Asset/KayKit_City_Builder_Bits_1.0_FREE/KayKit_City_Builder_Bits_1.0_FREE/Assets/fbx (unity)/firehydrant.fbx using Guid(bb754ec321c1e5f45b4cfd0f1565b6df) Importer(815301076,1909f56bfc062723c751e8b465ee728b)  -> (artifact id: '2652ae81dd05bfb7c2a86c8d7c7ab3fe') in 0.045789 seconds
Number of updated asset objects reloaded before import = 0
Number of asset objects unloaded after import = 9
========================================================================
Received Import Request.
  Time since last request: 0.000051 seconds.
  path: Assets/Package/Asset/KayKit_City_Builder_Bits_1.0_FREE/KayKit_City_Builder_Bits_1.0_FREE/Assets/fbx (unity)/building_E.fbx
  artifactKey: Guid(047904c5a82b978408e9613a09961eab) Importer(815301076,1909f56bfc062723c751e8b465ee728b)
Start importing Assets/Package/Asset/KayKit_City_Builder_Bits_1.0_FREE/KayKit_City_Builder_Bits_1.0_FREE/Assets/fbx (unity)/building_E.fbx using Guid(047904c5a82b978408e9613a09961eab) Importer(815301076,1909f56bfc062723c751e8b465ee728b)  -> (artifact id: '8b1db574db50e44a6e012953d9832199') in 0.045885 seconds
Number of updated asset objects reloaded before import = 0
Number of asset objects unloaded after import = 9
========================================================================
Received Import Request.
  Time since last request: 0.000045 seconds.
  path: Assets/Package/Asset/KayKit_City_Builder_Bits_1.0_FREE/KayKit_City_Builder_Bits_1.0_FREE/Assets/fbx (unity)/citybits_texture.png
  artifactKey: Guid(8a685d64f1b38a3449677a91a822ca53) Importer(815301076,1909f56bfc062723c751e8b465ee728b)
Start importing Assets/Package/Asset/KayKit_City_Builder_Bits_1.0_FREE/KayKit_City_Builder_Bits_1.0_FREE/Assets/fbx (unity)/citybits_texture.png using Guid(8a685d64f1b38a3449677a91a822ca53) Importer(815301076,1909f56bfc062723c751e8b465ee728b)  -> (artifact id: '089a58f6d8262a85194291c22a6517a1') in 0.033040 seconds
Number of updated asset objects reloaded before import = 0
Number of asset objects unloaded after import = 2
========================================================================
Received Import Request.
  Time since last request: 0.000037 seconds.
  path: Assets/Package/Asset/KayKit_City_Builder_Bits_1.0_FREE/KayKit_City_Builder_Bits_1.0_FREE/Assets/fbx (unity)/car_taxi.fbx
  artifactKey: Guid(a397523db54d6e04a9eaf422f188deee) Importer(815301076,1909f56bfc062723c751e8b465ee728b)
Start importing Assets/Package/Asset/KayKit_City_Builder_Bits_1.0_FREE/KayKit_City_Builder_Bits_1.0_FREE/Assets/fbx (unity)/car_taxi.fbx using Guid(a397523db54d6e04a9eaf422f188deee) Importer(815301076,1909f56bfc062723c751e8b465ee728b)  -> (artifact id: '683d2d95d1a6a79042535b0dcb4d3ee3') in 0.107248 seconds
Number of updated asset objects reloaded before import = 0
Number of asset objects unloaded after import = 29
========================================================================
Received Import Request.
  Time since last request: 2.753099 seconds.
  path: Assets/Package/Asset/KayKit_City_Builder_Bits_1.0_FREE/KayKit_City_Builder_Bits_1.0_FREE/Assets/fbx (unity)/road_corner_curved.fbx
  artifactKey: Guid(e9fc8521d8a8149419f805cf57edd0d9) Importer(815301076,1909f56bfc062723c751e8b465ee728b)
Start importing Assets/Package/Asset/KayKit_City_Builder_Bits_1.0_FREE/KayKit_City_Builder_Bits_1.0_FREE/Assets/fbx (unity)/road_corner_curved.fbx using Guid(e9fc8521d8a8149419f805cf57edd0d9) Importer(815301076,1909f56bfc062723c751e8b465ee728b)  -> (artifact id: 'f771c7dcefa73e294ae75d3731a5f1e4') in 0.046280 seconds
Number of updated asset objects reloaded before import = 0
Number of asset objects unloaded after import = 9
========================================================================
Received Import Request.
  Time since last request: 0.000039 seconds.
  path: Assets/Package/Asset/KayKit_City_Builder_Bits_1.0_FREE/KayKit_City_Builder_Bits_1.0_FREE/Assets/fbx (unity)/road_straight.fbx
  artifactKey: Guid(b1e432556c59c6347994815bd0a95afd) Importer(815301076,1909f56bfc062723c751e8b465ee728b)
Start importing Assets/Package/Asset/KayKit_City_Builder_Bits_1.0_FREE/KayKit_City_Builder_Bits_1.0_FREE/Assets/fbx (unity)/road_straight.fbx using Guid(b1e432556c59c6347994815bd0a95afd) Importer(815301076,1909f56bfc062723c751e8b465ee728b)  -> (artifact id: '203e070bbff99ad2b5cf0d390f7dd775') in 0.038160 seconds
Number of updated asset objects reloaded before import = 0
Number of asset objects unloaded after import = 9
========================================================================
Received Import Request.
  Time since last request: 0.000040 seconds.
  path: Assets/Package/Asset/KayKit_City_Builder_Bits_1.0_FREE/KayKit_City_Builder_Bits_1.0_FREE/Assets/fbx (unity)/trash_A.fbx
  artifactKey: Guid(a62b6303001b8774b8758a2b9e31f44f) Importer(815301076,1909f56bfc062723c751e8b465ee728b)
Start importing Assets/Package/Asset/KayKit_City_Builder_Bits_1.0_FREE/KayKit_City_Builder_Bits_1.0_FREE/Assets/fbx (unity)/trash_A.fbx using Guid(a62b6303001b8774b8758a2b9e31f44f) Importer(815301076,1909f56bfc062723c751e8b465ee728b)  -> (artifact id: 'b34b002c12494347fd9b2dd25234585f') in 0.041797 seconds
Number of updated asset objects reloaded before import = 0
Number of asset objects unloaded after import = 9
========================================================================
Received Import Request.
  Time since last request: 0.000038 seconds.
  path: Assets/Package/Asset/KayKit_City_Builder_Bits_1.0_FREE/KayKit_City_Builder_Bits_1.0_FREE/Assets/fbx (unity)/trafficlight_A.fbx
  artifactKey: Guid(85b327e743251ba4ea2b958bc2fcbb96) Importer(815301076,1909f56bfc062723c751e8b465ee728b)
Start importing Assets/Package/Asset/KayKit_City_Builder_Bits_1.0_FREE/KayKit_City_Builder_Bits_1.0_FREE/Assets/fbx (unity)/trafficlight_A.fbx using Guid(85b327e743251ba4ea2b958bc2fcbb96) Importer(815301076,1909f56bfc062723c751e8b465ee728b)  -> (artifact id: 'b96557853672710db37d17437dfa75d2') in 0.039223 seconds
Number of updated asset objects reloaded before import = 0
Number of asset objects unloaded after import = 9
========================================================================
Received Import Request.
  Time since last request: 0.000067 seconds.
  path: Assets/Package/Asset/KayKit_City_Builder_Bits_1.0_FREE/KayKit_City_Builder_Bits_1.0_FREE/Assets/fbx (unity)/trafficlight_B.fbx
  artifactKey: Guid(f84e382e4ab1df74bb314e871e5a6e90) Importer(815301076,1909f56bfc062723c751e8b465ee728b)
Start importing Assets/Package/Asset/KayKit_City_Builder_Bits_1.0_FREE/KayKit_City_Builder_Bits_1.0_FREE/Assets/fbx (unity)/trafficlight_B.fbx using Guid(f84e382e4ab1df74bb314e871e5a6e90) Importer(815301076,1909f56bfc062723c751e8b465ee728b)  -> (artifact id: '37ea9a3544a2a4f6091c2f41754ec7f8') in 0.040666 seconds
Number of updated asset objects reloaded before import = 0
Number of asset objects unloaded after import = 9
========================================================================
Received Import Request.
  Time since last request: 0.000023 seconds.
  path: Assets/Package/Asset/KayKit_City_Builder_Bits_1.0_FREE/KayKit_City_Builder_Bits_1.0_FREE/Assets/fbx (unity)/road_straight_crossing.fbx
  artifactKey: Guid(9dc75dceea65e904a8f5abb9bd1b1154) Importer(815301076,1909f56bfc062723c751e8b465ee728b)
Start importing Assets/Package/Asset/KayKit_City_Builder_Bits_1.0_FREE/KayKit_City_Builder_Bits_1.0_FREE/Assets/fbx (unity)/road_straight_crossing.fbx using Guid(9dc75dceea65e904a8f5abb9bd1b1154) Importer(815301076,1909f56bfc062723c751e8b465ee728b)  -> (artifact id: 'd87f6f44ec0215a2f301e0340c2e94ba') in 0.043735 seconds
Number of updated asset objects reloaded before import = 0
Number of asset objects unloaded after import = 9
