Using pre-set license
Built from '2022.3/staging' branch; Version is '2022.3.7f1 (b16b3b16c7a0) revision 11627323'; Using compiler version '192829333'; Build Type 'Release'
OS: 'Windows 11  (10.0.26100) 64bit CoreSingleLanguage' Language: 'en' Physical Memory: 15612 MB
BatchMode: 1, IsHumanControllingUs: 0, StartBugReporterOnCrash: 0, Is64bit: 1, IsPro: 1

COMMAND LINE ARGUMENTS:
C:\Program Files\Unity\Hub\Editor\2022.3.7f1\Editor\Unity.exe
-adb2
-batchMode
-noUpm
-name
AssetImportWorker11
-projectPath
E:/Unity/3DProject
-logFile
Logs/AssetImportWorker11.log
-srvPort
64021
Successfully changed project path to: E:/Unity/3DProject
E:/Unity/3DProject
[UnityMemory] Configuration Parameters - Can be set up in boot.config
    "memorysetup-bucket-allocator-granularity=16"
    "memorysetup-bucket-allocator-bucket-count=8"
    "memorysetup-bucket-allocator-block-size=33554432"
    "memorysetup-bucket-allocator-block-count=8"
    "memorysetup-main-allocator-block-size=16777216"
    "memorysetup-thread-allocator-block-size=16777216"
    "memorysetup-gfx-main-allocator-block-size=16777216"
    "memorysetup-gfx-thread-allocator-block-size=16777216"
    "memorysetup-cache-allocator-block-size=4194304"
    "memorysetup-typetree-allocator-block-size=2097152"
    "memorysetup-profiler-bucket-allocator-granularity=16"
    "memorysetup-profiler-bucket-allocator-bucket-count=8"
    "memorysetup-profiler-bucket-allocator-block-size=33554432"
    "memorysetup-profiler-bucket-allocator-block-count=8"
    "memorysetup-profiler-allocator-block-size=16777216"
    "memorysetup-profiler-editor-allocator-block-size=1048576"
    "memorysetup-temp-allocator-size-main=16777216"
    "memorysetup-job-temp-allocator-block-size=2097152"
    "memorysetup-job-temp-allocator-block-size-background=1048576"
    "memorysetup-job-temp-allocator-reduction-small-platforms=262144"
    "memorysetup-allocator-temp-initial-block-size-main=262144"
    "memorysetup-allocator-temp-initial-block-size-worker=262144"
    "memorysetup-temp-allocator-size-background-worker=32768"
    "memorysetup-temp-allocator-size-job-worker=262144"
    "memorysetup-temp-allocator-size-preload-manager=33554432"
    "memorysetup-temp-allocator-size-nav-mesh-worker=65536"
    "memorysetup-temp-allocator-size-audio-worker=65536"
    "memorysetup-temp-allocator-size-cloud-worker=32768"
    "memorysetup-temp-allocator-size-gi-baking-worker=262144"
    "memorysetup-temp-allocator-size-gfx=262144"
Player connection [45164] Host "[IP] 172.31.99.246 [Port] 0 [Flags] 2 [Guid] 4287037107 [EditorId] 4287037107 [Version] 1048832 [Id] WindowsEditor(7,NgiaDiep) [Debug] 1 [PackageName] WindowsEditor [ProjectName] Editor" joined multi-casting on [225.0.0.222:54997]...

Player connection [45164] Host "[IP] 172.31.99.246 [Port] 0 [Flags] 2 [Guid] 4287037107 [EditorId] 4287037107 [Version] 1048832 [Id] WindowsEditor(7,NgiaDiep) [Debug] 1 [PackageName] WindowsEditor [ProjectName] Editor" joined alternative multi-casting on [225.0.0.222:34997]...

Refreshing native plugins compatible for Editor in 8.55 ms, found 3 plugins.
Preloading 0 native plugins for Editor in 0.00 ms.
Initialize engine version: 2022.3.7f1 (b16b3b16c7a0)
[Subsystems] Discovering subsystems at path C:/Program Files/Unity/Hub/Editor/2022.3.7f1/Editor/Data/Resources/UnitySubsystems
[Subsystems] Discovering subsystems at path E:/Unity/3DProject/Assets
GfxDevice: creating device client; threaded=0; jobified=0
Direct3D:
    Version:  Direct3D 11.0 [level 11.1]
    Renderer: NVIDIA GeForce RTX 3050 Laptop GPU (ID=0x25a2)
    Vendor:   NVIDIA
    VRAM:     3964 MB
    Driver:   32.0.15.6590
Initialize mono
Mono path[0] = 'C:/Program Files/Unity/Hub/Editor/2022.3.7f1/Editor/Data/Managed'
Mono path[1] = 'C:/Program Files/Unity/Hub/Editor/2022.3.7f1/Editor/Data/MonoBleedingEdge/lib/mono/unityjit-win32'
Mono config path = 'C:/Program Files/Unity/Hub/Editor/2022.3.7f1/Editor/Data/MonoBleedingEdge/etc'
Using monoOptions --debugger-agent=transport=dt_socket,embedding=1,server=y,suspend=n,address=127.0.0.1:56612
Begin MonoManager ReloadAssembly
Registering precompiled unity dll's ...
Register platform support module: C:/Program Files/Unity/Hub/Editor/2022.3.7f1/Editor/Data/PlaybackEngines/WebGLSupport/UnityEditor.WebGL.Extensions.dll
Register platform support module: C:/Program Files/Unity/Hub/Editor/2022.3.7f1/Editor/Data/PlaybackEngines/WindowsStandaloneSupport/UnityEditor.WindowsStandalone.Extensions.dll
Registered in 0.013104 seconds.
- Loaded All Assemblies, in  0.563 seconds
Native extension for WindowsStandalone target not found
Native extension for WebGL target not found
Mono: successfully reloaded assembly
- Finished resetting the current domain, in  0.444 seconds
Domain Reload Profiling: 1005ms
	BeginReloadAssembly (177ms)
		ExecutionOrderSort (0ms)
		DisableScriptedObjects (0ms)
		BackupInstance (0ms)
		ReleaseScriptingObjects (0ms)
		CreateAndSetChildDomain (1ms)
	RebuildCommonClasses (55ms)
	RebuildNativeTypeToScriptingClass (19ms)
	initialDomainReloadingComplete (96ms)
	LoadAllAssembliesAndSetupDomain (213ms)
		LoadAssemblies (173ms)
		RebuildTransferFunctionScriptingTraits (0ms)
		AnalyzeDomain (210ms)
			TypeCache.Refresh (208ms)
				TypeCache.ScanAssembly (191ms)
			ScanForSourceGeneratedMonoScriptInfo (0ms)
			ResolveRequiredComponents (1ms)
	FinalizeReload (444ms)
		ReleaseScriptCaches (0ms)
		RebuildScriptCaches (0ms)
		SetupLoadedEditorAssemblies (345ms)
			LogAssemblyErrors (0ms)
			InitializePlatformSupportModulesInManaged (18ms)
			SetLoadedEditorAssemblies (12ms)
			RefreshPlugins (0ms)
			BeforeProcessingInitializeOnLoad (5ms)
			ProcessInitializeOnLoadAttributes (228ms)
			ProcessInitializeOnLoadMethodAttributes (81ms)
			AfterProcessingInitializeOnLoad (0ms)
			EditorAssembliesLoaded (0ms)
		ExecutionOrderSort2 (0ms)
		AwakeInstancesAfterBackupRestoration (0ms)
========================================================================
Worker process is ready to serve import requests
Begin MonoManager ReloadAssembly
Symbol file LoadedFromMemory doesn't match image E:\Unity\3DProject\Library\PackageCache\com.unity.visualscripting@1.8.0\Editor\VisualScripting.Core\Dependencies\YamlDotNet\Unity.VisualScripting.YamlDotNet.dll
Symbol file LoadedFromMemory doesn't match image E:\Unity\3DProject\Library\PackageCache\com.unity.visualscripting@1.8.0\Editor\VisualScripting.Core\Dependencies\DotNetZip\Unity.VisualScripting.IonicZip.dll
- Loaded All Assemblies, in  0.981 seconds
Refreshing native plugins compatible for Editor in 4.77 ms, found 3 plugins.
Native extension for WindowsStandalone target not found
Native extension for WebGL target not found
Mono: successfully reloaded assembly
- Finished resetting the current domain, in  0.923 seconds
Domain Reload Profiling: 1902ms
	BeginReloadAssembly (247ms)
		ExecutionOrderSort (0ms)
		DisableScriptedObjects (10ms)
		BackupInstance (0ms)
		ReleaseScriptingObjects (0ms)
		CreateAndSetChildDomain (36ms)
	RebuildCommonClasses (47ms)
	RebuildNativeTypeToScriptingClass (15ms)
	initialDomainReloadingComplete (61ms)
	LoadAllAssembliesAndSetupDomain (610ms)
		LoadAssemblies (417ms)
		RebuildTransferFunctionScriptingTraits (0ms)
		AnalyzeDomain (314ms)
			TypeCache.Refresh (275ms)
				TypeCache.ScanAssembly (249ms)
			ScanForSourceGeneratedMonoScriptInfo (25ms)
			ResolveRequiredComponents (11ms)
	FinalizeReload (923ms)
		ReleaseScriptCaches (0ms)
		RebuildScriptCaches (0ms)
		SetupLoadedEditorAssemblies (691ms)
			LogAssemblyErrors (0ms)
			InitializePlatformSupportModulesInManaged (10ms)
			SetLoadedEditorAssemblies (5ms)
			RefreshPlugins (0ms)
			BeforeProcessingInitializeOnLoad (98ms)
			ProcessInitializeOnLoadAttributes (531ms)
			ProcessInitializeOnLoadMethodAttributes (36ms)
			AfterProcessingInitializeOnLoad (10ms)
			EditorAssembliesLoaded (0ms)
		ExecutionOrderSort2 (0ms)
		AwakeInstancesAfterBackupRestoration (10ms)
Launched and connected shader compiler UnityShaderCompiler.exe after 0.11 seconds
Refreshing native plugins compatible for Editor in 4.66 ms, found 3 plugins.
Preloading 0 native plugins for Editor in 0.00 ms.
Unloading 3136 Unused Serialized files (Serialized files now loaded: 0)
Unloading 29 unused Assets / (56.8 KB). Loaded Objects now: 3604.
Memory consumption went from 128.9 MB to 128.9 MB.
Total: 4.886600 ms (FindLiveObjects: 0.385800 ms CreateObjectMapping: 0.183800 ms MarkObjects: 4.139900 ms  DeleteObjects: 0.175900 ms)

AssetImportParameters requested are different than current active one (requested -> active):
  custom:container-demuxer-ogg: 62fdf1f143b41e24485cea50d1cbac27 -> 
  custom:video-codec-MediaFoundation-h265: 746d11721c4dcdbdad8f713fa42b33f4 -> 
  custom:video-decoder-ogg-theora: a1e56fd34408186e4bbccfd4996cb3dc -> 
  custom:framework-win-MediaFoundation: 216162199b28c13a410421893ffa2e32 -> 
  custom:CustomObjectIndexerAttribute: 756ad292c208cfabdd7b50bc23989ffe -> 
  custom:container-demuxer-webm: 4f35f7cbe854078d1ac9338744f61a02 -> 
  custom:container-muxer-webm: aa71ff27fc2769a1b78a27578f13a17b -> 
  custom:video-decoder-webm-vp8: 9c59270c3fd7afecdb556c50c9e8de78 -> 
  custom:SearchIndexIgnoredProperties: e643bd26f0fe6173181afceb89e7c659 -> 
  custom:AudioImporter_EditorPlatform: d09bf68614088b80899f8185d706f6e7 -> 
  custom:video-encoder-webm-vp8: eb34c28f22e8b96e1ab97ce403110664 -> 
  custom:audio-decoder-ogg-vorbis: bf7c407c2cedff20999df2af8eb42d56 -> 
  custom:audio-encoder-webm-vorbis: bf7c407c2cedff20999df2af8eb42d56 -> 
========================================================================
Received Import Request.
  Time since last request: 1391314.252087 seconds.
  path: Assets/Package/UI/PNG/Green/Default/check_square_grey_square.png
  artifactKey: Guid(30f229bc53dbd1f458b8f930d30ba2c1) Importer(815301076,1909f56bfc062723c751e8b465ee728b)
Start importing Assets/Package/UI/PNG/Green/Default/check_square_grey_square.png using Guid(30f229bc53dbd1f458b8f930d30ba2c1) Importer(815301076,1909f56bfc062723c751e8b465ee728b)  -> (artifact id: 'd42e8a2947f953ca9ea44040369060b8') in 0.127133 seconds
Number of updated asset objects reloaded before import = 0
Number of asset objects unloaded after import = 2
========================================================================
Received Import Request.
  Time since last request: 0.007158 seconds.
  path: Assets/Package/UI/PNG/Green/Default/icon_outline_square.png
  artifactKey: Guid(88df83ab783664e4bb1f34497095a2f2) Importer(815301076,1909f56bfc062723c751e8b465ee728b)
Start importing Assets/Package/UI/PNG/Green/Default/icon_outline_square.png using Guid(88df83ab783664e4bb1f34497095a2f2) Importer(815301076,1909f56bfc062723c751e8b465ee728b)  -> (artifact id: 'a2a40d2a8e074414527799fa0cb3efb8') in 0.027006 seconds
Number of updated asset objects reloaded before import = 0
Number of asset objects unloaded after import = 2
========================================================================
Received Import Request.
  Time since last request: 0.006265 seconds.
  path: Assets/Package/UI/PNG/Green/Default/slide_horizontal_color.png
  artifactKey: Guid(033507bcf23029d43bc0d2579c78e0a1) Importer(815301076,1909f56bfc062723c751e8b465ee728b)
Start importing Assets/Package/UI/PNG/Green/Default/slide_horizontal_color.png using Guid(033507bcf23029d43bc0d2579c78e0a1) Importer(815301076,1909f56bfc062723c751e8b465ee728b)  -> (artifact id: '8b5a4937b0c06b03ad9effb26f6d018a') in 0.025237 seconds
Number of updated asset objects reloaded before import = 0
Number of asset objects unloaded after import = 2
========================================================================
Received Import Request.
  Time since last request: 0.721800 seconds.
  path: Assets/Package/UI/PNG/Green/Default/arrow_basic_e.png
  artifactKey: Guid(4479424b30fa69e4fb2d2f03ae0a7002) Importer(815301076,1909f56bfc062723c751e8b465ee728b)
Start importing Assets/Package/UI/PNG/Green/Default/arrow_basic_e.png using Guid(4479424b30fa69e4fb2d2f03ae0a7002) Importer(815301076,1909f56bfc062723c751e8b465ee728b)  -> (artifact id: 'd99bd1428a1f62b914c76db489c071b8') in 0.022879 seconds
Number of updated asset objects reloaded before import = 0
Number of asset objects unloaded after import = 2
========================================================================
Received Import Request.
  Time since last request: 0.008101 seconds.
  path: Assets/Package/UI/PNG/Green/Default/arrow_basic_n_small.png
  artifactKey: Guid(505ee2c5e7cae2a4a9fd651c9cdeadce) Importer(815301076,1909f56bfc062723c751e8b465ee728b)
Start importing Assets/Package/UI/PNG/Green/Default/arrow_basic_n_small.png using Guid(505ee2c5e7cae2a4a9fd651c9cdeadce) Importer(815301076,1909f56bfc062723c751e8b465ee728b)  -> (artifact id: '36f0f47d600c602e35d4b78dfe21deb3') in 0.026168 seconds
Number of updated asset objects reloaded before import = 0
Number of asset objects unloaded after import = 2
========================================================================
Received Import Request.
  Time since last request: 0.008841 seconds.
  path: Assets/Package/UI/PNG/Green/Default/arrow_basic_w.png
  artifactKey: Guid(895ec66496d3dfe468bfdc94251b215e) Importer(815301076,1909f56bfc062723c751e8b465ee728b)
Start importing Assets/Package/UI/PNG/Green/Default/arrow_basic_w.png using Guid(895ec66496d3dfe468bfdc94251b215e) Importer(815301076,1909f56bfc062723c751e8b465ee728b)  -> (artifact id: '70215f59fe345a63aabaca13f4f1e159') in 0.022874 seconds
Number of updated asset objects reloaded before import = 0
Number of asset objects unloaded after import = 2
========================================================================
Received Import Request.
  Time since last request: 29.130950 seconds.
  path: Assets/Package/UI/PNG/Blue/Double/button_round_line.png
  artifactKey: Guid(a53292e5d65cf1048b91c32fc4e34b65) Importer(815301076,1909f56bfc062723c751e8b465ee728b)
Start importing Assets/Package/UI/PNG/Blue/Double/button_round_line.png using Guid(a53292e5d65cf1048b91c32fc4e34b65) Importer(815301076,1909f56bfc062723c751e8b465ee728b)  -> (artifact id: '405f5f72d4a1fc1651910fa40572d708') in 0.155275 seconds
Number of updated asset objects reloaded before import = 0
Number of asset objects unloaded after import = 3
========================================================================
Received Import Request.
  Time since last request: 0.000038 seconds.
  path: Assets/Package/UI/PNG/Blue/Double/check_square_grey_checkmark.png
  artifactKey: Guid(19f4785cde794074395db8435ad0fa06) Importer(815301076,1909f56bfc062723c751e8b465ee728b)
Start importing Assets/Package/UI/PNG/Blue/Double/check_square_grey_checkmark.png using Guid(19f4785cde794074395db8435ad0fa06) Importer(815301076,1909f56bfc062723c751e8b465ee728b)  -> (artifact id: '71733509ac268eb5aa83e341039e680b') in 0.044131 seconds
Number of updated asset objects reloaded before import = 0
Number of asset objects unloaded after import = 3
========================================================================
Received Import Request.
  Time since last request: 0.000035 seconds.
  path: Assets/Package/UI/PNG/Blue/Double/button_square_gradient.png
  artifactKey: Guid(66a35f09f390dcb4b9aa3177a065c71c) Importer(815301076,1909f56bfc062723c751e8b465ee728b)
Start importing Assets/Package/UI/PNG/Blue/Double/button_square_gradient.png using Guid(66a35f09f390dcb4b9aa3177a065c71c) Importer(815301076,1909f56bfc062723c751e8b465ee728b)  -> (artifact id: '66023f2f60d6b6d144b3007b0e74ca6b') in 0.038274 seconds
Number of updated asset objects reloaded before import = 0
Number of asset objects unloaded after import = 3
========================================================================
Received Import Request.
  Time since last request: 0.000022 seconds.
  path: Assets/Package/UI/PNG/Blue/Double/button_square_depth_line.png
  artifactKey: Guid(650e2b89b491981428275c5e24018b9b) Importer(815301076,1909f56bfc062723c751e8b465ee728b)
Start importing Assets/Package/UI/PNG/Blue/Double/button_square_depth_line.png using Guid(650e2b89b491981428275c5e24018b9b) Importer(815301076,1909f56bfc062723c751e8b465ee728b)  -> (artifact id: '8e69779bfcc45f4dd760707c33a31a7a') in 0.044073 seconds
Number of updated asset objects reloaded before import = 0
Number of asset objects unloaded after import = 3
========================================================================
Received Import Request.
  Time since last request: 0.000027 seconds.
  path: Assets/Package/UI/PNG/Blue/Double/check_round_grey.png
  artifactKey: Guid(1161313ddb2efd242ac7984e797c6a9b) Importer(815301076,1909f56bfc062723c751e8b465ee728b)
Start importing Assets/Package/UI/PNG/Blue/Double/check_round_grey.png using Guid(1161313ddb2efd242ac7984e797c6a9b) Importer(815301076,1909f56bfc062723c751e8b465ee728b)  -> (artifact id: 'cbac3e0d6b5012b2e357a1a969d33be8') in 0.037382 seconds
Number of updated asset objects reloaded before import = 0
Number of asset objects unloaded after import = 3
========================================================================
Received Import Request.
  Time since last request: 0.000023 seconds.
  path: Assets/Package/UI/PNG/Blue/Double/icon_outline_circle.png
  artifactKey: Guid(a994f58aca530a34a89c3a915ccbea7a) Importer(815301076,1909f56bfc062723c751e8b465ee728b)
Start importing Assets/Package/UI/PNG/Blue/Double/icon_outline_circle.png using Guid(a994f58aca530a34a89c3a915ccbea7a) Importer(815301076,1909f56bfc062723c751e8b465ee728b)  -> (artifact id: '90c961aa24258b29dc8fae0c03fcf848') in 0.033771 seconds
Number of updated asset objects reloaded before import = 0
Number of asset objects unloaded after import = 3
========================================================================
Received Import Request.
  Time since last request: 0.000025 seconds.
  path: Assets/Package/UI/PNG/Blue/Double/icon_circle.png
  artifactKey: Guid(84a9f428df91ee542bfcbe5699198257) Importer(815301076,1909f56bfc062723c751e8b465ee728b)
Start importing Assets/Package/UI/PNG/Blue/Double/icon_circle.png using Guid(84a9f428df91ee542bfcbe5699198257) Importer(815301076,1909f56bfc062723c751e8b465ee728b)  -> (artifact id: '2f180c239fe885fcef09d687f5b95fef') in 0.033290 seconds
Number of updated asset objects reloaded before import = 0
Number of asset objects unloaded after import = 3
========================================================================
Received Import Request.
  Time since last request: 0.109494 seconds.
  path: Assets/Package/UI/PNG/Blue/Double/icon_outline_cross.png
  artifactKey: Guid(f7cbcbcdb0acabc408960715bd1b5eec) Importer(815301076,1909f56bfc062723c751e8b465ee728b)
Start importing Assets/Package/UI/PNG/Blue/Double/icon_outline_cross.png using Guid(f7cbcbcdb0acabc408960715bd1b5eec) Importer(815301076,1909f56bfc062723c751e8b465ee728b)  -> (artifact id: '590b363f2ef6a0035420918e73f673e1') in 0.056360 seconds
Number of updated asset objects reloaded before import = 0
Number of asset objects unloaded after import = 3
========================================================================
Received Import Request.
  Time since last request: 0.000800 seconds.
  path: Assets/Package/UI/PNG/Blue/Double/slide_horizontal_grey_section.png
  artifactKey: Guid(20b2974a22b0dce4dafa35cb5621eee6) Importer(815301076,1909f56bfc062723c751e8b465ee728b)
Start importing Assets/Package/UI/PNG/Blue/Double/slide_horizontal_grey_section.png using Guid(20b2974a22b0dce4dafa35cb5621eee6) Importer(815301076,1909f56bfc062723c751e8b465ee728b)  -> (artifact id: '47fd6f396308e6a6a51ac72b67dd3db1') in 0.049718 seconds
Number of updated asset objects reloaded before import = 0
Number of asset objects unloaded after import = 3
========================================================================
Received Import Request.
  Time since last request: 0.000032 seconds.
  path: Assets/Package/UI/PNG/Blue/Double/slide_vertical_grey_section_wide.png
  artifactKey: Guid(407624d979567f747bea5507e1d3c86f) Importer(815301076,1909f56bfc062723c751e8b465ee728b)
Start importing Assets/Package/UI/PNG/Blue/Double/slide_vertical_grey_section_wide.png using Guid(407624d979567f747bea5507e1d3c86f) Importer(815301076,1909f56bfc062723c751e8b465ee728b)  -> (artifact id: '893df829332458a9a978fa7a765c7cee') in 0.049576 seconds
Number of updated asset objects reloaded before import = 0
Number of asset objects unloaded after import = 3
========================================================================
Received Import Request.
  Time since last request: 0.000050 seconds.
  path: Assets/Package/UI/PNG/Blue/Double/slide_horizontal_color_section_wide.png
  artifactKey: Guid(8ea48343a3854fc49a171d0451e3eae8) Importer(815301076,1909f56bfc062723c751e8b465ee728b)
Start importing Assets/Package/UI/PNG/Blue/Double/slide_horizontal_color_section_wide.png using Guid(8ea48343a3854fc49a171d0451e3eae8) Importer(815301076,1909f56bfc062723c751e8b465ee728b)  -> (artifact id: '50cd1dbfe482ab55bec50cad6a2130ed') in 0.041000 seconds
Number of updated asset objects reloaded before import = 0
Number of asset objects unloaded after import = 3
========================================================================
Received Import Request.
  Time since last request: 0.000028 seconds.
  path: Assets/Package/UI/PNG/Blue/Double/star_outline.png
  artifactKey: Guid(42b410288cfea124584e93df146fac21) Importer(815301076,1909f56bfc062723c751e8b465ee728b)
Start importing Assets/Package/UI/PNG/Blue/Double/star_outline.png using Guid(42b410288cfea124584e93df146fac21) Importer(815301076,1909f56bfc062723c751e8b465ee728b)  -> (artifact id: '1978fe0a5ace6b4074c1f9ef4201252e') in 0.046134 seconds
Number of updated asset objects reloaded before import = 0
Number of asset objects unloaded after import = 3
