Using pre-set license
Built from '2022.3/staging' branch; Version is '2022.3.7f1 (b16b3b16c7a0) revision 11627323'; Using compiler version '192829333'; Build Type 'Release'
OS: 'Windows 11  (10.0.26100) 64bit CoreSingleLanguage' Language: 'en' Physical Memory: 15612 MB
BatchMode: 1, IsHumanControllingUs: 0, StartBugReporterOnCrash: 0, Is64bit: 1, IsPro: 1

COMMAND LINE ARGUMENTS:
C:\Program Files\Unity\Hub\Editor\2022.3.7f1\Editor\Unity.exe
-adb2
-batchMode
-noUpm
-name
AssetImportWorker2
-projectPath
E:/Unity/3DProject
-logFile
Logs/AssetImportWorker2.log
-srvPort
65475
Successfully changed project path to: E:/Unity/3DProject
E:/Unity/3DProject
[UnityMemory] Configuration Parameters - Can be set up in boot.config
    "memorysetup-bucket-allocator-granularity=16"
    "memorysetup-bucket-allocator-bucket-count=8"
    "memorysetup-bucket-allocator-block-size=33554432"
    "memorysetup-bucket-allocator-block-count=8"
    "memorysetup-main-allocator-block-size=16777216"
    "memorysetup-thread-allocator-block-size=16777216"
    "memorysetup-gfx-main-allocator-block-size=16777216"
    "memorysetup-gfx-thread-allocator-block-size=16777216"
    "memorysetup-cache-allocator-block-size=4194304"
    "memorysetup-typetree-allocator-block-size=2097152"
    "memorysetup-profiler-bucket-allocator-granularity=16"
    "memorysetup-profiler-bucket-allocator-bucket-count=8"
    "memorysetup-profiler-bucket-allocator-block-size=33554432"
    "memorysetup-profiler-bucket-allocator-block-count=8"
    "memorysetup-profiler-allocator-block-size=16777216"
    "memorysetup-profiler-editor-allocator-block-size=1048576"
    "memorysetup-temp-allocator-size-main=16777216"
    "memorysetup-job-temp-allocator-block-size=2097152"
    "memorysetup-job-temp-allocator-block-size-background=1048576"
    "memorysetup-job-temp-allocator-reduction-small-platforms=262144"
    "memorysetup-allocator-temp-initial-block-size-main=262144"
    "memorysetup-allocator-temp-initial-block-size-worker=262144"
    "memorysetup-temp-allocator-size-background-worker=32768"
    "memorysetup-temp-allocator-size-job-worker=262144"
    "memorysetup-temp-allocator-size-preload-manager=33554432"
    "memorysetup-temp-allocator-size-nav-mesh-worker=65536"
    "memorysetup-temp-allocator-size-audio-worker=65536"
    "memorysetup-temp-allocator-size-cloud-worker=32768"
    "memorysetup-temp-allocator-size-gi-baking-worker=262144"
    "memorysetup-temp-allocator-size-gfx=262144"
Player connection [4124] Host "[IP] 172.31.99.252 [Port] 0 [Flags] 2 [Guid] 914321258 [EditorId] 914321258 [Version] 1048832 [Id] WindowsEditor(7,NgiaDiep) [Debug] 1 [PackageName] WindowsEditor [ProjectName] Editor" joined multi-casting on [225.0.0.222:54997]...

Player connection [4124] Host "[IP] 172.31.99.252 [Port] 0 [Flags] 2 [Guid] 914321258 [EditorId] 914321258 [Version] 1048832 [Id] WindowsEditor(7,NgiaDiep) [Debug] 1 [PackageName] WindowsEditor [ProjectName] Editor" joined alternative multi-casting on [225.0.0.222:34997]...

Refreshing native plugins compatible for Editor in 20.01 ms, found 3 plugins.
Preloading 0 native plugins for Editor in 0.00 ms.
Initialize engine version: 2022.3.7f1 (b16b3b16c7a0)
[Subsystems] Discovering subsystems at path C:/Program Files/Unity/Hub/Editor/2022.3.7f1/Editor/Data/Resources/UnitySubsystems
[Subsystems] Discovering subsystems at path E:/Unity/3DProject/Assets
GfxDevice: creating device client; threaded=0; jobified=0
Direct3D:
    Version:  Direct3D 11.0 [level 11.1]
    Renderer: NVIDIA GeForce RTX 3050 Laptop GPU (ID=0x25a2)
    Vendor:   NVIDIA
    VRAM:     3964 MB
    Driver:   32.0.15.6590
Initialize mono
Mono path[0] = 'C:/Program Files/Unity/Hub/Editor/2022.3.7f1/Editor/Data/Managed'
Mono path[1] = 'C:/Program Files/Unity/Hub/Editor/2022.3.7f1/Editor/Data/MonoBleedingEdge/lib/mono/unityjit-win32'
Mono config path = 'C:/Program Files/Unity/Hub/Editor/2022.3.7f1/Editor/Data/MonoBleedingEdge/etc'
Using monoOptions --debugger-agent=transport=dt_socket,embedding=1,server=y,suspend=n,address=127.0.0.1:56416
Begin MonoManager ReloadAssembly
Registering precompiled unity dll's ...
Register platform support module: C:/Program Files/Unity/Hub/Editor/2022.3.7f1/Editor/Data/PlaybackEngines/WebGLSupport/UnityEditor.WebGL.Extensions.dll
Register platform support module: C:/Program Files/Unity/Hub/Editor/2022.3.7f1/Editor/Data/PlaybackEngines/WindowsStandaloneSupport/UnityEditor.WindowsStandalone.Extensions.dll
Registered in 0.016187 seconds.
- Loaded All Assemblies, in  0.531 seconds
Native extension for WindowsStandalone target not found
Native extension for WebGL target not found
Mono: successfully reloaded assembly
- Finished resetting the current domain, in  0.334 seconds
Domain Reload Profiling: 864ms
	BeginReloadAssembly (163ms)
		ExecutionOrderSort (0ms)
		DisableScriptedObjects (0ms)
		BackupInstance (0ms)
		ReleaseScriptingObjects (0ms)
		CreateAndSetChildDomain (1ms)
	RebuildCommonClasses (53ms)
	RebuildNativeTypeToScriptingClass (15ms)
	initialDomainReloadingComplete (107ms)
	LoadAllAssembliesAndSetupDomain (191ms)
		LoadAssemblies (160ms)
		RebuildTransferFunctionScriptingTraits (0ms)
		AnalyzeDomain (189ms)
			TypeCache.Refresh (187ms)
				TypeCache.ScanAssembly (167ms)
			ScanForSourceGeneratedMonoScriptInfo (1ms)
			ResolveRequiredComponents (1ms)
	FinalizeReload (334ms)
		ReleaseScriptCaches (0ms)
		RebuildScriptCaches (0ms)
		SetupLoadedEditorAssemblies (258ms)
			LogAssemblyErrors (0ms)
			InitializePlatformSupportModulesInManaged (12ms)
			SetLoadedEditorAssemblies (8ms)
			RefreshPlugins (0ms)
			BeforeProcessingInitializeOnLoad (3ms)
			ProcessInitializeOnLoadAttributes (168ms)
			ProcessInitializeOnLoadMethodAttributes (66ms)
			AfterProcessingInitializeOnLoad (0ms)
			EditorAssembliesLoaded (0ms)
		ExecutionOrderSort2 (0ms)
		AwakeInstancesAfterBackupRestoration (0ms)
========================================================================
Worker process is ready to serve import requests
Begin MonoManager ReloadAssembly
Symbol file LoadedFromMemory doesn't match image E:\Unity\3DProject\Library\PackageCache\com.unity.visualscripting@1.8.0\Editor\VisualScripting.Core\Dependencies\YamlDotNet\Unity.VisualScripting.YamlDotNet.dll
Symbol file LoadedFromMemory doesn't match image E:\Unity\3DProject\Library\PackageCache\com.unity.visualscripting@1.8.0\Editor\VisualScripting.Core\Dependencies\DotNetZip\Unity.VisualScripting.IonicZip.dll
- Loaded All Assemblies, in  0.904 seconds
Refreshing native plugins compatible for Editor in 3.53 ms, found 3 plugins.
Native extension for WindowsStandalone target not found
Native extension for WebGL target not found
Mono: successfully reloaded assembly
- Finished resetting the current domain, in  0.847 seconds
Domain Reload Profiling: 1752ms
	BeginReloadAssembly (203ms)
		ExecutionOrderSort (0ms)
		DisableScriptedObjects (6ms)
		BackupInstance (0ms)
		ReleaseScriptingObjects (0ms)
		CreateAndSetChildDomain (36ms)
	RebuildCommonClasses (51ms)
	RebuildNativeTypeToScriptingClass (14ms)
	initialDomainReloadingComplete (52ms)
	LoadAllAssembliesAndSetupDomain (584ms)
		LoadAssemblies (464ms)
		RebuildTransferFunctionScriptingTraits (0ms)
		AnalyzeDomain (234ms)
			TypeCache.Refresh (204ms)
				TypeCache.ScanAssembly (183ms)
			ScanForSourceGeneratedMonoScriptInfo (20ms)
			ResolveRequiredComponents (6ms)
	FinalizeReload (847ms)
		ReleaseScriptCaches (0ms)
		RebuildScriptCaches (0ms)
		SetupLoadedEditorAssemblies (657ms)
			LogAssemblyErrors (0ms)
			InitializePlatformSupportModulesInManaged (9ms)
			SetLoadedEditorAssemblies (4ms)
			RefreshPlugins (0ms)
			BeforeProcessingInitializeOnLoad (72ms)
			ProcessInitializeOnLoadAttributes (535ms)
			ProcessInitializeOnLoadMethodAttributes (27ms)
			AfterProcessingInitializeOnLoad (10ms)
			EditorAssembliesLoaded (0ms)
		ExecutionOrderSort2 (0ms)
		AwakeInstancesAfterBackupRestoration (11ms)
Launched and connected shader compiler UnityShaderCompiler.exe after 0.08 seconds
Refreshing native plugins compatible for Editor in 2.27 ms, found 3 plugins.
Preloading 0 native plugins for Editor in 0.00 ms.
Unloading 3136 Unused Serialized files (Serialized files now loaded: 0)
Unloading 29 unused Assets / (56.9 KB). Loaded Objects now: 3605.
Memory consumption went from 129.1 MB to 129.1 MB.
Total: 4.427200 ms (FindLiveObjects: 0.349100 ms CreateObjectMapping: 0.248100 ms MarkObjects: 3.653200 ms  DeleteObjects: 0.174800 ms)

AssetImportParameters requested are different than current active one (requested -> active):
  custom:container-demuxer-ogg: 62fdf1f143b41e24485cea50d1cbac27 -> 
  custom:video-codec-MediaFoundation-h265: 746d11721c4dcdbdad8f713fa42b33f4 -> 
  custom:video-decoder-ogg-theora: a1e56fd34408186e4bbccfd4996cb3dc -> 
  custom:framework-win-MediaFoundation: 216162199b28c13a410421893ffa2e32 -> 
  custom:CustomObjectIndexerAttribute: 756ad292c208cfabdd7b50bc23989ffe -> 
  custom:container-demuxer-webm: 4f35f7cbe854078d1ac9338744f61a02 -> 
  custom:container-muxer-webm: aa71ff27fc2769a1b78a27578f13a17b -> 
  custom:video-decoder-webm-vp8: 9c59270c3fd7afecdb556c50c9e8de78 -> 
  custom:SearchIndexIgnoredProperties: e643bd26f0fe6173181afceb89e7c659 -> 
  custom:AudioImporter_EditorPlatform: d09bf68614088b80899f8185d706f6e7 -> 
  custom:video-encoder-webm-vp8: eb34c28f22e8b96e1ab97ce403110664 -> 
  custom:audio-decoder-ogg-vorbis: bf7c407c2cedff20999df2af8eb42d56 -> 
  custom:audio-encoder-webm-vorbis: bf7c407c2cedff20999df2af8eb42d56 -> 
========================================================================
Received Import Request.
  Time since last request: 1559845.873767 seconds.
  path: Assets/Package/Asset/RPGPP_LT/Models/Structures/rpgpp_lt_building_01.fbx
  artifactKey: Guid(af5390e2a0373984db3740f21c0ec034) Importer(815301076,1909f56bfc062723c751e8b465ee728b)
Start importing Assets/Package/Asset/RPGPP_LT/Models/Structures/rpgpp_lt_building_01.fbx using Guid(af5390e2a0373984db3740f21c0ec034) Importer(815301076,1909f56bfc062723c751e8b465ee728b)  -> (artifact id: '16e9a9f21694effd82ab361a77026c91') in 0.182981 seconds
Number of updated asset objects reloaded before import = 0
Number of asset objects unloaded after import = 7
========================================================================
Received Import Request.
  Time since last request: 9.410561 seconds.
  path: Assets/Package/Asset/RPGPP_LT/Textures/rpgpp_lt_sky_a.tga
  artifactKey: Guid(5c4fa0e44769f8f46a06d96031e56a4e) Importer(815301076,1909f56bfc062723c751e8b465ee728b)
Start importing Assets/Package/Asset/RPGPP_LT/Textures/rpgpp_lt_sky_a.tga using Guid(5c4fa0e44769f8f46a06d96031e56a4e) Importer(815301076,1909f56bfc062723c751e8b465ee728b)  -> (artifact id: '33904d9d7527622f9a43f8edfd5650c1') in 0.037769 seconds
Number of updated asset objects reloaded before import = 0
Number of asset objects unloaded after import = 2
========================================================================
Received Import Request.
  Time since last request: 2.686263 seconds.
  path: Assets/Package/Asset/RPGPP_LT/Prefabs/Props
  artifactKey: Guid(4074df064ec1ac341a3d1ad54cefc56a) Importer(815301076,1909f56bfc062723c751e8b465ee728b)
Start importing Assets/Package/Asset/RPGPP_LT/Prefabs/Props using Guid(4074df064ec1ac341a3d1ad54cefc56a) Importer(815301076,1909f56bfc062723c751e8b465ee728b)  -> (artifact id: 'bed4381aa917e1ebb018ba3e7a3931c3') in 0.000730 seconds
Number of updated asset objects reloaded before import = 0
Number of asset objects unloaded after import = 0
========================================================================
Received Import Request.
  Time since last request: 5.053596 seconds.
  path: Assets/Package/Asset/RPGPP_LT/Prefabs/Nature/Sky
  artifactKey: Guid(a4390f396a63a0c4687d3369d614194e) Importer(815301076,1909f56bfc062723c751e8b465ee728b)
Start importing Assets/Package/Asset/RPGPP_LT/Prefabs/Nature/Sky using Guid(a4390f396a63a0c4687d3369d614194e) Importer(815301076,1909f56bfc062723c751e8b465ee728b)  -> (artifact id: '7576e3818b6cd10af14508e6cc249776') in 0.000749 seconds
Number of updated asset objects reloaded before import = 0
Number of asset objects unloaded after import = 0
========================================================================
Received Import Request.
  Time since last request: 0.066326 seconds.
  path: Assets/Package/Asset/RPGPP_LT/Prefabs/Nature/Sky/rpgpp_lt_cloud_01.prefab
  artifactKey: Guid(6fdeb1faa1b42904e9210dd047b256ba) Importer(815301076,1909f56bfc062723c751e8b465ee728b)
Start importing Assets/Package/Asset/RPGPP_LT/Prefabs/Nature/Sky/rpgpp_lt_cloud_01.prefab using Guid(6fdeb1faa1b42904e9210dd047b256ba) Importer(815301076,1909f56bfc062723c751e8b465ee728b)  -> (artifact id: '5086b5f339f8e02cdcccc047afd26ef4') in 0.024075 seconds
Number of updated asset objects reloaded before import = 0
Number of asset objects unloaded after import = 8
========================================================================
Received Import Request.
  Time since last request: 138.742586 seconds.
  path: Assets/Package/Asset/RPGPP_LT/Materials/rpgpp_lt_cloud_a.mat
  artifactKey: Guid(434bfd6528d84e643ade0d2cd5c6fe1b) Importer(815301076,1909f56bfc062723c751e8b465ee728b)
Start importing Assets/Package/Asset/RPGPP_LT/Materials/rpgpp_lt_cloud_a.mat using Guid(434bfd6528d84e643ade0d2cd5c6fe1b) Importer(815301076,1909f56bfc062723c751e8b465ee728b)  -> (artifact id: '1c4e07e2812fe31bf97a0a04a7bf0c1f') in 0.059955 seconds
Number of updated asset objects reloaded before import = 0
Number of asset objects unloaded after import = 1
========================================================================
Received Import Request.
  Time since last request: 0.000024 seconds.
  path: Assets/Package/Asset/RPGPP_LT/Materials/rpgpp_lt_sky_a.mat
  artifactKey: Guid(ff33af19770dd3e489f9c65e388009fe) Importer(815301076,1909f56bfc062723c751e8b465ee728b)
Start importing Assets/Package/Asset/RPGPP_LT/Materials/rpgpp_lt_sky_a.mat using Guid(ff33af19770dd3e489f9c65e388009fe) Importer(815301076,1909f56bfc062723c751e8b465ee728b)  -> (artifact id: '1e75748dd1dd090ac91c49ba15631de7') in 0.045840 seconds
Number of updated asset objects reloaded before import = 0
Number of asset objects unloaded after import = 2
========================================================================
Received Import Request.
  Time since last request: 62.811830 seconds.
  path: Assets/Package/UI/PNG/Green/Double/arrow_basic_e.png
  artifactKey: Guid(1e5e3f9dafefb9847ab1ac244704f3d9) Importer(815301076,1909f56bfc062723c751e8b465ee728b)
Start importing Assets/Package/UI/PNG/Green/Double/arrow_basic_e.png using Guid(1e5e3f9dafefb9847ab1ac244704f3d9) Importer(815301076,1909f56bfc062723c751e8b465ee728b)  -> (artifact id: 'd7801ef8de7e17326e928e67b8494ef0') in 0.022203 seconds
Number of updated asset objects reloaded before import = 0
Number of asset objects unloaded after import = 2
========================================================================
Received Import Request.
  Time since last request: 0.005620 seconds.
  path: Assets/Package/UI/PNG/Grey/Default/arrow_basic_e.png
  artifactKey: Guid(cf478c42f56c35146882c72824854e15) Importer(815301076,1909f56bfc062723c751e8b465ee728b)
Start importing Assets/Package/UI/PNG/Grey/Default/arrow_basic_e.png using Guid(cf478c42f56c35146882c72824854e15) Importer(815301076,1909f56bfc062723c751e8b465ee728b)  -> (artifact id: '1be26c5f10c67f5c96aa62d1cddc1657') in 0.020771 seconds
Number of updated asset objects reloaded before import = 0
Number of asset objects unloaded after import = 2
========================================================================
Received Import Request.
  Time since last request: 0.000026 seconds.
  path: Assets/Package/UI/PNG/Yellow/Default/arrow_basic_e.png
  artifactKey: Guid(ee29de53b3b883d498bdf727ace0fe72) Importer(815301076,1909f56bfc062723c751e8b465ee728b)
Start importing Assets/Package/UI/PNG/Yellow/Default/arrow_basic_e.png using Guid(ee29de53b3b883d498bdf727ace0fe72) Importer(815301076,1909f56bfc062723c751e8b465ee728b)  -> (artifact id: '417e8b64b4caaa64320ad82daaf852ec') in 0.019122 seconds
Number of updated asset objects reloaded before import = 0
Number of asset objects unloaded after import = 2
========================================================================
Received Import Request.
  Time since last request: 0.000028 seconds.
  path: Assets/Package/UI/PNG/Red/Default/arrow_basic_e.png
  artifactKey: Guid(1c46270a0e13324418bb0b29515f0b6b) Importer(815301076,1909f56bfc062723c751e8b465ee728b)
Start importing Assets/Package/UI/PNG/Red/Default/arrow_basic_e.png using Guid(1c46270a0e13324418bb0b29515f0b6b) Importer(815301076,1909f56bfc062723c751e8b465ee728b)  -> (artifact id: '4556e34eeee22ff473effe9b1b279334') in 0.022292 seconds
Number of updated asset objects reloaded before import = 0
Number of asset objects unloaded after import = 2
========================================================================
Received Import Request.
  Time since last request: 395.382270 seconds.
  path: Assets/Script
  artifactKey: Guid(b6f45b85fdd4ea541837405827a8f593) Importer(815301076,1909f56bfc062723c751e8b465ee728b)
Start importing Assets/Script using Guid(b6f45b85fdd4ea541837405827a8f593) Importer(815301076,1909f56bfc062723c751e8b465ee728b)  -> (artifact id: 'ca2efe9761ffd752c91ee67e4af5bfe7') in 0.000939 seconds
Number of updated asset objects reloaded before import = 0
Number of asset objects unloaded after import = 0
========================================================================
Received Import Request.
  Time since last request: 6.497280 seconds.
  path: Assets/Script/Cloud
  artifactKey: Guid(622cdb42bdacfe14f8d3776f7e623d3c) Importer(815301076,1909f56bfc062723c751e8b465ee728b)
Start importing Assets/Script/Cloud using Guid(622cdb42bdacfe14f8d3776f7e623d3c) Importer(815301076,1909f56bfc062723c751e8b465ee728b)  -> (artifact id: '3800412361b086eff5bcbd69dea5f67f') in 0.000606 seconds
Number of updated asset objects reloaded before import = 0
Number of asset objects unloaded after import = 0
========================================================================
Received Import Request.
  Time since last request: 12.078181 seconds.
  path: Assets/Script/Cloud/CloudMovement.cs
  artifactKey: Guid(35ad7f108a011fa4281c97a8cc063efb) Importer(815301076,1909f56bfc062723c751e8b465ee728b)
Start importing Assets/Script/Cloud/CloudMovement.cs using Guid(35ad7f108a011fa4281c97a8cc063efb) Importer(815301076,1909f56bfc062723c751e8b465ee728b)  -> (artifact id: 'bbce42ff1a0af64501e96c3bf57b8680') in 0.000613 seconds
Number of updated asset objects reloaded before import = 0
Number of asset objects unloaded after import = 0
========================================================================
Received Prepare
Begin MonoManager ReloadAssembly
Symbol file LoadedFromMemory doesn't match image E:\Unity\3DProject\Library\PackageCache\com.unity.visualscripting@1.8.0\Editor\VisualScripting.Core\Dependencies\YamlDotNet\Unity.VisualScripting.YamlDotNet.dll
Symbol file LoadedFromMemory doesn't match image E:\Unity\3DProject\Library\PackageCache\com.unity.visualscripting@1.8.0\Editor\VisualScripting.Core\Dependencies\DotNetZip\Unity.VisualScripting.IonicZip.dll
- Loaded All Assemblies, in  0.545 seconds
Refreshing native plugins compatible for Editor in 2.34 ms, found 3 plugins.
Native extension for WindowsStandalone target not found
Native extension for WebGL target not found
Mono: successfully reloaded assembly
- Finished resetting the current domain, in  1.024 seconds
Domain Reload Profiling: 1566ms
	BeginReloadAssembly (183ms)
		ExecutionOrderSort (0ms)
		DisableScriptedObjects (4ms)
		BackupInstance (0ms)
		ReleaseScriptingObjects (0ms)
		CreateAndSetChildDomain (48ms)
	RebuildCommonClasses (40ms)
	RebuildNativeTypeToScriptingClass (16ms)
	initialDomainReloadingComplete (46ms)
	LoadAllAssembliesAndSetupDomain (257ms)
		LoadAssemblies (327ms)
		RebuildTransferFunctionScriptingTraits (0ms)
		AnalyzeDomain (28ms)
			TypeCache.Refresh (9ms)
				TypeCache.ScanAssembly (0ms)
			ScanForSourceGeneratedMonoScriptInfo (11ms)
			ResolveRequiredComponents (6ms)
	FinalizeReload (1025ms)
		ReleaseScriptCaches (0ms)
		RebuildScriptCaches (0ms)
		SetupLoadedEditorAssemblies (474ms)
			LogAssemblyErrors (0ms)
			InitializePlatformSupportModulesInManaged (8ms)
			SetLoadedEditorAssemblies (3ms)
			RefreshPlugins (0ms)
			BeforeProcessingInitializeOnLoad (76ms)
			ProcessInitializeOnLoadAttributes (351ms)
			ProcessInitializeOnLoadMethodAttributes (24ms)
			AfterProcessingInitializeOnLoad (10ms)
			EditorAssembliesLoaded (0ms)
		ExecutionOrderSort2 (0ms)
		AwakeInstancesAfterBackupRestoration (11ms)
Refreshing native plugins compatible for Editor in 2.36 ms, found 3 plugins.
Preloading 0 native plugins for Editor in 0.00 ms.
Unloading 3116 Unused Serialized files (Serialized files now loaded: 0)
Unloading 19 unused Assets / (29.7 KB). Loaded Objects now: 3659.
Memory consumption went from 123.1 MB to 123.1 MB.
Total: 4.690500 ms (FindLiveObjects: 0.349600 ms CreateObjectMapping: 0.302500 ms MarkObjects: 3.957000 ms  DeleteObjects: 0.080100 ms)

Prepare: number of updated asset objects reloaded= 0
AssetImportParameters requested are different than current active one (requested -> active):
  custom:container-demuxer-ogg: 62fdf1f143b41e24485cea50d1cbac27 -> 
  custom:video-codec-MediaFoundation-h265: 746d11721c4dcdbdad8f713fa42b33f4 -> 
  custom:video-decoder-ogg-theora: a1e56fd34408186e4bbccfd4996cb3dc -> 
  custom:framework-win-MediaFoundation: 216162199b28c13a410421893ffa2e32 -> 
  custom:CustomObjectIndexerAttribute: 756ad292c208cfabdd7b50bc23989ffe -> 
  custom:container-demuxer-webm: 4f35f7cbe854078d1ac9338744f61a02 -> 
  custom:container-muxer-webm: aa71ff27fc2769a1b78a27578f13a17b -> 
  custom:video-decoder-webm-vp8: 9c59270c3fd7afecdb556c50c9e8de78 -> 
  custom:SearchIndexIgnoredProperties: e643bd26f0fe6173181afceb89e7c659 -> 
  custom:AudioImporter_EditorPlatform: d09bf68614088b80899f8185d706f6e7 -> 
  custom:video-encoder-webm-vp8: eb34c28f22e8b96e1ab97ce403110664 -> 
  custom:audio-decoder-ogg-vorbis: bf7c407c2cedff20999df2af8eb42d56 -> 
  custom:audio-encoder-webm-vorbis: bf7c407c2cedff20999df2af8eb42d56 -> 
========================================================================
Received Import Request.
  Time since last request: 9.336576 seconds.
  path: Assets/Script/Cloud/CloudMovement.cs
  artifactKey: Guid(35ad7f108a011fa4281c97a8cc063efb) Importer(815301076,1909f56bfc062723c751e8b465ee728b)
Start importing Assets/Script/Cloud/CloudMovement.cs using Guid(35ad7f108a011fa4281c97a8cc063efb) Importer(815301076,1909f56bfc062723c751e8b465ee728b)  -> (artifact id: 'ed1265877235f25e42cef36ca5d6d476') in 0.004877 seconds
Number of updated asset objects reloaded before import = 0
Number of asset objects unloaded after import = 0
========================================================================
Received Import Request.
  Time since last request: 192.668031 seconds.
  path: Assets/Package/Asset/KayKit_City_Builder_Bits_1.0_FREE/KayKit_City_Builder_Bits_1.0_FREE/Assets/obj/building_C.obj
  artifactKey: Guid(e9ba640f2e71a86458679e419cf50390) Importer(815301076,1909f56bfc062723c751e8b465ee728b)
Start importing Assets/Package/Asset/KayKit_City_Builder_Bits_1.0_FREE/KayKit_City_Builder_Bits_1.0_FREE/Assets/obj/building_C.obj using Guid(e9ba640f2e71a86458679e419cf50390) Importer(815301076,1909f56bfc062723c751e8b465ee728b)  -> (artifact id: 'e20ba86de59e292db1941ef450b888c9') in 0.233013 seconds
Number of updated asset objects reloaded before import = 0
Number of asset objects unloaded after import = 11
========================================================================
Received Import Request.
  Time since last request: 0.000035 seconds.
  path: Assets/Package/Asset/KayKit_City_Builder_Bits_1.0_FREE/KayKit_City_Builder_Bits_1.0_FREE/Assets/obj/building_E.obj
  artifactKey: Guid(93eb84bd8513c7c4784290ea36153cce) Importer(815301076,1909f56bfc062723c751e8b465ee728b)
Start importing Assets/Package/Asset/KayKit_City_Builder_Bits_1.0_FREE/KayKit_City_Builder_Bits_1.0_FREE/Assets/obj/building_E.obj using Guid(93eb84bd8513c7c4784290ea36153cce) Importer(815301076,1909f56bfc062723c751e8b465ee728b)  -> (artifact id: 'd7ec89b3d486ff6d92d5fda968c98cb3') in 0.052554 seconds
Number of updated asset objects reloaded before import = 0
Number of asset objects unloaded after import = 11
========================================================================
Received Import Request.
  Time since last request: 0.000038 seconds.
  path: Assets/Package/Asset/KayKit_City_Builder_Bits_1.0_FREE/KayKit_City_Builder_Bits_1.0_FREE/Assets/obj/building_G.obj
  artifactKey: Guid(82550039c325c4347bafac70e6180fe2) Importer(815301076,1909f56bfc062723c751e8b465ee728b)
Start importing Assets/Package/Asset/KayKit_City_Builder_Bits_1.0_FREE/KayKit_City_Builder_Bits_1.0_FREE/Assets/obj/building_G.obj using Guid(82550039c325c4347bafac70e6180fe2) Importer(815301076,1909f56bfc062723c751e8b465ee728b)  -> (artifact id: '778a7bbb42b123efe89056ad9e4d9386') in 0.053878 seconds
Number of updated asset objects reloaded before import = 0
Number of asset objects unloaded after import = 11
========================================================================
Received Import Request.
  Time since last request: 0.000021 seconds.
  path: Assets/Package/Asset/KayKit_City_Builder_Bits_1.0_FREE/KayKit_City_Builder_Bits_1.0_FREE/Assets/obj/building_F.obj
  artifactKey: Guid(c56bc7ab56907d14eb6faa62cb9b1ca5) Importer(815301076,1909f56bfc062723c751e8b465ee728b)
Start importing Assets/Package/Asset/KayKit_City_Builder_Bits_1.0_FREE/KayKit_City_Builder_Bits_1.0_FREE/Assets/obj/building_F.obj using Guid(c56bc7ab56907d14eb6faa62cb9b1ca5) Importer(815301076,1909f56bfc062723c751e8b465ee728b)  -> (artifact id: '654154cd4257fb9cf8b835e71d22c45c') in 0.052109 seconds
Number of updated asset objects reloaded before import = 0
Number of asset objects unloaded after import = 11
========================================================================
Received Import Request.
  Time since last request: 0.000024 seconds.
  path: Assets/Package/Asset/KayKit_City_Builder_Bits_1.0_FREE/KayKit_City_Builder_Bits_1.0_FREE/Assets/obj/building_D.obj
  artifactKey: Guid(a7337bba4182c6247bb06fe46f31180f) Importer(815301076,1909f56bfc062723c751e8b465ee728b)
Start importing Assets/Package/Asset/KayKit_City_Builder_Bits_1.0_FREE/KayKit_City_Builder_Bits_1.0_FREE/Assets/obj/building_D.obj using Guid(a7337bba4182c6247bb06fe46f31180f) Importer(815301076,1909f56bfc062723c751e8b465ee728b)  -> (artifact id: '5f58c80876ab955726c79f9d21a27326') in 0.052016 seconds
Number of updated asset objects reloaded before import = 0
Number of asset objects unloaded after import = 11
========================================================================
Received Import Request.
  Time since last request: 22.094887 seconds.
  path: Assets/Package/UI/PNG/Grey/Double/arrow_basic_e_small.png
  artifactKey: Guid(a763ecced716e6547a8d94aff50b1204) Importer(815301076,1909f56bfc062723c751e8b465ee728b)
Start importing Assets/Package/UI/PNG/Grey/Double/arrow_basic_e_small.png using Guid(a763ecced716e6547a8d94aff50b1204) Importer(815301076,1909f56bfc062723c751e8b465ee728b)  -> (artifact id: 'fe7c99322300b82c81353c5d8118ce3b') in 0.026131 seconds
Number of updated asset objects reloaded before import = 0
Number of asset objects unloaded after import = 2
========================================================================
Received Import Request.
  Time since last request: 0.000021 seconds.
  path: Assets/Package/UI/PNG/Grey/Double/arrow_basic_s.png
  artifactKey: Guid(03dadfb7b1d2f644a8e22a546a644ea9) Importer(815301076,1909f56bfc062723c751e8b465ee728b)
Start importing Assets/Package/UI/PNG/Grey/Double/arrow_basic_s.png using Guid(03dadfb7b1d2f644a8e22a546a644ea9) Importer(815301076,1909f56bfc062723c751e8b465ee728b)  -> (artifact id: '2916181346e55b8e30de894c9079fcd9') in 0.021827 seconds
Number of updated asset objects reloaded before import = 0
Number of asset objects unloaded after import = 2
========================================================================
Received Import Request.
  Time since last request: 0.000024 seconds.
  path: Assets/Package/UI/PNG/Grey/Double/arrow_basic_w.png
  artifactKey: Guid(bbaa122e21db49d4a82a6d188add438b) Importer(815301076,1909f56bfc062723c751e8b465ee728b)
Start importing Assets/Package/UI/PNG/Grey/Double/arrow_basic_w.png using Guid(bbaa122e21db49d4a82a6d188add438b) Importer(815301076,1909f56bfc062723c751e8b465ee728b)  -> (artifact id: '1a0b81131ae840e1935b3e3972b02507') in 0.020062 seconds
Number of updated asset objects reloaded before import = 0
Number of asset objects unloaded after import = 2
========================================================================
Received Import Request.
  Time since last request: 0.000022 seconds.
  path: Assets/Package/UI/PNG/Grey/Double/arrow_basic_w_small.png
  artifactKey: Guid(cd05856c2e1f1754bb3bb79a534a5209) Importer(815301076,1909f56bfc062723c751e8b465ee728b)
Start importing Assets/Package/UI/PNG/Grey/Double/arrow_basic_w_small.png using Guid(cd05856c2e1f1754bb3bb79a534a5209) Importer(815301076,1909f56bfc062723c751e8b465ee728b)  -> (artifact id: 'c738e5ea88dc42e216df9912e77d6bcf') in 0.020622 seconds
Number of updated asset objects reloaded before import = 0
Number of asset objects unloaded after import = 2
========================================================================
Received Import Request.
  Time since last request: 0.000049 seconds.
  path: Assets/Package/UI/PNG/Grey/Double/arrow_decorative_s.png
  artifactKey: Guid(2f5b1df5b2fd89449883f6673c7e9010) Importer(815301076,1909f56bfc062723c751e8b465ee728b)
Start importing Assets/Package/UI/PNG/Grey/Double/arrow_decorative_s.png using Guid(2f5b1df5b2fd89449883f6673c7e9010) Importer(815301076,1909f56bfc062723c751e8b465ee728b)  -> (artifact id: 'd740cfc99e76839f88b6f6decb215a9f') in 0.019402 seconds
Number of updated asset objects reloaded before import = 0
Number of asset objects unloaded after import = 2
========================================================================
Received Import Request.
  Time since last request: 0.000024 seconds.
  path: Assets/Package/UI/PNG/Grey/Double/arrow_decorative_n_small.png
  artifactKey: Guid(8b314d708755d77408c409cb2b5622d8) Importer(815301076,1909f56bfc062723c751e8b465ee728b)
Start importing Assets/Package/UI/PNG/Grey/Double/arrow_decorative_n_small.png using Guid(8b314d708755d77408c409cb2b5622d8) Importer(815301076,1909f56bfc062723c751e8b465ee728b)  -> (artifact id: '8444b72d334659eab2a251667b7f9a4e') in 0.023251 seconds
Number of updated asset objects reloaded before import = 0
Number of asset objects unloaded after import = 2
========================================================================
Received Import Request.
  Time since last request: 0.000021 seconds.
  path: Assets/Package/UI/PNG/Grey/Double/button_rectangle_depth_border.png
  artifactKey: Guid(93f1a6636ab41db4586ffc2c0bfc913b) Importer(815301076,1909f56bfc062723c751e8b465ee728b)
Start importing Assets/Package/UI/PNG/Grey/Double/button_rectangle_depth_border.png using Guid(93f1a6636ab41db4586ffc2c0bfc913b) Importer(815301076,1909f56bfc062723c751e8b465ee728b)  -> (artifact id: 'c7cbdcaa68b1c1b4cf7386223b6cb28b') in 0.026599 seconds
Number of updated asset objects reloaded before import = 0
Number of asset objects unloaded after import = 2
========================================================================
Received Import Request.
  Time since last request: 0.000021 seconds.
  path: Assets/Package/UI/PNG/Grey/Double/button_rectangle_depth_gloss.png
  artifactKey: Guid(e6cdf3d276e67824f8edb788fc04d525) Importer(815301076,1909f56bfc062723c751e8b465ee728b)
Start importing Assets/Package/UI/PNG/Grey/Double/button_rectangle_depth_gloss.png using Guid(e6cdf3d276e67824f8edb788fc04d525) Importer(815301076,1909f56bfc062723c751e8b465ee728b)  -> (artifact id: '5676e17da59aacccffec9be6808a14f7') in 0.023983 seconds
Number of updated asset objects reloaded before import = 0
Number of asset objects unloaded after import = 2
========================================================================
Received Import Request.
  Time since last request: 0.000026 seconds.
  path: Assets/Package/UI/PNG/Grey/Double/button_rectangle_border.png
  artifactKey: Guid(90d570b35712a194c98fe5b532c1e8f0) Importer(815301076,1909f56bfc062723c751e8b465ee728b)
Start importing Assets/Package/UI/PNG/Grey/Double/button_rectangle_border.png using Guid(90d570b35712a194c98fe5b532c1e8f0) Importer(815301076,1909f56bfc062723c751e8b465ee728b)  -> (artifact id: 'f9cb4830417c5cb5d6e0821167589e65') in 0.019845 seconds
Number of updated asset objects reloaded before import = 0
Number of asset objects unloaded after import = 2
========================================================================
Received Import Request.
  Time since last request: 0.000035 seconds.
  path: Assets/Package/UI/PNG/Grey/Double/button_rectangle_gradient.png
  artifactKey: Guid(e99001bfd1c2a654fa9e682120c3b10f) Importer(815301076,1909f56bfc062723c751e8b465ee728b)
Start importing Assets/Package/UI/PNG/Grey/Double/button_rectangle_gradient.png using Guid(e99001bfd1c2a654fa9e682120c3b10f) Importer(815301076,1909f56bfc062723c751e8b465ee728b)  -> (artifact id: 'd318ebdb51e0a9dda04dee86d1e29509') in 0.021765 seconds
Number of updated asset objects reloaded before import = 0
Number of asset objects unloaded after import = 2
========================================================================
Received Import Request.
  Time since last request: 0.000024 seconds.
  path: Assets/Package/UI/PNG/Grey/Double/button_round_depth_border.png
  artifactKey: Guid(b362564c5f144fe4a8af5035b1112090) Importer(815301076,1909f56bfc062723c751e8b465ee728b)
Start importing Assets/Package/UI/PNG/Grey/Double/button_round_depth_border.png using Guid(b362564c5f144fe4a8af5035b1112090) Importer(815301076,1909f56bfc062723c751e8b465ee728b)  -> (artifact id: '807aa897ca295e3e14d3da2eb92d51e7') in 0.025205 seconds
Number of updated asset objects reloaded before import = 0
Number of asset objects unloaded after import = 2
========================================================================
Received Import Request.
  Time since last request: 0.000076 seconds.
  path: Assets/Package/UI/PNG/Grey/Double/button_round_depth_gloss.png
  artifactKey: Guid(59e8877ea5b3766458c67a26c6c907ba) Importer(815301076,1909f56bfc062723c751e8b465ee728b)
Start importing Assets/Package/UI/PNG/Grey/Double/button_round_depth_gloss.png using Guid(59e8877ea5b3766458c67a26c6c907ba) Importer(815301076,1909f56bfc062723c751e8b465ee728b)  -> (artifact id: '27568ba62231506505573f585273dbb4') in 0.023136 seconds
Number of updated asset objects reloaded before import = 0
Number of asset objects unloaded after import = 2
========================================================================
Received Import Request.
  Time since last request: 0.000038 seconds.
  path: Assets/Package/UI/PNG/Grey/Double/button_round_flat.png
  artifactKey: Guid(7c637727d6f3c54428fb4b39707adbbf) Importer(815301076,1909f56bfc062723c751e8b465ee728b)
Start importing Assets/Package/UI/PNG/Grey/Double/button_round_flat.png using Guid(7c637727d6f3c54428fb4b39707adbbf) Importer(815301076,1909f56bfc062723c751e8b465ee728b)  -> (artifact id: 'a80e17cb93967e8efacd9f9c9b1674e0') in 0.022656 seconds
Number of updated asset objects reloaded before import = 0
Number of asset objects unloaded after import = 2
========================================================================
Received Import Request.
  Time since last request: 0.000024 seconds.
  path: Assets/Package/UI/PNG/Grey/Double/button_round_gradient.png
  artifactKey: Guid(215719ffb192bb942972d23b5e0b37b0) Importer(815301076,1909f56bfc062723c751e8b465ee728b)
Start importing Assets/Package/UI/PNG/Grey/Double/button_round_gradient.png using Guid(215719ffb192bb942972d23b5e0b37b0) Importer(815301076,1909f56bfc062723c751e8b465ee728b)  -> (artifact id: '7ac86830c5345e09157e45ad6a62fd14') in 0.021863 seconds
Number of updated asset objects reloaded before import = 0
Number of asset objects unloaded after import = 2
========================================================================
Received Import Request.
  Time since last request: 0.000024 seconds.
  path: Assets/Package/UI/PNG/Grey/Double/button_square_depth_flat.png
  artifactKey: Guid(27afbda3d539c3842bd56ed75ba43c62) Importer(815301076,1909f56bfc062723c751e8b465ee728b)
Start importing Assets/Package/UI/PNG/Grey/Double/button_square_depth_flat.png using Guid(27afbda3d539c3842bd56ed75ba43c62) Importer(815301076,1909f56bfc062723c751e8b465ee728b)  -> (artifact id: '0cc02ad2723925ce93f525c015f4f0fb') in 0.021114 seconds
Number of updated asset objects reloaded before import = 0
Number of asset objects unloaded after import = 2
========================================================================
Received Import Request.
  Time since last request: 0.000020 seconds.
  path: Assets/Package/UI/PNG/Grey/Double/button_square_depth_gradient.png
  artifactKey: Guid(88981722ee68596459319d6ff73bba9b) Importer(815301076,1909f56bfc062723c751e8b465ee728b)
Start importing Assets/Package/UI/PNG/Grey/Double/button_square_depth_gradient.png using Guid(88981722ee68596459319d6ff73bba9b) Importer(815301076,1909f56bfc062723c751e8b465ee728b)  -> (artifact id: '7048c52e719c30b65600fad4e5484971') in 0.022865 seconds
Number of updated asset objects reloaded before import = 0
Number of asset objects unloaded after import = 2
========================================================================
Received Import Request.
  Time since last request: 0.000025 seconds.
  path: Assets/Package/UI/PNG/Grey/Double/button_rectangle_line.png
  artifactKey: Guid(f9c221a4d8a71a3479f28869341a266f) Importer(815301076,1909f56bfc062723c751e8b465ee728b)
Start importing Assets/Package/UI/PNG/Grey/Double/button_rectangle_line.png using Guid(f9c221a4d8a71a3479f28869341a266f) Importer(815301076,1909f56bfc062723c751e8b465ee728b)  -> (artifact id: '9ebdf22ac30036a2dbbb143d9691e764') in 0.027770 seconds
Number of updated asset objects reloaded before import = 0
Number of asset objects unloaded after import = 2
========================================================================
Received Import Request.
  Time since last request: 0.000024 seconds.
  path: Assets/Package/UI/PNG/Grey/Double/button_square_border.png
  artifactKey: Guid(75b852d950baf134cb3d13eb4b4bbd41) Importer(815301076,1909f56bfc062723c751e8b465ee728b)
Start importing Assets/Package/UI/PNG/Grey/Double/button_square_border.png using Guid(75b852d950baf134cb3d13eb4b4bbd41) Importer(815301076,1909f56bfc062723c751e8b465ee728b)  -> (artifact id: '441ec5215a2ccb764a89adc939d340e8') in 0.025523 seconds
Number of updated asset objects reloaded before import = 0
Number of asset objects unloaded after import = 2
========================================================================
Received Import Request.
  Time since last request: 0.000037 seconds.
  path: Assets/Package/UI/PNG/Grey/Double/button_rectangle_gloss.png
  artifactKey: Guid(23a0fefee3f63f34196859cf73b2b836) Importer(815301076,1909f56bfc062723c751e8b465ee728b)
Start importing Assets/Package/UI/PNG/Grey/Double/button_rectangle_gloss.png using Guid(23a0fefee3f63f34196859cf73b2b836) Importer(815301076,1909f56bfc062723c751e8b465ee728b)  -> (artifact id: '97a16c6e92b282b12d9b365932a6a593') in 0.024745 seconds
Number of updated asset objects reloaded before import = 0
Number of asset objects unloaded after import = 2
========================================================================
Received Import Request.
  Time since last request: 0.000039 seconds.
  path: Assets/Package/UI/PNG/Grey/Double/button_square_depth_gloss.png
  artifactKey: Guid(2c6dcaaf46faf7b4cb76791db922f559) Importer(815301076,1909f56bfc062723c751e8b465ee728b)
Start importing Assets/Package/UI/PNG/Grey/Double/button_square_depth_gloss.png using Guid(2c6dcaaf46faf7b4cb76791db922f559) Importer(815301076,1909f56bfc062723c751e8b465ee728b)  -> (artifact id: 'f8cc9bb5d2846cfd7a7e4dcc0e43add3') in 0.028433 seconds
Number of updated asset objects reloaded before import = 0
Number of asset objects unloaded after import = 2
========================================================================
Received Import Request.
  Time since last request: 1.606258 seconds.
  path: Assets/Package/UI/PNG/Green/Double/arrow_basic_e_small.png
  artifactKey: Guid(b59c3758dc414554cb5ac9bbc1e7b906) Importer(815301076,1909f56bfc062723c751e8b465ee728b)
Start importing Assets/Package/UI/PNG/Green/Double/arrow_basic_e_small.png using Guid(b59c3758dc414554cb5ac9bbc1e7b906) Importer(815301076,1909f56bfc062723c751e8b465ee728b)  -> (artifact id: 'b173c3cce9f1b16738a8c7c1eba87c07') in 0.022402 seconds
Number of updated asset objects reloaded before import = 0
Number of asset objects unloaded after import = 2
========================================================================
Received Import Request.
  Time since last request: 0.000021 seconds.
  path: Assets/Package/UI/PNG/Green/Double/arrow_basic_n_small.png
  artifactKey: Guid(f74d83ed2c872894ca0f4bd2e971866b) Importer(815301076,1909f56bfc062723c751e8b465ee728b)
Start importing Assets/Package/UI/PNG/Green/Double/arrow_basic_n_small.png using Guid(f74d83ed2c872894ca0f4bd2e971866b) Importer(815301076,1909f56bfc062723c751e8b465ee728b)  -> (artifact id: 'cdb3101f4b280d363d669b82e22a5fe2') in 0.021477 seconds
Number of updated asset objects reloaded before import = 0
Number of asset objects unloaded after import = 2
========================================================================
Received Import Request.
  Time since last request: 0.000024 seconds.
  path: Assets/Package/UI/PNG/Green/Double/arrow_basic_w.png
  artifactKey: Guid(039ddb7fee63e7a4d8e0bf0b7cca2ef5) Importer(815301076,1909f56bfc062723c751e8b465ee728b)
Start importing Assets/Package/UI/PNG/Green/Double/arrow_basic_w.png using Guid(039ddb7fee63e7a4d8e0bf0b7cca2ef5) Importer(815301076,1909f56bfc062723c751e8b465ee728b)  -> (artifact id: 'a11b1c862959b2698b8647ec399dfc57') in 0.021458 seconds
Number of updated asset objects reloaded before import = 0
Number of asset objects unloaded after import = 2
========================================================================
Received Import Request.
  Time since last request: 0.000028 seconds.
  path: Assets/Package/UI/PNG/Green/Double/arrow_decorative_e.png
  artifactKey: Guid(c99284c4eef5f17498f276864aa93a13) Importer(815301076,1909f56bfc062723c751e8b465ee728b)
Start importing Assets/Package/UI/PNG/Green/Double/arrow_decorative_e.png using Guid(c99284c4eef5f17498f276864aa93a13) Importer(815301076,1909f56bfc062723c751e8b465ee728b)  -> (artifact id: '9bd95fcff5234095deec3fc7dca778e4') in 0.021994 seconds
Number of updated asset objects reloaded before import = 0
Number of asset objects unloaded after import = 2
========================================================================
Received Import Request.
  Time since last request: 0.000023 seconds.
  path: Assets/Package/UI/PNG/Green/Double/arrow_decorative_n_small.png
  artifactKey: Guid(e9ad844bf72263e43a6f6c9d5621b452) Importer(815301076,1909f56bfc062723c751e8b465ee728b)
Start importing Assets/Package/UI/PNG/Green/Double/arrow_decorative_n_small.png using Guid(e9ad844bf72263e43a6f6c9d5621b452) Importer(815301076,1909f56bfc062723c751e8b465ee728b)  -> (artifact id: '32077ba77bdd6b5c0bee4c6d3bae454b') in 0.024236 seconds
Number of updated asset objects reloaded before import = 0
Number of asset objects unloaded after import = 2
========================================================================
Received Import Request.
  Time since last request: 0.000026 seconds.
  path: Assets/Package/UI/PNG/Green/Double/arrow_decorative_s.png
  artifactKey: Guid(755617cdeca981d43b17c45e9a935e50) Importer(815301076,1909f56bfc062723c751e8b465ee728b)
Start importing Assets/Package/UI/PNG/Green/Double/arrow_decorative_s.png using Guid(755617cdeca981d43b17c45e9a935e50) Importer(815301076,1909f56bfc062723c751e8b465ee728b)  -> (artifact id: '7b4d05975598ba34ca4d595dd949ca31') in 0.021667 seconds
Number of updated asset objects reloaded before import = 0
Number of asset objects unloaded after import = 2
========================================================================
Received Import Request.
  Time since last request: 0.000021 seconds.
  path: Assets/Package/UI/PNG/Green/Double/button_rectangle_border.png
  artifactKey: Guid(e2153cc6697a4f14a9f488d1c95f8bdf) Importer(815301076,1909f56bfc062723c751e8b465ee728b)
Start importing Assets/Package/UI/PNG/Green/Double/button_rectangle_border.png using Guid(e2153cc6697a4f14a9f488d1c95f8bdf) Importer(815301076,1909f56bfc062723c751e8b465ee728b)  -> (artifact id: '8f6b5fcbdc2078d94f5df222ff0b9fd1') in 0.022768 seconds
Number of updated asset objects reloaded before import = 0
Number of asset objects unloaded after import = 2
========================================================================
Received Import Request.
  Time since last request: 0.000021 seconds.
  path: Assets/Package/UI/PNG/Green/Double/arrow_decorative_w_small.png
  artifactKey: Guid(4080e464cbe65a04c8c6e0837ceade39) Importer(815301076,1909f56bfc062723c751e8b465ee728b)
Start importing Assets/Package/UI/PNG/Green/Double/arrow_decorative_w_small.png using Guid(4080e464cbe65a04c8c6e0837ceade39) Importer(815301076,1909f56bfc062723c751e8b465ee728b)  -> (artifact id: '945462f7f8c34a4210ea26ce83b495fc') in 0.022506 seconds
Number of updated asset objects reloaded before import = 0
Number of asset objects unloaded after import = 2
========================================================================
Received Import Request.
  Time since last request: 0.000022 seconds.
  path: Assets/Package/UI/PNG/Green/Double/button_rectangle_flat.png
  artifactKey: Guid(0cf9b7a147ff20b4aa6b0b3f03d1917a) Importer(815301076,1909f56bfc062723c751e8b465ee728b)
Start importing Assets/Package/UI/PNG/Green/Double/button_rectangle_flat.png using Guid(0cf9b7a147ff20b4aa6b0b3f03d1917a) Importer(815301076,1909f56bfc062723c751e8b465ee728b)  -> (artifact id: 'b3e09f274022eb5658db524d957ea1f2') in 0.026526 seconds
Number of updated asset objects reloaded before import = 0
Number of asset objects unloaded after import = 2
========================================================================
Received Import Request.
  Time since last request: 0.000030 seconds.
  path: Assets/Package/UI/PNG/Green/Double/button_rectangle_line.png
  artifactKey: Guid(c0d397af8a040bf44891492cecd4a3df) Importer(815301076,1909f56bfc062723c751e8b465ee728b)
Start importing Assets/Package/UI/PNG/Green/Double/button_rectangle_line.png using Guid(c0d397af8a040bf44891492cecd4a3df) Importer(815301076,1909f56bfc062723c751e8b465ee728b)  -> (artifact id: '376bfcb5e52e5334f43e88c53e505e5c') in 0.021803 seconds
Number of updated asset objects reloaded before import = 0
Number of asset objects unloaded after import = 2
========================================================================
Received Import Request.
  Time since last request: 0.000043 seconds.
  path: Assets/Package/UI/PNG/Green/Double/button_rectangle_depth_line.png
  artifactKey: Guid(bb2cf51bd8570e748973bf14d70debec) Importer(815301076,1909f56bfc062723c751e8b465ee728b)
Start importing Assets/Package/UI/PNG/Green/Double/button_rectangle_depth_line.png using Guid(bb2cf51bd8570e748973bf14d70debec) Importer(815301076,1909f56bfc062723c751e8b465ee728b)  -> (artifact id: '6a5d9fcf0080b687d4814de9b16bf07b') in 0.021561 seconds
Number of updated asset objects reloaded before import = 0
Number of asset objects unloaded after import = 2
========================================================================
Received Import Request.
  Time since last request: 0.000023 seconds.
  path: Assets/Package/UI/PNG/Green/Double/arrow_decorative_s_small.png
  artifactKey: Guid(b0389dc2dfee5c14e99796afadb2fe4f) Importer(815301076,1909f56bfc062723c751e8b465ee728b)
Start importing Assets/Package/UI/PNG/Green/Double/arrow_decorative_s_small.png using Guid(b0389dc2dfee5c14e99796afadb2fe4f) Importer(815301076,1909f56bfc062723c751e8b465ee728b)  -> (artifact id: '9739d9c6d95404b17ba5e485d4a0beaf') in 0.024036 seconds
Number of updated asset objects reloaded before import = 0
Number of asset objects unloaded after import = 2
========================================================================
Received Import Request.
  Time since last request: 0.000026 seconds.
  path: Assets/Package/UI/PNG/Green/Double/button_round_gloss.png
  artifactKey: Guid(13d3e60475c8a764c9a843b83f5449a5) Importer(815301076,1909f56bfc062723c751e8b465ee728b)
Start importing Assets/Package/UI/PNG/Green/Double/button_round_gloss.png using Guid(13d3e60475c8a764c9a843b83f5449a5) Importer(815301076,1909f56bfc062723c751e8b465ee728b)  -> (artifact id: 'b84d4f0ceb8e51e96d28fd996d93b5cf') in 0.020808 seconds
Number of updated asset objects reloaded before import = 0
Number of asset objects unloaded after import = 2
========================================================================
Received Import Request.
  Time since last request: 0.000018 seconds.
  path: Assets/Package/UI/PNG/Green/Double/button_square_border.png
  artifactKey: Guid(ede7d472e3ec9b248afbfb2f37017986) Importer(815301076,1909f56bfc062723c751e8b465ee728b)
Start importing Assets/Package/UI/PNG/Green/Double/button_square_border.png using Guid(ede7d472e3ec9b248afbfb2f37017986) Importer(815301076,1909f56bfc062723c751e8b465ee728b)  -> (artifact id: '5f1e34e1265aab973fa32e0d62f9604f') in 0.020693 seconds
Number of updated asset objects reloaded before import = 0
Number of asset objects unloaded after import = 2
========================================================================
Received Import Request.
  Time since last request: 0.000022 seconds.
  path: Assets/Package/UI/PNG/Green/Double/button_round_flat.png
  artifactKey: Guid(e59fd310f8c440640b4511d60b4c2c9a) Importer(815301076,1909f56bfc062723c751e8b465ee728b)
Start importing Assets/Package/UI/PNG/Green/Double/button_round_flat.png using Guid(e59fd310f8c440640b4511d60b4c2c9a) Importer(815301076,1909f56bfc062723c751e8b465ee728b)  -> (artifact id: '70e3682aefef81f5e89caf52d40e874f') in 0.026894 seconds
Number of updated asset objects reloaded before import = 0
Number of asset objects unloaded after import = 2
========================================================================
Received Import Request.
  Time since last request: 0.000022 seconds.
  path: Assets/Package/UI/PNG/Green/Double/button_square_depth_gloss.png
  artifactKey: Guid(0fba277eca618f1478b59c52c51192cb) Importer(815301076,1909f56bfc062723c751e8b465ee728b)
Start importing Assets/Package/UI/PNG/Green/Double/button_square_depth_gloss.png using Guid(0fba277eca618f1478b59c52c51192cb) Importer(815301076,1909f56bfc062723c751e8b465ee728b)  -> (artifact id: '008633555da8e0e4b448dd1cf8a976e0') in 0.023556 seconds
Number of updated asset objects reloaded before import = 0
Number of asset objects unloaded after import = 2
========================================================================
Received Import Request.
  Time since last request: 0.000022 seconds.
  path: Assets/Package/UI/PNG/Green/Double/button_round_depth_gloss.png
  artifactKey: Guid(080f1d2f36660d84c81c5695ff47a001) Importer(815301076,1909f56bfc062723c751e8b465ee728b)
Start importing Assets/Package/UI/PNG/Green/Double/button_round_depth_gloss.png using Guid(080f1d2f36660d84c81c5695ff47a001) Importer(815301076,1909f56bfc062723c751e8b465ee728b)  -> (artifact id: '2e5b621dfce613b2565cc9fbdb68c41d') in 0.024824 seconds
Number of updated asset objects reloaded before import = 0
Number of asset objects unloaded after import = 2
========================================================================
Received Import Request.
  Time since last request: 0.000022 seconds.
  path: Assets/Package/UI/PNG/Green/Double/button_rectangle_gloss.png
  artifactKey: Guid(e59e517fdc5d6b141981d5c00e44faec) Importer(815301076,1909f56bfc062723c751e8b465ee728b)
Start importing Assets/Package/UI/PNG/Green/Double/button_rectangle_gloss.png using Guid(e59e517fdc5d6b141981d5c00e44faec) Importer(815301076,1909f56bfc062723c751e8b465ee728b)  -> (artifact id: '5de7e392b35b1505295243d8a161f948') in 0.024946 seconds
Number of updated asset objects reloaded before import = 0
Number of asset objects unloaded after import = 2
========================================================================
Received Import Request.
  Time since last request: 0.000026 seconds.
  path: Assets/Package/UI/PNG/Green/Double/button_square_depth_gradient.png
  artifactKey: Guid(feb49e58a40246f46a99c25b33e7acb0) Importer(815301076,1909f56bfc062723c751e8b465ee728b)
Start importing Assets/Package/UI/PNG/Green/Double/button_square_depth_gradient.png using Guid(feb49e58a40246f46a99c25b33e7acb0) Importer(815301076,1909f56bfc062723c751e8b465ee728b)  -> (artifact id: 'df2d898c932da836f8a4600604924c41') in 0.021440 seconds
Number of updated asset objects reloaded before import = 0
Number of asset objects unloaded after import = 2
========================================================================
Received Import Request.
  Time since last request: 0.000032 seconds.
  path: Assets/Package/UI/PNG/Green/Double/arrow_basic_s_small.png
  artifactKey: Guid(6a1e537fb72ff7b45a375aa7de8dddd7) Importer(815301076,1909f56bfc062723c751e8b465ee728b)
Start importing Assets/Package/UI/PNG/Green/Double/arrow_basic_s_small.png using Guid(6a1e537fb72ff7b45a375aa7de8dddd7) Importer(815301076,1909f56bfc062723c751e8b465ee728b)  -> (artifact id: 'df27b6ec96f4d0690ad1da19e407e276') in 0.022217 seconds
Number of updated asset objects reloaded before import = 0
Number of asset objects unloaded after import = 2
========================================================================
Received Import Request.
  Time since last request: 6.509483 seconds.
  path: Assets/Package/UI/PNG/Green/Double/button_square_depth_line.png
  artifactKey: Guid(d4a61cb1b3867764dad4841a013a033f) Importer(815301076,1909f56bfc062723c751e8b465ee728b)
Start importing Assets/Package/UI/PNG/Green/Double/button_square_depth_line.png using Guid(d4a61cb1b3867764dad4841a013a033f) Importer(815301076,1909f56bfc062723c751e8b465ee728b)  -> (artifact id: '70a2bf02ee8e9a19365012b1d490bcd8') in 0.024858 seconds
Number of updated asset objects reloaded before import = 0
Number of asset objects unloaded after import = 2
========================================================================
Received Import Request.
  Time since last request: 0.000022 seconds.
  path: Assets/Package/UI/PNG/Green/Double/button_square_gloss.png
  artifactKey: Guid(fb3cb3c7024451b4caa884496956d45a) Importer(815301076,1909f56bfc062723c751e8b465ee728b)
Start importing Assets/Package/UI/PNG/Green/Double/button_square_gloss.png using Guid(fb3cb3c7024451b4caa884496956d45a) Importer(815301076,1909f56bfc062723c751e8b465ee728b)  -> (artifact id: '57141a9906949d4deb9de1a84da11fa8') in 0.021477 seconds
Number of updated asset objects reloaded before import = 0
Number of asset objects unloaded after import = 2
========================================================================
Received Import Request.
  Time since last request: 0.000023 seconds.
  path: Assets/Package/UI/PNG/Green/Double/button_square_line.png
  artifactKey: Guid(3d966f2448aba49418e95e92bdda03f0) Importer(815301076,1909f56bfc062723c751e8b465ee728b)
Start importing Assets/Package/UI/PNG/Green/Double/button_square_line.png using Guid(3d966f2448aba49418e95e92bdda03f0) Importer(815301076,1909f56bfc062723c751e8b465ee728b)  -> (artifact id: 'a88ad51bb531dc2472d380b6136df5c0') in 0.021446 seconds
Number of updated asset objects reloaded before import = 0
Number of asset objects unloaded after import = 2
========================================================================
Received Import Request.
  Time since last request: 0.000022 seconds.
  path: Assets/Package/UI/PNG/Green/Double/check_round_grey.png
  artifactKey: Guid(03592d96f7ee9d64b8bb96d7b0b838c9) Importer(815301076,1909f56bfc062723c751e8b465ee728b)
Start importing Assets/Package/UI/PNG/Green/Double/check_round_grey.png using Guid(03592d96f7ee9d64b8bb96d7b0b838c9) Importer(815301076,1909f56bfc062723c751e8b465ee728b)  -> (artifact id: '3c268727bb1ecebf52dd0c5cb8ea28fd') in 0.024740 seconds
Number of updated asset objects reloaded before import = 0
Number of asset objects unloaded after import = 2
========================================================================
Received Import Request.
  Time since last request: 9.411119 seconds.
  path: Assets/Package/UI/PNG/Green/Double/button_rectangle_depth_flat.png
  artifactKey: Guid(7a6f662ad8a25ef4684eef5934ec8125) Importer(815301076,1909f56bfc062723c751e8b465ee728b)
Start importing Assets/Package/UI/PNG/Green/Double/button_rectangle_depth_flat.png using Guid(7a6f662ad8a25ef4684eef5934ec8125) Importer(815301076,1909f56bfc062723c751e8b465ee728b)  -> (artifact id: 'eb9073735f45b9b8621f75bcd49e87e3') in 0.047054 seconds
Number of updated asset objects reloaded before import = 0
Number of asset objects unloaded after import = 3
